Archive member included to satisfy reference by file (symbol)

f:/st/stm32cubeide_1.3.0/stm32cubeide/plugins/com.st.stm32cube.ide.mcu.externaltools.gnu-tools-for-stm32.9-2020-q2-update.win32_1.5.0.202011040924/tools/bin/../lib/gcc/arm-none-eabi/9.3.1/../../../../arm-none-eabi/lib/thumb/v7e-m+fp/hard\libc_nano.a(lib_a-errno.o)
                              Core/Src/syscalls.o (__errno)
f:/st/stm32cubeide_1.3.0/stm32cubeide/plugins/com.st.stm32cube.ide.mcu.externaltools.gnu-tools-for-stm32.9-2020-q2-update.win32_1.5.0.202011040924/tools/bin/../lib/gcc/arm-none-eabi/9.3.1/../../../../arm-none-eabi/lib/thumb/v7e-m+fp/hard\libc_nano.a(lib_a-exit.o)
                              f:/st/stm32cubeide_1.3.0/stm32cubeide/plugins/com.st.stm32cube.ide.mcu.externaltools.gnu-tools-for-stm32.9-2020-q2-update.win32_1.5.0.202011040924/tools/bin/../lib/gcc/arm-none-eabi/9.3.1/../../../../arm-none-eabi/lib/thumb/v7e-m+fp/hard/crt0.o (exit)
f:/st/stm32cubeide_1.3.0/stm32cubeide/plugins/com.st.stm32cube.ide.mcu.externaltools.gnu-tools-for-stm32.9-2020-q2-update.win32_1.5.0.202011040924/tools/bin/../lib/gcc/arm-none-eabi/9.3.1/../../../../arm-none-eabi/lib/thumb/v7e-m+fp/hard\libc_nano.a(lib_a-impure.o)
                              f:/st/stm32cubeide_1.3.0/stm32cubeide/plugins/com.st.stm32cube.ide.mcu.externaltools.gnu-tools-for-stm32.9-2020-q2-update.win32_1.5.0.202011040924/tools/bin/../lib/gcc/arm-none-eabi/9.3.1/../../../../arm-none-eabi/lib/thumb/v7e-m+fp/hard\libc_nano.a(lib_a-exit.o) (_global_impure_ptr)
f:/st/stm32cubeide_1.3.0/stm32cubeide/plugins/com.st.stm32cube.ide.mcu.externaltools.gnu-tools-for-stm32.9-2020-q2-update.win32_1.5.0.202011040924/tools/bin/../lib/gcc/arm-none-eabi/9.3.1/../../../../arm-none-eabi/lib/thumb/v7e-m+fp/hard\libc_nano.a(lib_a-init.o)
                              f:/st/stm32cubeide_1.3.0/stm32cubeide/plugins/com.st.stm32cube.ide.mcu.externaltools.gnu-tools-for-stm32.9-2020-q2-update.win32_1.5.0.202011040924/tools/bin/../lib/gcc/arm-none-eabi/9.3.1/../../../../arm-none-eabi/lib/thumb/v7e-m+fp/hard/crt0.o (__libc_init_array)
f:/st/stm32cubeide_1.3.0/stm32cubeide/plugins/com.st.stm32cube.ide.mcu.externaltools.gnu-tools-for-stm32.9-2020-q2-update.win32_1.5.0.202011040924/tools/bin/../lib/gcc/arm-none-eabi/9.3.1/../../../../arm-none-eabi/lib/thumb/v7e-m+fp/hard\libc_nano.a(lib_a-memcpy-stub.o)
                              Middlewares/Third_Party/FreeRTOS/Source/CMSIS_RTOS_V2/cmsis_os2.o (memcpy)
f:/st/stm32cubeide_1.3.0/stm32cubeide/plugins/com.st.stm32cube.ide.mcu.externaltools.gnu-tools-for-stm32.9-2020-q2-update.win32_1.5.0.202011040924/tools/bin/../lib/gcc/arm-none-eabi/9.3.1/../../../../arm-none-eabi/lib/thumb/v7e-m+fp/hard\libc_nano.a(lib_a-memset.o)
                              f:/st/stm32cubeide_1.3.0/stm32cubeide/plugins/com.st.stm32cube.ide.mcu.externaltools.gnu-tools-for-stm32.9-2020-q2-update.win32_1.5.0.202011040924/tools/bin/../lib/gcc/arm-none-eabi/9.3.1/../../../../arm-none-eabi/lib/thumb/v7e-m+fp/hard/crt0.o (memset)
f:/st/stm32cubeide_1.3.0/stm32cubeide/plugins/com.st.stm32cube.ide.mcu.externaltools.gnu-tools-for-stm32.9-2020-q2-update.win32_1.5.0.202011040924/tools/bin/../lib/gcc/arm-none-eabi/9.3.1/thumb/v7e-m+fp/hard\libgcc.a(_aeabi_uldivmod.o)
                              Drivers/STM32F7xx_HAL_Driver/Src/stm32f7xx_hal_rcc.o (__aeabi_uldivmod)
f:/st/stm32cubeide_1.3.0/stm32cubeide/plugins/com.st.stm32cube.ide.mcu.externaltools.gnu-tools-for-stm32.9-2020-q2-update.win32_1.5.0.202011040924/tools/bin/../lib/gcc/arm-none-eabi/9.3.1/thumb/v7e-m+fp/hard\libgcc.a(_udivmoddi4.o)
                              f:/st/stm32cubeide_1.3.0/stm32cubeide/plugins/com.st.stm32cube.ide.mcu.externaltools.gnu-tools-for-stm32.9-2020-q2-update.win32_1.5.0.202011040924/tools/bin/../lib/gcc/arm-none-eabi/9.3.1/thumb/v7e-m+fp/hard\libgcc.a(_aeabi_uldivmod.o) (__udivmoddi4)
f:/st/stm32cubeide_1.3.0/stm32cubeide/plugins/com.st.stm32cube.ide.mcu.externaltools.gnu-tools-for-stm32.9-2020-q2-update.win32_1.5.0.202011040924/tools/bin/../lib/gcc/arm-none-eabi/9.3.1/thumb/v7e-m+fp/hard\libgcc.a(_dvmd_tls.o)
                              f:/st/stm32cubeide_1.3.0/stm32cubeide/plugins/com.st.stm32cube.ide.mcu.externaltools.gnu-tools-for-stm32.9-2020-q2-update.win32_1.5.0.202011040924/tools/bin/../lib/gcc/arm-none-eabi/9.3.1/thumb/v7e-m+fp/hard\libgcc.a(_aeabi_uldivmod.o) (__aeabi_ldiv0)

Allocating common symbols
Common symbol       size              file

USERPath            0x4               FATFS/App/fatfs.o
defaultTaskHandle   0x4               Core/Src/main.o
hi2c3               0x4c              Core/Src/main.o
hspi2               0x64              Core/Src/main.o
huart3              0x84              Core/Src/main.o
hi2c1               0x4c              Core/Src/main.o
uwTick              0x4               Drivers/STM32F7xx_HAL_Driver/Src/stm32f7xx_hal.o
xQueueRegistry      0x40              Middlewares/Third_Party/FreeRTOS/Source/queue.o
[...]
Memory Configuration

Name             Origin             Length             Attributes
RAM              0x0000000020000000 0x0000000000050000 xrw
FLASH            0x0000000008000000 0x0000000000100000 xr
*default*        0x0000000000000000 0xffffffffffffffff

Linker script and memory map

LOAD f:/st/stm32cubeide_1.3.0/stm32cubeide/plugins/com.st.stm32cube.ide.mcu.externaltools.gnu-tools-for-stm32.9-2020-q2-update.win32_1.5.0.202011040924/tools/bin/../lib/gcc/arm-none-eabi/9.3.1/thumb/v7e-m+fp/hard/crti.o
LOAD f:/st/stm32cubeide_1.3.0/stm32cubeide/plugins/com.st.stm32cube.ide.mcu.externaltools.gnu-tools-for-stm32.9-2020-q2-update.win32_1.5.0.202011040924/tools/bin/../lib/gcc/arm-none-eabi/9.3.1/thumb/v7e-m+fp/hard/crtbegin.o
LOAD f:/st/stm32cubeide_1.3.0/stm32cubeide/plugins/com.st.stm32cube.ide.mcu.externaltools.gnu-tools-for-stm32.9-2020-q2-update.win32_1.5.0.202011040924/tools/bin/../lib/gcc/arm-none-eabi/9.3.1/../../../../arm-none-eabi/lib/thumb/v7e-m+fp/hard/crt0.o
LOAD Core/Src/freertos.o
LOAD Core/Src/main.o
LOAD Core/Src/stm32f7xx_hal_msp.o
LOAD Core/Src/stm32f7xx_hal_timebase_tim.o
LOAD Core/Src/stm32f7xx_it.o
LOAD Core/Src/syscalls.o
LOAD Core/Src/sysmem.o
LOAD Core/Src/system_stm32f7xx.o
LOAD Core/Startup/startup_stm32f746zgtx.o
LOAD Drivers/STM32F7xx_HAL_Driver/Src/stm32f7xx_hal.o
LOAD Drivers/STM32F7xx_HAL_Driver/Src/stm32f7xx_hal_cortex.o
LOAD Drivers/STM32F7xx_HAL_Driver/Src/stm32f7xx_hal_dcmi.o
LOAD Drivers/STM32F7xx_HAL_Driver/Src/stm32f7xx_hal_dcmi_ex.o
LOAD Drivers/STM32F7xx_HAL_Driver/Src/stm32f7xx_hal_dma.o
LOAD Drivers/STM32F7xx_HAL_Driver/Src/stm32f7xx_hal_dma_ex.o
LOAD Drivers/STM32F7xx_HAL_Driver/Src/stm32f7xx_hal_exti.o
LOAD Drivers/STM32F7xx_HAL_Driver/Src/stm32f7xx_hal_flash.o
LOAD Drivers/STM32F7xx_HAL_Driver/Src/stm32f7xx_hal_flash_ex.o
LOAD Drivers/STM32F7xx_HAL_Driver/Src/stm32f7xx_hal_gpio.o
LOAD Drivers/STM32F7xx_HAL_Driver/Src/stm32f7xx_hal_i2c.o
LOAD Drivers/STM32F7xx_HAL_Driver/Src/stm32f7xx_hal_i2c_ex.o
LOAD Drivers/STM32F7xx_HAL_Driver/Src/stm32f7xx_hal_pwr.o
LOAD Drivers/STM32F7xx_HAL_Driver/Src/stm32f7xx_hal_pwr_ex.o
LOAD Drivers/STM32F7xx_HAL_Driver/Src/stm32f7xx_hal_rcc.o
LOAD Drivers/STM32F7xx_HAL_Driver/Src/stm32f7xx_hal_rcc_ex.o
LOAD Drivers/STM32F7xx_HAL_Driver/Src/stm32f7xx_hal_sdram.o
LOAD Drivers/STM32F7xx_HAL_Driver/Src/stm32f7xx_hal_spi.o
LOAD Drivers/STM32F7xx_HAL_Driver/Src/stm32f7xx_hal_spi_ex.o
LOAD Drivers/STM32F7xx_HAL_Driver/Src/stm32f7xx_hal_tim.o
LOAD Drivers/STM32F7xx_HAL_Driver/Src/stm32f7xx_hal_tim_ex.o
LOAD Drivers/STM32F7xx_HAL_Driver/Src/stm32f7xx_hal_uart.o
LOAD Drivers/STM32F7xx_HAL_Driver/Src/stm32f7xx_hal_uart_ex.o
LOAD Drivers/STM32F7xx_HAL_Driver/Src/stm32f7xx_ll_fmc.o
LOAD FATFS/App/fatfs.o
LOAD FATFS/Target/user_diskio.o
LOAD Middlewares/Third_Party/FatFs/src/diskio.o
LOAD Middlewares/Third_Party/FatFs/src/ff.o
LOAD Middlewares/Third_Party/FatFs/src/ff_gen_drv.o
LOAD Middlewares/Third_Party/FatFs/src/option/syscall.o
LOAD Middlewares/Third_Party/FreeRTOS/Source/CMSIS_RTOS_V2/cmsis_os2.o
LOAD Middlewares/Third_Party/FreeRTOS/Source/croutine.o
LOAD Middlewares/Third_Party/FreeRTOS/Source/event_groups.o
LOAD Middlewares/Third_Party/FreeRTOS/Source/list.o
LOAD Middlewares/Third_Party/FreeRTOS/Source/queue.o
LOAD Middlewares/Third_Party/FreeRTOS/Source/stream_buffer.o
LOAD Middlewares/Third_Party/FreeRTOS/Source/tasks.o
LOAD Middlewares/Third_Party/FreeRTOS/Source/timers.o
LOAD Middlewares/Third_Party/FreeRTOS/Source/portable/GCC/ARM_CM7/r0p1/port.o
LOAD Middlewares/Third_Party/FreeRTOS/Source/portable/MemMang/heap_4.o
START GROUP
LOAD f:/st/stm32cubeide_1.3.0/stm32cubeide/plugins/com.st.stm32cube.ide.mcu.externaltools.gnu-tools-for-stm32.9-2020-q2-update.win32_1.5.0.202011040924/tools/bin/../lib/gcc/arm-none-eabi/9.3.1/../../../../arm-none-eabi/lib/thumb/v7e-m+fp/hard\libc_nano.a
LOAD f:/st/stm32cubeide_1.3.0/stm32cubeide/plugins/com.st.stm32cube.ide.mcu.externaltools.gnu-tools-for-stm32.9-2020-q2-update.win32_1.5.0.202011040924/tools/bin/../lib/gcc/arm-none-eabi/9.3.1/../../../../arm-none-eabi/lib/thumb/v7e-m+fp/hard\libm.a
END GROUP
START GROUP
LOAD f:/st/stm32cubeide_1.3.0/stm32cubeide/plugins/com.st.stm32cube.ide.mcu.externaltools.gnu-tools-for-stm32.9-2020-q2-update.win32_1.5.0.202011040924/tools/bin/../lib/gcc/arm-none-eabi/9.3.1/thumb/v7e-m+fp/hard\libgcc.a
LOAD f:/st/stm32cubeide_1.3.0/stm32cubeide/plugins/com.st.stm32cube.ide.mcu.externaltools.gnu-tools-for-stm32.9-2020-q2-update.win32_1.5.0.202011040924/tools/bin/../lib/gcc/arm-none-eabi/9.3.1/../../../../arm-none-eabi/lib/thumb/v7e-m+fp/hard\libc_nano.a
END GROUP
START GROUP
LOAD f:/st/stm32cubeide_1.3.0/stm32cubeide/plugins/com.st.stm32cube.ide.mcu.externaltools.gnu-tools-for-stm32.9-2020-q2-update.win32_1.5.0.202011040924/tools/bin/../lib/gcc/arm-none-eabi/9.3.1/thumb/v7e-m+fp/hard\libgcc.a
LOAD f:/st/stm32cubeide_1.3.0/stm32cubeide/plugins/com.st.stm32cube.ide.mcu.externaltools.gnu-tools-for-stm32.9-2020-q2-update.win32_1.5.0.202011040924/tools/bin/../lib/gcc/arm-none-eabi/9.3.1/../../../../arm-none-eabi/lib/thumb/v7e-m+fp/hard\libc_nano.a
LOAD f:/st/stm32cubeide_1.3.0/stm32cubeide/plugins/com.st.stm32cube.ide.mcu.externaltools.gnu-tools-for-stm32.9-2020-q2-update.win32_1.5.0.202011040924/tools/bin/../lib/gcc/arm-none-eabi/9.3.1/../../../../arm-none-eabi/lib/thumb/v7e-m+fp/hard\libnosys.a
END GROUP
START GROUP
LOAD f:/st/stm32cubeide_1.3.0/stm32cubeide/plugins/com.st.stm32cube.ide.mcu.externaltools.gnu-tools-for-stm32.9-2020-q2-update.win32_1.5.0.202011040924/tools/bin/../lib/gcc/arm-none-eabi/9.3.1/thumb/v7e-m+fp/hard\libgcc.a
LOAD f:/st/stm32cubeide_1.3.0/stm32cubeide/plugins/com.st.stm32cube.ide.mcu.externaltools.gnu-tools-for-stm32.9-2020-q2-update.win32_1.5.0.202011040924/tools/bin/../lib/gcc/arm-none-eabi/9.3.1/../../../../arm-none-eabi/lib/thumb/v7e-m+fp/hard\libc_nano.a
LOAD f:/st/stm32cubeide_1.3.0/stm32cubeide/plugins/com.st.stm32cube.ide.mcu.externaltools.gnu-tools-for-stm32.9-2020-q2-update.win32_1.5.0.202011040924/tools/bin/../lib/gcc/arm-none-eabi/9.3.1/../../../../arm-none-eabi/lib/thumb/v7e-m+fp/hard\libnosys.a
END GROUP
LOAD f:/st/stm32cubeide_1.3.0/stm32cubeide/plugins/com.st.stm32cube.ide.mcu.externaltools.gnu-tools-for-stm32.9-2020-q2-update.win32_1.5.0.202011040924/tools/bin/../lib/gcc/arm-none-eabi/9.3.1/thumb/v7e-m+fp/hard/crtend.o
LOAD f:/st/stm32cubeide_1.3.0/stm32cubeide/plugins/com.st.stm32cube.ide.mcu.externaltools.gnu-tools-for-stm32.9-2020-q2-update.win32_1.5.0.202011040924/tools/bin/../lib/gcc/arm-none-eabi/9.3.1/thumb/v7e-m+fp/hard/crtn.o
                0x0000000020050000                _estack = (ORIGIN (RAM) + LENGTH (RAM))
                0x0000000000002000                _Min_Heap_Size = 0x2000
                0x0000000000004000                _Min_Stack_Size = 0x4000

.isr_vector     0x0000000008000000      0x1c8
                0x0000000008000000                . = ALIGN (0x4)
 *(.isr_vector)
 .isr_vector    0x0000000008000000      0x1c8 Core/Startup/startup_stm32f746zgtx.o
                0x0000000008000000                g_pfnVectors
                0x00000000080001c8                . = ALIGN (0x4)

.text           0x00000000080001d0     0x7378
                0x00000000080001d0                . = ALIGN (0x4)
 *(.text)
 .text          0x00000000080001d0       0x40 f:/st/stm32cubeide_1.3.0/stm32cubeide/plugins/com.st.stm32cube.ide.mcu.externaltools.gnu-tools-for-stm32.9-2020-q2-update.win32_1.5.0.202011040924/tools/bin/../lib/gcc/arm-none-eabi/9.3.1/thumb/v7e-m+fp/hard/crtbegin.o
 .text          0x0000000008000210       0x30 f:/st/stm32cubeide_1.3.0/stm32cubeide/plugins/com.st.stm32cube.ide.mcu.externaltools.gnu-tools-for-stm32.9-2020-q2-update.win32_1.5.0.202011040924/tools/bin/../lib/gcc/arm-none-eabi/9.3.1/thumb/v7e-m+fp/hard\libgcc.a(_aeabi_uldivmod.o)
                0x0000000008000210                __aeabi_uldivmod
 .text          0x0000000008000240      0x2c4 f:/st/stm32cubeide_1.3.0/stm32cubeide/plugins/com.st.stm32cube.ide.mcu.externaltools.gnu-tools-for-stm32.9-2020-q2-update.win32_1.5.0.202011040924/tools/bin/../lib/gcc/arm-none-eabi/9.3.1/thumb/v7e-m+fp/hard\libgcc.a(_udivmoddi4.o)
                0x0000000008000240                __udivmoddi4
 .text          0x0000000008000504        0x4 f:/st/stm32cubeide_1.3.0/stm32cubeide/plugins/com.st.stm32cube.ide.mcu.externaltools.gnu-tools-for-stm32.9-2020-q2-update.win32_1.5.0.202011040924/tools/bin/../lib/gcc/arm-none-eabi/9.3.1/thumb/v7e-m+fp/hard\libgcc.a(_dvmd_tls.o)
                0x0000000008000504                __aeabi_idiv0
                0x0000000008000504                __aeabi_ldiv0
 *(.text*)
 .text.SCB_EnableICache
                0x0000000008000508       0x4c Core/Src/main.o
 .text.SCB_EnableDCache
                0x0000000008000554       0x88 Core/Src/main.o
 .text.main     0x00000000080005dc       0xe4 Core/Src/main.o
                0x00000000080005dc                main
 .text.SystemClock_Config
                0x00000000080006c0      0x138 Core/Src/main.o
                0x00000000080006c0                SystemClock_Config
 .text.MX_DCMI_Init
                0x00000000080007f8       0x68 Core/Src/main.o
 .text.MX_I2C1_Init
                0x0000000008000860       0x80 Core/Src/main.o
 .text.MX_I2C3_Init
                0x00000000080008e0       0x80 Core/Src/main.o
 .text.MX_SPI1_Init
                0x0000000008000960       0x7c Core/Src/main.o
 .text.MX_SPI2_Init
                0x00000000080009dc       0x7c Core/Src/main.o
 .text.MX_SPI3_Init
                0x0000000008000a58       0x7c Core/Src/main.o
 .text.MX_TIM2_Init
                0x0000000008000ad4       0x9c Core/Src/main.o
 .text.MX_USART1_UART_Init
                0x0000000008000b70       0x60 Core/Src/main.o
 .text.MX_USART2_UART_Init
                0x0000000008000bd0       0x60 Core/Src/main.o
 .text.MX_USART3_UART_Init
                0x0000000008000c30       0x60 Core/Src/main.o
 .text.MX_USB_OTG_FS_USB_Init
                0x0000000008000c90        0xe Core/Src/main.o
 *fill*         0x0000000008000c9e        0x2 
 .text.MX_FMC_Init
                0x0000000008000ca0       0x9c Core/Src/main.o
 .text.MX_GPIO_Init
                0x0000000008000d3c      0x124 Core/Src/main.o
 .text.StartDefaultTask
                0x0000000008000e60       0x10 Core/Src/main.o
                0x0000000008000e60                StartDefaultTask
 .text.StartTask02
                0x0000000008000e70       0x10 Core/Src/main.o
                0x0000000008000e70                StartTask02
 .text.StartTask03
                0x0000000008000e80       0x10 Core/Src/main.o
                0x0000000008000e80                StartTask03
 .text.StartTask04
                0x0000000008000e90       0x10 Core/Src/main.o
                0x0000000008000e90                StartTask04
 .text.StartTask05
                0x0000000008000ea0       0x10 Core/Src/main.o
                0x0000000008000ea0                StartTask05
 .text.HAL_TIM_PeriodElapsedCallback
                0x0000000008000eb0       0x24 Core/Src/main.o
                0x0000000008000eb0                HAL_TIM_PeriodElapsedCallback
 .text.Error_Handler
                0x0000000008000ed4        0xa Core/Src/main.o
                0x0000000008000ed4                Error_Handler
 *fill*         0x0000000008000ede        0x2 
 .text.HAL_MspInit
                0x0000000008000ee0       0x50 Core/Src/stm32f7xx_hal_msp.o
                0x0000000008000ee0                HAL_MspInit
 .text.HAL_DCMI_MspInit
                0x0000000008000f30      0x17c Core/Src/stm32f7xx_hal_msp.o
                0x0000000008000f30                HAL_DCMI_MspInit
 .text.HAL_I2C_MspInit
                0x00000000080010ac      0x12c Core/Src/stm32f7xx_hal_msp.o
                0x00000000080010ac                HAL_I2C_MspInit
 .text.HAL_SPI_MspInit
                0x00000000080011d8      0x1fc Core/Src/stm32f7xx_hal_msp.o
                0x00000000080011d8                HAL_SPI_MspInit
 .text.HAL_TIM_Base_MspInit
                0x00000000080013d4       0x3c Core/Src/stm32f7xx_hal_msp.o
                0x00000000080013d4                HAL_TIM_Base_MspInit
 .text.HAL_UART_MspInit
                0x0000000008001410      0x14c Core/Src/stm32f7xx_hal_msp.o
                0x0000000008001410                HAL_UART_MspInit
 .text.HAL_FMC_MspInit
                0x000000000800155c      0x100 Core/Src/stm32f7xx_hal_msp.o
 .text.HAL_SDRAM_MspInit
                0x000000000800165c       0x14 Core/Src/stm32f7xx_hal_msp.o
                0x000000000800165c                HAL_SDRAM_MspInit
 .text.HAL_InitTick
                0x0000000008001670       0xb0 Core/Src/stm32f7xx_hal_timebase_tim.o
                0x0000000008001670                HAL_InitTick
 .text.NMI_Handler
                0x0000000008001720        0x6 Core/Src/stm32f7xx_it.o
                0x0000000008001720                NMI_Handler
 .text.HardFault_Handler
                0x0000000008001726        0x6 Core/Src/stm32f7xx_it.o
                0x0000000008001726                HardFault_Handler
 .text.MemManage_Handler
                0x000000000800172c        0x6 Core/Src/stm32f7xx_it.o
                0x000000000800172c                MemManage_Handler
 .text.BusFault_Handler
                0x0000000008001732        0x6 Core/Src/stm32f7xx_it.o
                0x0000000008001732                BusFault_Handler
 .text.UsageFault_Handler
                0x0000000008001738        0x6 Core/Src/stm32f7xx_it.o
                0x0000000008001738                UsageFault_Handler
 .text.DebugMon_Handler
                0x000000000800173e        0xe Core/Src/stm32f7xx_it.o
                0x000000000800173e                DebugMon_Handler
 .text.TIM1_UP_TIM10_IRQHandler
                0x000000000800174c       0x14 Core/Src/stm32f7xx_it.o
                0x000000000800174c                TIM1_UP_TIM10_IRQHandler
 .text.SystemInit
                0x0000000008001760       0x24 Core/Src/system_stm32f7xx.o
                0x0000000008001760                SystemInit
 .text.Reset_Handler
                0x0000000008001784       0x50 Core/Startup/startup_stm32f746zgtx.o
                0x0000000008001784                Reset_Handler
 .text.Default_Handler
                0x00000000080017d4        0x2 Core/Startup/startup_stm32f746zgtx.o
                0x00000000080017d4                RTC_Alarm_IRQHandler
                0x00000000080017d4                EXTI2_IRQHandler
                0x00000000080017d4                TIM8_CC_IRQHandler
                0x00000000080017d4                UART8_IRQHandler
                0x00000000080017d4                SPI4_IRQHandler
                0x00000000080017d4                TIM1_CC_IRQHandler
                0x00000000080017d4                DMA2_Stream5_IRQHandler
                0x00000000080017d4                DMA1_Stream5_IRQHandler
                0x00000000080017d4                PVD_IRQHandler
                0x00000000080017d4                TAMP_STAMP_IRQHandler
                0x00000000080017d4                CAN2_RX1_IRQHandler
                0x00000000080017d4                EXTI3_IRQHandler
                0x00000000080017d4                TIM8_TRG_COM_TIM14_IRQHandler
                0x00000000080017d4                TIM8_UP_TIM13_IRQHandler
                0x00000000080017d4                I2C3_ER_IRQHandler
                0x00000000080017d4                EXTI0_IRQHandler
                0x00000000080017d4                I2C2_EV_IRQHandler
                0x00000000080017d4                DMA1_Stream2_IRQHandler
                0x00000000080017d4                CAN1_RX0_IRQHandler
                0x00000000080017d4                FPU_IRQHandler
                0x00000000080017d4                OTG_HS_WKUP_IRQHandler
                0x00000000080017d4                LTDC_ER_IRQHandler
                0x00000000080017d4                CAN2_SCE_IRQHandler
                0x00000000080017d4                DMA2_Stream2_IRQHandler
                0x00000000080017d4                SPI1_IRQHandler
                0x00000000080017d4                TIM6_DAC_IRQHandler
                0x00000000080017d4                TIM1_BRK_TIM9_IRQHandler
                0x00000000080017d4                DCMI_IRQHandler
                0x00000000080017d4                CAN2_RX0_IRQHandler
                0x00000000080017d4                DMA2_Stream3_IRQHandler
                0x00000000080017d4                SAI2_IRQHandler
                0x00000000080017d4                USART6_IRQHandler
                0x00000000080017d4                USART3_IRQHandler
                0x00000000080017d4                CAN1_RX1_IRQHandler
                0x00000000080017d4                UART5_IRQHandler
                0x00000000080017d4                DMA2_Stream0_IRQHandler
                0x00000000080017d4                TIM4_IRQHandler
                0x00000000080017d4                QUADSPI_IRQHandler
                0x00000000080017d4                I2C1_EV_IRQHandler
                0x00000000080017d4                DMA1_Stream6_IRQHandler
                0x00000000080017d4                DMA1_Stream1_IRQHandler
                0x00000000080017d4                UART4_IRQHandler
                0x00000000080017d4                TIM3_IRQHandler
                0x00000000080017d4                RCC_IRQHandler
                0x00000000080017d4                TIM8_BRK_TIM12_IRQHandler
                0x00000000080017d4                Default_Handler
                0x00000000080017d4                CEC_IRQHandler
                0x00000000080017d4                EXTI15_10_IRQHandler
                0x00000000080017d4                ADC_IRQHandler
                0x00000000080017d4                DMA1_Stream7_IRQHandler
                0x00000000080017d4                SPI5_IRQHandler
                0x00000000080017d4                TIM7_IRQHandler
                0x00000000080017d4                SDMMC1_IRQHandler
                0x00000000080017d4                CAN2_TX_IRQHandler
                0x00000000080017d4                TIM5_IRQHandler
                0x00000000080017d4                DMA2_Stream7_IRQHandler
                0x00000000080017d4                I2C3_EV_IRQHandler
                0x00000000080017d4                EXTI9_5_IRQHandler
                0x00000000080017d4                RTC_WKUP_IRQHandler
                0x00000000080017d4                LTDC_IRQHandler
                0x00000000080017d4                ETH_WKUP_IRQHandler
                0x00000000080017d4                SPDIF_RX_IRQHandler
                0x00000000080017d4                SPI2_IRQHandler
                0x00000000080017d4                OTG_HS_EP1_IN_IRQHandler
                0x00000000080017d4                DMA1_Stream0_IRQHandler
                0x00000000080017d4                CAN1_TX_IRQHandler
                0x00000000080017d4                EXTI4_IRQHandler
                0x00000000080017d4                RNG_IRQHandler
                0x00000000080017d4                ETH_IRQHandler
                0x00000000080017d4                OTG_HS_EP1_OUT_IRQHandler
                0x00000000080017d4                WWDG_IRQHandler
                0x00000000080017d4                SPI6_IRQHandler
                0x00000000080017d4                I2C4_EV_IRQHandler
                0x00000000080017d4                TIM2_IRQHandler
                0x00000000080017d4                OTG_FS_WKUP_IRQHandler
                0x00000000080017d4                TIM1_TRG_COM_TIM11_IRQHandler
                0x00000000080017d4                OTG_HS_IRQHandler
                0x00000000080017d4                DMA2D_IRQHandler
                0x00000000080017d4                EXTI1_IRQHandler
                0x00000000080017d4                UART7_IRQHandler
                0x00000000080017d4                USART2_IRQHandler
                0x00000000080017d4                I2C2_ER_IRQHandler
                0x00000000080017d4                DMA2_Stream1_IRQHandler
                0x00000000080017d4                CAN1_SCE_IRQHandler
                0x00000000080017d4                FLASH_IRQHandler
                0x00000000080017d4                DMA2_Stream4_IRQHandler
                0x00000000080017d4                USART1_IRQHandler
                0x00000000080017d4                OTG_FS_IRQHandler
                0x00000000080017d4                SPI3_IRQHandler
                0x00000000080017d4                DMA1_Stream4_IRQHandler
                0x00000000080017d4                I2C1_ER_IRQHandler
                0x00000000080017d4                FMC_IRQHandler
                0x00000000080017d4                LPTIM1_IRQHandler
                0x00000000080017d4                I2C4_ER_IRQHandler
                0x00000000080017d4                DMA2_Stream6_IRQHandler
                0x00000000080017d4                SAI1_IRQHandler
                0x00000000080017d4                DMA1_Stream3_IRQHandler
 .text.HAL_Init
                0x00000000080017d6       0x1a Drivers/STM32F7xx_HAL_Driver/Src/stm32f7xx_hal.o
                0x00000000080017d6                HAL_Init
 .text.HAL_IncTick
                0x00000000080017f0       0x28 Drivers/STM32F7xx_HAL_Driver/Src/stm32f7xx_hal.o
                0x00000000080017f0                HAL_IncTick
 .text.HAL_GetTick
                0x0000000008001818       0x18 Drivers/STM32F7xx_HAL_Driver/Src/stm32f7xx_hal.o
                0x0000000008001818                HAL_GetTick
 .text.__NVIC_SetPriorityGrouping
                0x0000000008001830       0x48 Drivers/STM32F7xx_HAL_Driver/Src/stm32f7xx_hal_cortex.o
 .text.__NVIC_GetPriorityGrouping
                0x0000000008001878       0x1c Drivers/STM32F7xx_HAL_Driver/Src/stm32f7xx_hal_cortex.o
 .text.__NVIC_EnableIRQ
                0x0000000008001894       0x3c Drivers/STM32F7xx_HAL_Driver/Src/stm32f7xx_hal_cortex.o
 .text.__NVIC_SetPriority
                0x00000000080018d0       0x54 Drivers/STM32F7xx_HAL_Driver/Src/stm32f7xx_hal_cortex.o
 .text.NVIC_EncodePriority
                0x0000000008001924       0x66 Drivers/STM32F7xx_HAL_Driver/Src/stm32f7xx_hal_cortex.o
 .text.HAL_NVIC_SetPriorityGrouping
                0x000000000800198a       0x16 Drivers/STM32F7xx_HAL_Driver/Src/stm32f7xx_hal_cortex.o
                0x000000000800198a                HAL_NVIC_SetPriorityGrouping
 .text.HAL_NVIC_SetPriority
                0x00000000080019a0       0x38 Drivers/STM32F7xx_HAL_Driver/Src/stm32f7xx_hal_cortex.o
                0x00000000080019a0                HAL_NVIC_SetPriority
 .text.HAL_NVIC_EnableIRQ
                0x00000000080019d8       0x1c Drivers/STM32F7xx_HAL_Driver/Src/stm32f7xx_hal_cortex.o
                0x00000000080019d8                HAL_NVIC_EnableIRQ
 .text.HAL_DCMI_Init
                0x00000000080019f4       0xf4 Drivers/STM32F7xx_HAL_Driver/Src/stm32f7xx_hal_dcmi.o
                0x00000000080019f4                HAL_DCMI_Init
 .text.HAL_GPIO_Init
                0x0000000008001ae8      0x358 Drivers/STM32F7xx_HAL_Driver/Src/stm32f7xx_hal_gpio.o
                0x0000000008001ae8                HAL_GPIO_Init
 .text.HAL_I2C_Init
                0x0000000008001e40      0x120 Drivers/STM32F7xx_HAL_Driver/Src/stm32f7xx_hal_i2c.o
                0x0000000008001e40                HAL_I2C_Init
 .text.HAL_I2CEx_ConfigAnalogFilter
                0x0000000008001f60       0x96 Drivers/STM32F7xx_HAL_Driver/Src/stm32f7xx_hal_i2c_ex.o
                0x0000000008001f60                HAL_I2CEx_ConfigAnalogFilter
 .text.HAL_I2CEx_ConfigDigitalFilter
                0x0000000008001ff6       0x98 Drivers/STM32F7xx_HAL_Driver/Src/stm32f7xx_hal_i2c_ex.o
                0x0000000008001ff6                HAL_I2CEx_ConfigDigitalFilter
 *fill*         0x000000000800208e        0x2 
 .text.HAL_PWREx_EnableOverDrive
                0x0000000008002090       0xa0 Drivers/STM32F7xx_HAL_Driver/Src/stm32f7xx_hal_pwr_ex.o
                0x0000000008002090                HAL_PWREx_EnableOverDrive
 .text.HAL_RCC_OscConfig
                0x0000000008002130      0x548 Drivers/STM32F7xx_HAL_Driver/Src/stm32f7xx_hal_rcc.o
                0x0000000008002130                HAL_RCC_OscConfig
 .text.HAL_RCC_ClockConfig
                0x0000000008002678      0x1d8 Drivers/STM32F7xx_HAL_Driver/Src/stm32f7xx_hal_rcc.o
                0x0000000008002678                HAL_RCC_ClockConfig
 .text.HAL_RCC_GetSysClockFreq
                0x0000000008002850      0x16c Drivers/STM32F7xx_HAL_Driver/Src/stm32f7xx_hal_rcc.o
                0x0000000008002850                HAL_RCC_GetSysClockFreq
 .text.HAL_RCC_GetHCLKFreq
                0x00000000080029bc       0x18 Drivers/STM32F7xx_HAL_Driver/Src/stm32f7xx_hal_rcc.o
                0x00000000080029bc                HAL_RCC_GetHCLKFreq
 .text.HAL_RCC_GetPCLK1Freq
                0x00000000080029d4       0x28 Drivers/STM32F7xx_HAL_Driver/Src/stm32f7xx_hal_rcc.o
                0x00000000080029d4                HAL_RCC_GetPCLK1Freq
 .text.HAL_RCC_GetPCLK2Freq
                0x00000000080029fc       0x28 Drivers/STM32F7xx_HAL_Driver/Src/stm32f7xx_hal_rcc.o
                0x00000000080029fc                HAL_RCC_GetPCLK2Freq
 .text.HAL_RCC_GetClockConfig
                0x0000000008002a24       0x64 Drivers/STM32F7xx_HAL_Driver/Src/stm32f7xx_hal_rcc.o
                0x0000000008002a24                HAL_RCC_GetClockConfig
 .text.HAL_RCCEx_PeriphCLKConfig
                0x0000000008002a88      0x7e0 Drivers/STM32F7xx_HAL_Driver/Src/stm32f7xx_hal_rcc_ex.o
                0x0000000008002a88                HAL_RCCEx_PeriphCLKConfig
 .text.HAL_SDRAM_Init
                0x0000000008003268       0x68 Drivers/STM32F7xx_HAL_Driver/Src/stm32f7xx_hal_sdram.o
                0x0000000008003268                HAL_SDRAM_Init
 .text.HAL_SPI_Init
                0x00000000080032d0      0x156 Drivers/STM32F7xx_HAL_Driver/Src/stm32f7xx_hal_spi.o
                0x00000000080032d0                HAL_SPI_Init
 .text.HAL_TIM_Base_Init
                0x0000000008003426       0xae Drivers/STM32F7xx_HAL_Driver/Src/stm32f7xx_hal_tim.o
                0x0000000008003426                HAL_TIM_Base_Init
 .text.HAL_TIM_Base_Start_IT
                0x00000000080034d4       0xf0 Drivers/STM32F7xx_HAL_Driver/Src/stm32f7xx_hal_tim.o
                0x00000000080034d4                HAL_TIM_Base_Start_IT
 .text.HAL_TIM_IRQHandler
                0x00000000080035c4      0x23e Drivers/STM32F7xx_HAL_Driver/Src/stm32f7xx_hal_tim.o
                0x00000000080035c4                HAL_TIM_IRQHandler
 *fill*         0x0000000008003802        0x2 
 .text.HAL_TIM_ConfigClockSource
                0x0000000008003804      0x18c Drivers/STM32F7xx_HAL_Driver/Src/stm32f7xx_hal_tim.o
                0x0000000008003804                HAL_TIM_ConfigClockSource
 .text.HAL_TIM_OC_DelayElapsedCallback
                0x0000000008003990       0x14 Drivers/STM32F7xx_HAL_Driver/Src/stm32f7xx_hal_tim.o
                0x0000000008003990                HAL_TIM_OC_DelayElapsedCallback
 .text.HAL_TIM_IC_CaptureCallback
                0x00000000080039a4       0x14 Drivers/STM32F7xx_HAL_Driver/Src/stm32f7xx_hal_tim.o
                0x00000000080039a4                HAL_TIM_IC_CaptureCallback
 .text.HAL_TIM_PWM_PulseFinishedCallback
                0x00000000080039b8       0x14 Drivers/STM32F7xx_HAL_Driver/Src/stm32f7xx_hal_tim.o
                0x00000000080039b8                HAL_TIM_PWM_PulseFinishedCallback
 .text.HAL_TIM_TriggerCallback
                0x00000000080039cc       0x14 Drivers/STM32F7xx_HAL_Driver/Src/stm32f7xx_hal_tim.o
                0x00000000080039cc                HAL_TIM_TriggerCallback
 .text.TIM_Base_SetConfig
                0x00000000080039e0      0x140 Drivers/STM32F7xx_HAL_Driver/Src/stm32f7xx_hal_tim.o
                0x00000000080039e0                TIM_Base_SetConfig
 .text.TIM_TI1_ConfigInputStage
                0x0000000008003b20       0x5e Drivers/STM32F7xx_HAL_Driver/Src/stm32f7xx_hal_tim.o
 .text.TIM_TI2_ConfigInputStage
                0x0000000008003b7e       0x60 Drivers/STM32F7xx_HAL_Driver/Src/stm32f7xx_hal_tim.o
 .text.TIM_ITRx_SetConfig
                0x0000000008003bde       0x36 Drivers/STM32F7xx_HAL_Driver/Src/stm32f7xx_hal_tim.o
 .text.TIM_ETR_SetConfig
                0x0000000008003c14       0x40 Drivers/STM32F7xx_HAL_Driver/Src/stm32f7xx_hal_tim.o
                0x0000000008003c14                TIM_ETR_SetConfig
 .text.HAL_TIMEx_MasterConfigSynchronization
                0x0000000008003c54      0x11c Drivers/STM32F7xx_HAL_Driver/Src/stm32f7xx_hal_tim_ex.o
                0x0000000008003c54                HAL_TIMEx_MasterConfigSynchronization
 .text.HAL_TIMEx_CommutCallback
                0x0000000008003d70       0x14 Drivers/STM32F7xx_HAL_Driver/Src/stm32f7xx_hal_tim_ex.o
                0x0000000008003d70                HAL_TIMEx_CommutCallback
 .text.HAL_TIMEx_BreakCallback
                0x0000000008003d84       0x14 Drivers/STM32F7xx_HAL_Driver/Src/stm32f7xx_hal_tim_ex.o
                0x0000000008003d84                HAL_TIMEx_BreakCallback
 .text.HAL_TIMEx_Break2Callback
                0x0000000008003d98       0x14 Drivers/STM32F7xx_HAL_Driver/Src/stm32f7xx_hal_tim_ex.o
                0x0000000008003d98                HAL_TIMEx_Break2Callback
 .text.HAL_UART_Init
                0x0000000008003dac       0x9c Drivers/STM32F7xx_HAL_Driver/Src/stm32f7xx_hal_uart.o
                0x0000000008003dac                HAL_UART_Init
 .text.UART_SetConfig
                0x0000000008003e48      0x4c4 Drivers/STM32F7xx_HAL_Driver/Src/stm32f7xx_hal_uart.o
                0x0000000008003e48                UART_SetConfig
 .text.UART_AdvFeatureConfig
                0x000000000800430c      0x144 Drivers/STM32F7xx_HAL_Driver/Src/stm32f7xx_hal_uart.o
                0x000000000800430c                UART_AdvFeatureConfig
 .text.UART_CheckIdleState
                0x0000000008004450       0x66 Drivers/STM32F7xx_HAL_Driver/Src/stm32f7xx_hal_uart.o
                0x0000000008004450                UART_CheckIdleState
 .text.UART_WaitOnFlagUntilTimeout
                0x00000000080044b6       0xf8 Drivers/STM32F7xx_HAL_Driver/Src/stm32f7xx_hal_uart.o
                0x00000000080044b6                UART_WaitOnFlagUntilTimeout
 *fill*         0x00000000080045ae        0x2 
 .text.FMC_SDRAM_Init
                0x00000000080045b0       0xe4 Drivers/STM32F7xx_HAL_Driver/Src/stm32f7xx_ll_fmc.o
                0x00000000080045b0                FMC_SDRAM_Init
 .text.FMC_SDRAM_Timing_Init
                0x0000000008004694      0x100 Drivers/STM32F7xx_HAL_Driver/Src/stm32f7xx_ll_fmc.o
                0x0000000008004694                FMC_SDRAM_Timing_Init
 .text.MX_FATFS_Init
                0x0000000008004794       0x24 FATFS/App/fatfs.o
                0x0000000008004794                MX_FATFS_Init
 .text.USER_initialize
                0x00000000080047b8       0x28 FATFS/Target/user_diskio.o
                0x00000000080047b8                USER_initialize
 .text.USER_status
                0x00000000080047e0       0x28 FATFS/Target/user_diskio.o
                0x00000000080047e0                USER_status
 .text.USER_read
                0x0000000008004808       0x1e FATFS/Target/user_diskio.o
                0x0000000008004808                USER_read
 .text.USER_write
                0x0000000008004826       0x1e FATFS/Target/user_diskio.o
                0x0000000008004826                USER_write
 .text.USER_ioctl
                0x0000000008004844       0x22 FATFS/Target/user_diskio.o
                0x0000000008004844                USER_ioctl
 *fill*         0x0000000008004866        0x2 
 .text.FATFS_LinkDriverEx
                0x0000000008004868       0x98 Middlewares/Third_Party/FatFs/src/ff_gen_drv.o
                0x0000000008004868                FATFS_LinkDriverEx
 .text.FATFS_LinkDriver
                0x0000000008004900       0x1e Middlewares/Third_Party/FatFs/src/ff_gen_drv.o
                0x0000000008004900                FATFS_LinkDriver
 .text.SVC_Setup
                0x000000000800491e        0xe Middlewares/Third_Party/FreeRTOS/Source/CMSIS_RTOS_V2/cmsis_os2.o
 .text.osKernelInitialize
                0x000000000800492c       0x68 Middlewares/Third_Party/FreeRTOS/Source/CMSIS_RTOS_V2/cmsis_os2.o
                0x000000000800492c                osKernelInitialize
 .text.osKernelStart
                0x0000000008004994       0x6c Middlewares/Third_Party/FreeRTOS/Source/CMSIS_RTOS_V2/cmsis_os2.o
                0x0000000008004994                osKernelStart
 .text.osThreadNew
                0x0000000008004a00      0x14c Middlewares/Third_Party/FreeRTOS/Source/CMSIS_RTOS_V2/cmsis_os2.o
                0x0000000008004a00                osThreadNew
 .text.osDelay  0x0000000008004b4c       0x5c Middlewares/Third_Party/FreeRTOS/Source/CMSIS_RTOS_V2/cmsis_os2.o
                0x0000000008004b4c                osDelay
 .text.vApplicationGetIdleTaskMemory
                0x0000000008004ba8       0x34 Middlewares/Third_Party/FreeRTOS/Source/CMSIS_RTOS_V2/cmsis_os2.o
                0x0000000008004ba8                vApplicationGetIdleTaskMemory
 .text.vApplicationGetTimerTaskMemory
                0x0000000008004bdc       0x34 Middlewares/Third_Party/FreeRTOS/Source/CMSIS_RTOS_V2/cmsis_os2.o
                0x0000000008004bdc                vApplicationGetTimerTaskMemory
 .text.vListInitialise
                0x0000000008004c10       0x40 Middlewares/Third_Party/FreeRTOS/Source/list.o
                0x0000000008004c10                vListInitialise
 .text.vListInitialiseItem
                0x0000000008004c50       0x1a Middlewares/Third_Party/FreeRTOS/Source/list.o
                0x0000000008004c50                vListInitialiseItem
 .text.vListInsertEnd
                0x0000000008004c6a       0x48 Middlewares/Third_Party/FreeRTOS/Source/list.o
                0x0000000008004c6a                vListInsertEnd
 .text.vListInsert
                0x0000000008004cb2       0x72 Middlewares/Third_Party/FreeRTOS/Source/list.o
                0x0000000008004cb2                vListInsert
 .text.uxListRemove
                0x0000000008004d24       0x54 Middlewares/Third_Party/FreeRTOS/Source/list.o
                0x0000000008004d24                uxListRemove
 .text.xQueueGenericReset
                0x0000000008004d78       0xd4 Middlewares/Third_Party/FreeRTOS/Source/queue.o
                0x0000000008004d78                xQueueGenericReset
 .text.xQueueGenericCreateStatic
                0x0000000008004e4c      0x104 Middlewares/Third_Party/FreeRTOS/Source/queue.o
                0x0000000008004e4c                xQueueGenericCreateStatic
 .text.prvInitialiseNewQueue
                0x0000000008004f50       0x46 Middlewares/Third_Party/FreeRTOS/Source/queue.o
 *fill*         0x0000000008004f96        0x2 
 .text.xQueueGenericSend
                0x0000000008004f98      0x20c Middlewares/Third_Party/FreeRTOS/Source/queue.o
                0x0000000008004f98                xQueueGenericSend
 .text.xQueueGenericSendFromISR
                0x00000000080051a4      0x140 Middlewares/Third_Party/FreeRTOS/Source/queue.o
                0x00000000080051a4                xQueueGenericSendFromISR
 .text.xQueueReceive
                0x00000000080052e4      0x1cc Middlewares/Third_Party/FreeRTOS/Source/queue.o
                0x00000000080052e4                xQueueReceive
 .text.prvCopyDataToQueue
                0x00000000080054b0       0xd4 Middlewares/Third_Party/FreeRTOS/Source/queue.o
 .text.prvCopyDataFromQueue
                0x0000000008005584       0x4c Middlewares/Third_Party/FreeRTOS/Source/queue.o
 .text.prvUnlockQueue
                0x00000000080055d0       0xa4 Middlewares/Third_Party/FreeRTOS/Source/queue.o
 .text.prvIsQueueEmpty
                0x0000000008005674       0x2c Middlewares/Third_Party/FreeRTOS/Source/queue.o
 .text.prvIsQueueFull
                0x00000000080056a0       0x30 Middlewares/Third_Party/FreeRTOS/Source/queue.o
 .text.vQueueAddToRegistry
                0x00000000080056d0       0x54 Middlewares/Third_Party/FreeRTOS/Source/queue.o
                0x00000000080056d0                vQueueAddToRegistry
 .text.vQueueWaitForMessageRestricted
                0x0000000008005724       0x68 Middlewares/Third_Party/FreeRTOS/Source/queue.o
                0x0000000008005724                vQueueWaitForMessageRestricted
 .text.xTaskCreateStatic
                0x000000000800578c       0xc6 Middlewares/Third_Party/FreeRTOS/Source/tasks.o
                0x000000000800578c                xTaskCreateStatic
 .text.xTaskCreate
                0x0000000008005852       0x8a Middlewares/Third_Party/FreeRTOS/Source/tasks.o
                0x0000000008005852                xTaskCreate
 .text.prvInitialiseNewTask
                0x00000000080058dc      0x122 Middlewares/Third_Party/FreeRTOS/Source/tasks.o
 *fill*         0x00000000080059fe        0x2 
 .text.prvAddNewTaskToReadyList
                0x0000000008005a00       0xe0 Middlewares/Third_Party/FreeRTOS/Source/tasks.o
 .text.vTaskDelay
                0x0000000008005ae0       0x6c Middlewares/Third_Party/FreeRTOS/Source/tasks.o
                0x0000000008005ae0                vTaskDelay
 .text.vTaskStartScheduler
                0x0000000008005b4c       0xd4 Middlewares/Third_Party/FreeRTOS/Source/tasks.o
                0x0000000008005b4c                vTaskStartScheduler
 .text.vTaskSuspendAll
                0x0000000008005c20       0x1c Middlewares/Third_Party/FreeRTOS/Source/tasks.o
                0x0000000008005c20                vTaskSuspendAll
 .text.xTaskResumeAll
                0x0000000008005c3c      0x140 Middlewares/Third_Party/FreeRTOS/Source/tasks.o
                0x0000000008005c3c                xTaskResumeAll
 .text.xTaskGetTickCount
                0x0000000008005d7c       0x20 Middlewares/Third_Party/FreeRTOS/Source/tasks.o
                0x0000000008005d7c                xTaskGetTickCount
 .text.xTaskIncrementTick
                0x0000000008005d9c      0x178 Middlewares/Third_Party/FreeRTOS/Source/tasks.o
                0x0000000008005d9c                xTaskIncrementTick
 .text.vTaskSwitchContext
                0x0000000008005f14       0xc0 Middlewares/Third_Party/FreeRTOS/Source/tasks.o
                0x0000000008005f14                vTaskSwitchContext
 .text.vTaskPlaceOnEventList
                0x0000000008005fd4       0x4c Middlewares/Third_Party/FreeRTOS/Source/tasks.o
                0x0000000008005fd4                vTaskPlaceOnEventList
 .text.vTaskPlaceOnEventListRestricted
                0x0000000008006020       0x5c Middlewares/Third_Party/FreeRTOS/Source/tasks.o
                0x0000000008006020                vTaskPlaceOnEventListRestricted
 .text.xTaskRemoveFromEventList
                0x000000000800607c       0xcc Middlewares/Third_Party/FreeRTOS/Source/tasks.o
                0x000000000800607c                xTaskRemoveFromEventList
 .text.vTaskInternalSetTimeOutState
                0x0000000008006148       0x2c Middlewares/Third_Party/FreeRTOS/Source/tasks.o
                0x0000000008006148                vTaskInternalSetTimeOutState
 .text.xTaskCheckForTimeOut
                0x0000000008006174       0xcc Middlewares/Third_Party/FreeRTOS/Source/tasks.o
                0x0000000008006174                xTaskCheckForTimeOut
 .text.vTaskMissedYield
                0x0000000008006240       0x18 Middlewares/Third_Party/FreeRTOS/Source/tasks.o
                0x0000000008006240                vTaskMissedYield
 .text.prvIdleTask
                0x0000000008006258       0x30 Middlewares/Third_Party/FreeRTOS/Source/tasks.o
 .text.prvInitialiseTaskLists
                0x0000000008006288       0x80 Middlewares/Third_Party/FreeRTOS/Source/tasks.o
 .text.prvCheckTasksWaitingTermination
                0x0000000008006308       0x5c Middlewares/Third_Party/FreeRTOS/Source/tasks.o
 .text.prvDeleteTCB
                0x0000000008006364       0x62 Middlewares/Third_Party/FreeRTOS/Source/tasks.o
 *fill*         0x00000000080063c6        0x2 
 .text.prvResetNextTaskUnblockTime
                0x00000000080063c8       0x40 Middlewares/Third_Party/FreeRTOS/Source/tasks.o
 .text.xTaskGetSchedulerState
                0x0000000008006408       0x3c Middlewares/Third_Party/FreeRTOS/Source/tasks.o
                0x0000000008006408                xTaskGetSchedulerState
 .text.xTaskPriorityDisinherit
                0x0000000008006444       0xe4 Middlewares/Third_Party/FreeRTOS/Source/tasks.o
                0x0000000008006444                xTaskPriorityDisinherit
 .text.prvAddCurrentTaskToDelayedList
                0x0000000008006528       0xa8 Middlewares/Third_Party/FreeRTOS/Source/tasks.o
 .text.xTimerCreateTimerTask
                0x00000000080065d0       0x94 Middlewares/Third_Party/FreeRTOS/Source/timers.o
                0x00000000080065d0                xTimerCreateTimerTask
 .text.xTimerGenericCommand
                0x0000000008006664       0xa0 Middlewares/Third_Party/FreeRTOS/Source/timers.o
                0x0000000008006664                xTimerGenericCommand
 .text.prvProcessExpiredTimer
                0x0000000008006704       0x9c Middlewares/Third_Party/FreeRTOS/Source/timers.o
 .text.prvTimerTask
                0x00000000080067a0       0x24 Middlewares/Third_Party/FreeRTOS/Source/timers.o
 .text.prvProcessTimerOrBlockTask
                0x00000000080067c4       0x9c Middlewares/Third_Party/FreeRTOS/Source/timers.o
 .text.prvGetNextExpireTime
                0x0000000008006860       0x48 Middlewares/Third_Party/FreeRTOS/Source/timers.o
 .text.prvSampleTimeNow
                0x00000000080068a8       0x40 Middlewares/Third_Party/FreeRTOS/Source/timers.o
 .text.prvInsertTimerInActiveList
                0x00000000080068e8       0x84 Middlewares/Third_Party/FreeRTOS/Source/timers.o
 .text.prvProcessReceivedCommands
                0x000000000800696c      0x1d0 Middlewares/Third_Party/FreeRTOS/Source/timers.o
 .text.prvSwitchTimerLists
                0x0000000008006b3c       0xcc Middlewares/Third_Party/FreeRTOS/Source/timers.o
 .text.prvCheckForValidListAndQueue
                0x0000000008006c08       0x80 Middlewares/Third_Party/FreeRTOS/Source/timers.o
 .text.pxPortInitialiseStack
                0x0000000008006c88       0x68 Middlewares/Third_Party/FreeRTOS/Source/portable/GCC/ARM_CM7/r0p1/port.o
                0x0000000008006c88                pxPortInitialiseStack
 .text.prvTaskExitError
                0x0000000008006cf0       0x60 Middlewares/Third_Party/FreeRTOS/Source/portable/GCC/ARM_CM7/r0p1/port.o
 .text.SVC_Handler
                0x0000000008006d50       0x28 Middlewares/Third_Party/FreeRTOS/Source/portable/GCC/ARM_CM7/r0p1/port.o
                0x0000000008006d50                SVC_Handler
 .text.prvPortStartFirstTask
                0x0000000008006d78       0x28 Middlewares/Third_Party/FreeRTOS/Source/portable/GCC/ARM_CM7/r0p1/port.o
 .text.xPortStartScheduler
                0x0000000008006da0       0xfc Middlewares/Third_Party/FreeRTOS/Source/portable/GCC/ARM_CM7/r0p1/port.o
                0x0000000008006da0                xPortStartScheduler
 .text.vPortEnterCritical
                0x0000000008006e9c       0x68 Middlewares/Third_Party/FreeRTOS/Source/portable/GCC/ARM_CM7/r0p1/port.o
                0x0000000008006e9c                vPortEnterCritical
 .text.vPortExitCritical
                0x0000000008006f04       0x58 Middlewares/Third_Party/FreeRTOS/Source/portable/GCC/ARM_CM7/r0p1/port.o
                0x0000000008006f04                vPortExitCritical
 *fill*         0x0000000008006f5c        0x4 
 .text.PendSV_Handler
                0x0000000008006f60       0x68 Middlewares/Third_Party/FreeRTOS/Source/portable/GCC/ARM_CM7/r0p1/port.o
                0x0000000008006f60                PendSV_Handler
 .text.SysTick_Handler
                0x0000000008006fc8       0x48 Middlewares/Third_Party/FreeRTOS/Source/portable/GCC/ARM_CM7/r0p1/port.o
                0x0000000008006fc8                SysTick_Handler
 .text.vPortSetupTimerInterrupt
                0x0000000008007010       0x48 Middlewares/Third_Party/FreeRTOS/Source/portable/GCC/ARM_CM7/r0p1/port.o
                0x0000000008007010                vPortSetupTimerInterrupt
 .text.vPortEnableVFP
                0x0000000008007058       0x14 Middlewares/Third_Party/FreeRTOS/Source/portable/GCC/ARM_CM7/r0p1/port.o
 .text.vPortValidateInterruptPriority
                0x000000000800706c       0x88 Middlewares/Third_Party/FreeRTOS/Source/portable/GCC/ARM_CM7/r0p1/port.o
                0x000000000800706c                vPortValidateInterruptPriority
 .text.pvPortMalloc
                0x00000000080070f4      0x194 Middlewares/Third_Party/FreeRTOS/Source/portable/MemMang/heap_4.o
                0x00000000080070f4                pvPortMalloc
 .text.vPortFree
                0x0000000008007288       0xbc Middlewares/Third_Party/FreeRTOS/Source/portable/MemMang/heap_4.o
                0x0000000008007288                vPortFree
 .text.prvHeapInit
                0x0000000008007344       0xc4 Middlewares/Third_Party/FreeRTOS/Source/portable/MemMang/heap_4.o
 .text.prvInsertBlockIntoFreeList
                0x0000000008007408       0xb4 Middlewares/Third_Party/FreeRTOS/Source/portable/MemMang/heap_4.o
 .text.__libc_init_array
                0x00000000080074bc       0x48 f:/st/stm32cubeide_1.3.0/stm32cubeide/plugins/com.st.stm32cube.ide.mcu.externaltools.gnu-tools-for-stm32.9-2020-q2-update.win32_1.5.0.202011040924/tools/bin/../lib/gcc/arm-none-eabi/9.3.1/../../../../arm-none-eabi/lib/thumb/v7e-m+fp/hard\libc_nano.a(lib_a-init.o)
                0x00000000080074bc                __libc_init_array
 .text.memcpy   0x0000000008007504       0x1c f:/st/stm32cubeide_1.3.0/stm32cubeide/plugins/com.st.stm32cube.ide.mcu.externaltools.gnu-tools-for-stm32.9-2020-q2-update.win32_1.5.0.202011040924/tools/bin/../lib/gcc/arm-none-eabi/9.3.1/../../../../arm-none-eabi/lib/thumb/v7e-m+fp/hard\libc_nano.a(lib_a-memcpy-stub.o)
                0x0000000008007504                memcpy
 .text.memset   0x0000000008007520       0x10 f:/st/stm32cubeide_1.3.0/stm32cubeide/plugins/com.st.stm32cube.ide.mcu.externaltools.gnu-tools-for-stm32.9-2020-q2-update.win32_1.5.0.202011040924/tools/bin/../lib/gcc/arm-none-eabi/9.3.1/../../../../arm-none-eabi/lib/thumb/v7e-m+fp/hard\libc_nano.a(lib_a-memset.o)
                0x0000000008007520                memset
 *(.glue_7)
 .glue_7        0x0000000008007530        0x0 linker stubs
 *(.glue_7t)
 .glue_7t       0x0000000008007530        0x0 linker stubs
 *(.eh_frame)
 .eh_frame      0x0000000008007530        0x0 f:/st/stm32cubeide_1.3.0/stm32cubeide/plugins/com.st.stm32cube.ide.mcu.externaltools.gnu-tools-for-stm32.9-2020-q2-update.win32_1.5.0.202011040924/tools/bin/../lib/gcc/arm-none-eabi/9.3.1/thumb/v7e-m+fp/hard/crtbegin.o
 *(.init)
 .init          0x0000000008007530        0x4 f:/st/stm32cubeide_1.3.0/stm32cubeide/plugins/com.st.stm32cube.ide.mcu.externaltools.gnu-tools-for-stm32.9-2020-q2-update.win32_1.5.0.202011040924/tools/bin/../lib/gcc/arm-none-eabi/9.3.1/thumb/v7e-m+fp/hard/crti.o
                0x0000000008007530                _init
 .init          0x0000000008007534        0x8 f:/st/stm32cubeide_1.3.0/stm32cubeide/plugins/com.st.stm32cube.ide.mcu.externaltools.gnu-tools-for-stm32.9-2020-q2-update.win32_1.5.0.202011040924/tools/bin/../lib/gcc/arm-none-eabi/9.3.1/thumb/v7e-m+fp/hard/crtn.o
 *(.fini)
 .fini          0x000000000800753c        0x4 f:/st/stm32cubeide_1.3.0/stm32cubeide/plugins/com.st.stm32cube.ide.mcu.externaltools.gnu-tools-for-stm32.9-2020-q2-update.win32_1.5.0.202011040924/tools/bin/../lib/gcc/arm-none-eabi/9.3.1/thumb/v7e-m+fp/hard/crti.o
                0x000000000800753c                _fini
 .fini          0x0000000008007540        0x8 f:/st/stm32cubeide_1.3.0/stm32cubeide/plugins/com.st.stm32cube.ide.mcu.externaltools.gnu-tools-for-stm32.9-2020-q2-update.win32_1.5.0.202011040924/tools/bin/../lib/gcc/arm-none-eabi/9.3.1/thumb/v7e-m+fp/hard/crtn.o
                0x0000000008007548                . = ALIGN (0x4)
                0x0000000008007548                _etext = .

.vfp11_veneer   0x0000000008007548        0x0
 .vfp11_veneer  0x0000000008007548        0x0 linker stubs

.v4_bx          0x0000000008007548        0x0
 .v4_bx         0x0000000008007548        0x0 linker stubs

.iplt           0x0000000008007548        0x0
 .iplt          0x0000000008007548        0x0 f:/st/stm32cubeide_1.3.0/stm32cubeide/plugins/com.st.stm32cube.ide.mcu.externaltools.gnu-tools-for-stm32.9-2020-q2-update.win32_1.5.0.202011040924/tools/bin/../lib/gcc/arm-none-eabi/9.3.1/thumb/v7e-m+fp/hard/crtbegin.o

.rodata         0x0000000008007548      0x120
                0x0000000008007548                . = ALIGN (0x4)
 *(.rodata)
 .rodata        0x0000000008007548       0x39 Core/Src/main.o
 *fill*         0x0000000008007581        0x3 
 .rodata        0x0000000008007584        0x5 Middlewares/Third_Party/FreeRTOS/Source/tasks.o
 *fill*         0x0000000008007589        0x3 
 .rodata        0x000000000800758c        0xd Middlewares/Third_Party/FreeRTOS/Source/timers.o
 *(.rodata*)
 *fill*         0x0000000008007599        0x3 
 .rodata.defaultTask_attributes
                0x000000000800759c       0x24 Core/Src/main.o
                0x000000000800759c                defaultTask_attributes
 .rodata.myTask02_attributes
                0x00000000080075c0       0x24 Core/Src/main.o
                0x00000000080075c0                myTask02_attributes
 .rodata.myTask03_attributes
                0x00000000080075e4       0x24 Core/Src/main.o
                0x00000000080075e4                myTask03_attributes
 .rodata.myTask04_attributes
                0x0000000008007608       0x24 Core/Src/main.o
                0x0000000008007608                myTask04_attributes
 .rodata.myTask05_attributes
                0x000000000800762c       0x24 Core/Src/main.o
                0x000000000800762c                myTask05_attributes
 .rodata.AHBPrescTable
                0x0000000008007650       0x10 Core/Src/system_stm32f7xx.o
                0x0000000008007650                AHBPrescTable
 .rodata.APBPrescTable
                0x0000000008007660        0x8 Core/Src/system_stm32f7xx.o
                0x0000000008007660                APBPrescTable
                0x0000000008007668                . = ALIGN (0x4)

.ARM.extab      0x0000000008007668        0x0
                0x0000000008007668                . = ALIGN (0x4)
 *(.ARM.extab* .gnu.linkonce.armextab.*)
                0x0000000008007668                . = ALIGN (0x4)

.ARM            0x0000000008007668        0x8
                0x0000000008007668                . = ALIGN (0x4)
                0x0000000008007668                __exidx_start = .
 *(.ARM.exidx*)
 .ARM.exidx     0x0000000008007668        0x8 f:/st/stm32cubeide_1.3.0/stm32cubeide/plugins/com.st.stm32cube.ide.mcu.externaltools.gnu-tools-for-stm32.9-2020-q2-update.win32_1.5.0.202011040924/tools/bin/../lib/gcc/arm-none-eabi/9.3.1/thumb/v7e-m+fp/hard\libgcc.a(_udivmoddi4.o)
                0x0000000008007670                __exidx_end = .
                0x0000000008007670                . = ALIGN (0x4)

.rel.dyn        0x0000000008007670        0x0
 .rel.iplt      0x0000000008007670        0x0 f:/st/stm32cubeide_1.3.0/stm32cubeide/plugins/com.st.stm32cube.ide.mcu.externaltools.gnu-tools-for-stm32.9-2020-q2-update.win32_1.5.0.202011040924/tools/bin/../lib/gcc/arm-none-eabi/9.3.1/thumb/v7e-m+fp/hard/crtbegin.o

.preinit_array  0x0000000008007670        0x0
                0x0000000008007670                . = ALIGN (0x4)
                0x0000000008007670                PROVIDE (__preinit_array_start = .)
 *(.preinit_array*)
                0x0000000008007670                PROVIDE (__preinit_array_end = .)
                0x0000000008007670                . = ALIGN (0x4)

.init_array     0x0000000008007670        0x4
                0x0000000008007670                . = ALIGN (0x4)
                0x0000000008007670                PROVIDE (__init_array_start = .)
 *(SORT_BY_NAME(.init_array.*))
 *(.init_array*)
 .init_array    0x0000000008007670        0x4 f:/st/stm32cubeide_1.3.0/stm32cubeide/plugins/com.st.stm32cube.ide.mcu.externaltools.gnu-tools-for-stm32.9-2020-q2-update.win32_1.5.0.202011040924/tools/bin/../lib/gcc/arm-none-eabi/9.3.1/thumb/v7e-m+fp/hard/crtbegin.o
                0x0000000008007674                PROVIDE (__init_array_end = .)
                0x0000000008007674                . = ALIGN (0x4)

.fini_array     0x0000000008007674        0x4
                0x0000000008007674                . = ALIGN (0x4)
                [!provide]                        PROVIDE (__fini_array_start = .)
 *(SORT_BY_NAME(.fini_array.*))
 *(.fini_array*)
 .fini_array    0x0000000008007674        0x4 f:/st/stm32cubeide_1.3.0/stm32cubeide/plugins/com.st.stm32cube.ide.mcu.externaltools.gnu-tools-for-stm32.9-2020-q2-update.win32_1.5.0.202011040924/tools/bin/../lib/gcc/arm-none-eabi/9.3.1/thumb/v7e-m+fp/hard/crtbegin.o
                [!provide]                        PROVIDE (__fini_array_end = .)
                0x0000000008007678                . = ALIGN (0x4)
                0x0000000008007678                _sidata = LOADADDR (.data)

.data           0x0000000020000000       0x24 load address 0x0000000008007678
                0x0000000020000000                . = ALIGN (0x4)
                0x0000000020000000                _sdata = .
 *(.data)
 *(.data*)
 .data.SystemCoreClock
                0x0000000020000000        0x4 Core/Src/system_stm32f7xx.o
                0x0000000020000000                SystemCoreClock
 .data.uwTickPrio
                0x0000000020000004        0x4 Drivers/STM32F7xx_HAL_Driver/Src/stm32f7xx_hal.o
                0x0000000020000004                uwTickPrio
 .data.uwTickFreq
                0x0000000020000008        0x1 Drivers/STM32F7xx_HAL_Driver/Src/stm32f7xx_hal.o
                0x0000000020000008                uwTickFreq
 .data.Stat     0x0000000020000009        0x1 FATFS/Target/user_diskio.o
 *fill*         0x000000002000000a        0x2 
 .data.USER_Driver
                0x000000002000000c       0x14 FATFS/Target/user_diskio.o
                0x000000002000000c                USER_Driver
 .data.uxCriticalNesting
                0x0000000020000020        0x4 Middlewares/Third_Party/FreeRTOS/Source/portable/GCC/ARM_CM7/r0p1/port.o
 *(.RamFunc)
 *(.RamFunc*)
                0x0000000020000024                . = ALIGN (0x4)
                0x0000000020000024                _edata = .

.igot.plt       0x0000000020000024        0x0 load address 0x000000000800769c
 .igot.plt      0x0000000020000024        0x0 f:/st/stm32cubeide_1.3.0/stm32cubeide/plugins/com.st.stm32cube.ide.mcu.externaltools.gnu-tools-for-stm32.9-2020-q2-update.win32_1.5.0.202011040924/tools/bin/../lib/gcc/arm-none-eabi/9.3.1/thumb/v7e-m+fp/hard/crtbegin.o
                0x0000000020000024                . = ALIGN (0x4)

.bss            0x0000000020000024     0x5264 load address 0x000000000800769c
                0x0000000020000024                _sbss = .
                0x0000000020000024                __bss_start__ = _sbss
 *(.bss)
 .bss           0x0000000020000024       0x1c f:/st/stm32cubeide_1.3.0/stm32cubeide/plugins/com.st.stm32cube.ide.mcu.externaltools.gnu-tools-for-stm32.9-2020-q2-update.win32_1.5.0.202011040924/tools/bin/../lib/gcc/arm-none-eabi/9.3.1/thumb/v7e-m+fp/hard/crtbegin.o
 *(.bss*)
 .bss.FMC_Initialized
                0x0000000020000040        0x4 Core/Src/stm32f7xx_hal_msp.o
 .bss.disk      0x0000000020000044        0xc Middlewares/Third_Party/FatFs/src/ff_gen_drv.o
                0x0000000020000044                disk
 .bss.KernelState
                0x0000000020000050        0x4 Middlewares/Third_Party/FreeRTOS/Source/CMSIS_RTOS_V2/cmsis_os2.o
 .bss.Idle_TCB  0x0000000020000054       0x5c Middlewares/Third_Party/FreeRTOS/Source/CMSIS_RTOS_V2/cmsis_os2.o
 .bss.Idle_Stack
                0x00000000200000b0      0x200 Middlewares/Third_Party/FreeRTOS/Source/CMSIS_RTOS_V2/cmsis_os2.o
 .bss.Timer_TCB
                0x00000000200002b0       0x5c Middlewares/Third_Party/FreeRTOS/Source/CMSIS_RTOS_V2/cmsis_os2.o
 .bss.Timer_Stack
                0x000000002000030c      0x400 Middlewares/Third_Party/FreeRTOS/Source/CMSIS_RTOS_V2/cmsis_os2.o
 .bss.pxCurrentTCB
                0x000000002000070c        0x4 Middlewares/Third_Party/FreeRTOS/Source/tasks.o
                0x000000002000070c                pxCurrentTCB
 .bss.pxReadyTasksLists
                0x0000000020000710      0x460 Middlewares/Third_Party/FreeRTOS/Source/tasks.o
 .bss.xDelayedTaskList1
                0x0000000020000b70       0x14 Middlewares/Third_Party/FreeRTOS/Source/tasks.o
 .bss.xDelayedTaskList2
                0x0000000020000b84       0x14 Middlewares/Third_Party/FreeRTOS/Source/tasks.o
 .bss.pxDelayedTaskList
                0x0000000020000b98        0x4 Middlewares/Third_Party/FreeRTOS/Source/tasks.o
 .bss.pxOverflowDelayedTaskList
                0x0000000020000b9c        0x4 Middlewares/Third_Party/FreeRTOS/Source/tasks.o
 .bss.xPendingReadyList
                0x0000000020000ba0       0x14 Middlewares/Third_Party/FreeRTOS/Source/tasks.o
 .bss.xTasksWaitingTermination
                0x0000000020000bb4       0x14 Middlewares/Third_Party/FreeRTOS/Source/tasks.o
 .bss.uxDeletedTasksWaitingCleanUp
                0x0000000020000bc8        0x4 Middlewares/Third_Party/FreeRTOS/Source/tasks.o
 .bss.xSuspendedTaskList
                0x0000000020000bcc       0x14 Middlewares/Third_Party/FreeRTOS/Source/tasks.o
 .bss.uxCurrentNumberOfTasks
                0x0000000020000be0        0x4 Middlewares/Third_Party/FreeRTOS/Source/tasks.o
 .bss.xTickCount
                0x0000000020000be4        0x4 Middlewares/Third_Party/FreeRTOS/Source/tasks.o
 .bss.uxTopReadyPriority
                0x0000000020000be8        0x4 Middlewares/Third_Party/FreeRTOS/Source/tasks.o
 .bss.xSchedulerRunning
                0x0000000020000bec        0x4 Middlewares/Third_Party/FreeRTOS/Source/tasks.o
 .bss.uxPendedTicks
                0x0000000020000bf0        0x4 Middlewares/Third_Party/FreeRTOS/Source/tasks.o
 .bss.xYieldPending
                0x0000000020000bf4        0x4 Middlewares/Third_Party/FreeRTOS/Source/tasks.o
 .bss.xNumOfOverflows
                0x0000000020000bf8        0x4 Middlewares/Third_Party/FreeRTOS/Source/tasks.o
 .bss.uxTaskNumber
                0x0000000020000bfc        0x4 Middlewares/Third_Party/FreeRTOS/Source/tasks.o
 .bss.xNextTaskUnblockTime
                0x0000000020000c00        0x4 Middlewares/Third_Party/FreeRTOS/Source/tasks.o
 .bss.xIdleTaskHandle
                0x0000000020000c04        0x4 Middlewares/Third_Party/FreeRTOS/Source/tasks.o
 .bss.uxSchedulerSuspended
                0x0000000020000c08        0x4 Middlewares/Third_Party/FreeRTOS/Source/tasks.o
 .bss.xActiveTimerList1
                0x0000000020000c0c       0x14 Middlewares/Third_Party/FreeRTOS/Source/timers.o
 .bss.xActiveTimerList2
                0x0000000020000c20       0x14 Middlewares/Third_Party/FreeRTOS/Source/timers.o
 .bss.pxCurrentTimerList
                0x0000000020000c34        0x4 Middlewares/Third_Party/FreeRTOS/Source/timers.o
 .bss.pxOverflowTimerList
                0x0000000020000c38        0x4 Middlewares/Third_Party/FreeRTOS/Source/timers.o
 .bss.xTimerQueue
                0x0000000020000c3c        0x4 Middlewares/Third_Party/FreeRTOS/Source/timers.o
 .bss.xTimerTaskHandle
                0x0000000020000c40        0x4 Middlewares/Third_Party/FreeRTOS/Source/timers.o
 .bss.xLastTime.6901
                0x0000000020000c44        0x4 Middlewares/Third_Party/FreeRTOS/Source/timers.o
 .bss.ucStaticTimerQueueStorage.6952
                0x0000000020000c48       0xa0 Middlewares/Third_Party/FreeRTOS/Source/timers.o
 .bss.xStaticTimerQueue.6951
                0x0000000020000ce8       0x50 Middlewares/Third_Party/FreeRTOS/Source/timers.o
 .bss.ucMaxSysCallPriority
                0x0000000020000d38        0x1 Middlewares/Third_Party/FreeRTOS/Source/portable/GCC/ARM_CM7/r0p1/port.o
 *fill*         0x0000000020000d39        0x3 
 .bss.ulMaxPRIGROUPValue
                0x0000000020000d3c        0x4 Middlewares/Third_Party/FreeRTOS/Source/portable/GCC/ARM_CM7/r0p1/port.o
 .bss.ucHeap    0x0000000020000d40     0x3c00 Middlewares/Third_Party/FreeRTOS/Source/portable/MemMang/heap_4.o
 .bss.xStart    0x0000000020004940        0x8 Middlewares/Third_Party/FreeRTOS/Source/portable/MemMang/heap_4.o
 .bss.pxEnd     0x0000000020004948        0x4 Middlewares/Third_Party/FreeRTOS/Source/portable/MemMang/heap_4.o
 .bss.xFreeBytesRemaining
                0x000000002000494c        0x4 Middlewares/Third_Party/FreeRTOS/Source/portable/MemMang/heap_4.o
 .bss.xMinimumEverFreeBytesRemaining
                0x0000000020004950        0x4 Middlewares/Third_Party/FreeRTOS/Source/portable/MemMang/heap_4.o
 .bss.xBlockAllocatedBit
                0x0000000020004954        0x4 Middlewares/Third_Party/FreeRTOS/Source/portable/MemMang/heap_4.o
 *(COMMON)
 COMMON         0x0000000020004958      0x434 Core/Src/main.o
                0x0000000020004958                defaultTaskHandle
                0x000000002000495c                hi2c3
                0x00000000200049a8                hspi2
                0x0000000020004a0c                huart3
                0x0000000020004a90                hi2c1
                0x0000000020004adc                myTask05Handle
                0x0000000020004ae0                myTask04Handle
                0x0000000020004ae4                hspi3
                0x0000000020004b48                hdcmi
                0x0000000020004b98                huart1
                0x0000000020004c1c                myTask02Handle
                0x0000000020004c20                myTask03Handle
                0x0000000020004c24                hspi1
                0x0000000020004c88                htim2
                0x0000000020004cd4                huart2
                0x0000000020004d58                hsdram1
 COMMON         0x0000000020004d8c       0x4c Core/Src/stm32f7xx_hal_timebase_tim.o
                0x0000000020004d8c                htim1
 COMMON         0x0000000020004dd8        0x4 Drivers/STM32F7xx_HAL_Driver/Src/stm32f7xx_hal.o
                0x0000000020004dd8                uwTick
 COMMON         0x0000000020004ddc      0x46c FATFS/App/fatfs.o
                0x0000000020004ddc                USERPath
                0x0000000020004de0                retUSER
                0x0000000020004de4                USERFile
                0x0000000020005014                USERFatFS
 COMMON         0x0000000020005248       0x40 Middlewares/Third_Party/FreeRTOS/Source/queue.o
                0x0000000020005248                xQueueRegistry
                0x0000000020005288                . = ALIGN (0x4)
                0x0000000020005288                _ebss = .
                0x0000000020005288                __bss_end__ = _ebss

._user_heap_stack
                0x0000000020005288     0x6000 load address 0x000000000800769c
                0x0000000020005288                . = ALIGN (0x8)
                [!provide]                        PROVIDE (end = .)
                0x0000000020005288                PROVIDE (_end = .)
                0x0000000020007288                . = (. + _Min_Heap_Size)
 *fill*         0x0000000020005288     0x2000 
                0x000000002000b288                . = (. + _Min_Stack_Size)
 *fill*         0x0000000020007288     0x4000 
                0x000000002000b288                . = ALIGN (0x8)

/DISCARD/
 libc.a(*)
 libm.a(*)
 libgcc.a(*)

.ARM.attributes
                0x0000000000000000       0x30
 *(.ARM.attributes)
 .ARM.attributes
                0x0000000000000000       0x1e f:/st/stm32cubeide_1.3.0/stm32cubeide/plugins/com.st.stm32cube.ide.mcu.externaltools.gnu-tools-for-stm32.9-2020-q2-update.win32_1.5.0.202011040924/tools/bin/../lib/gcc/arm-none-eabi/9.3.1/thumb/v7e-m+fp/hard/crti.o
 .ARM.attributes
                0x000000000000001e       0x34 f:/st/stm32cubeide_1.3.0/stm32cubeide/plugins/com.st.stm32cube.ide.mcu.externaltools.gnu-tools-for-stm32.9-2020-q2-update.win32_1.5.0.202011040924/tools/bin/../lib/gcc/arm-none-eabi/9.3.1/thumb/v7e-m+fp/hard/crtbegin.o
 .ARM.attributes
                0x0000000000000052       0x34 Core/Src/main.o
 .ARM.attributes
                0x0000000000000086       0x34 Core/Src/stm32f7xx_hal_msp.o
 .ARM.attributes
                0x00000000000000ba       0x34 Core/Src/stm32f7xx_hal_timebase_tim.o
 .ARM.attributes
                0x00000000000000ee       0x34 Core/Src/stm32f7xx_it.o
 .ARM.attributes
                0x0000000000000122       0x34 Core/Src/system_stm32f7xx.o
 .ARM.attributes
                0x0000000000000156       0x21 Core/Startup/startup_stm32f746zgtx.o
 .ARM.attributes
                0x0000000000000177       0x34 Drivers/STM32F7xx_HAL_Driver/Src/stm32f7xx_hal.o
 .ARM.attributes
                0x00000000000001ab       0x34 Drivers/STM32F7xx_HAL_Driver/Src/stm32f7xx_hal_cortex.o
 .ARM.attributes
                0x00000000000001df       0x34 Drivers/STM32F7xx_HAL_Driver/Src/stm32f7xx_hal_dcmi.o
 .ARM.attributes
                0x0000000000000213       0x34 Drivers/STM32F7xx_HAL_Driver/Src/stm32f7xx_hal_gpio.o
 .ARM.attributes
                0x0000000000000247       0x34 Drivers/STM32F7xx_HAL_Driver/Src/stm32f7xx_hal_i2c.o
 .ARM.attributes
                0x000000000000027b       0x34 Drivers/STM32F7xx_HAL_Driver/Src/stm32f7xx_hal_i2c_ex.o
 .ARM.attributes
                0x00000000000002af       0x34 Drivers/STM32F7xx_HAL_Driver/Src/stm32f7xx_hal_pwr_ex.o
 .ARM.attributes
                0x00000000000002e3       0x34 Drivers/STM32F7xx_HAL_Driver/Src/stm32f7xx_hal_rcc.o
 .ARM.attributes
                0x0000000000000317       0x34 Drivers/STM32F7xx_HAL_Driver/Src/stm32f7xx_hal_rcc_ex.o
 .ARM.attributes
                0x000000000000034b       0x34 Drivers/STM32F7xx_HAL_Driver/Src/stm32f7xx_hal_sdram.o
 .ARM.attributes
                0x000000000000037f       0x34 Drivers/STM32F7xx_HAL_Driver/Src/stm32f7xx_hal_spi.o
 .ARM.attributes
                0x00000000000003b3       0x34 Drivers/STM32F7xx_HAL_Driver/Src/stm32f7xx_hal_tim.o
 .ARM.attributes
                0x00000000000003e7       0x34 Drivers/STM32F7xx_HAL_Driver/Src/stm32f7xx_hal_tim_ex.o
 .ARM.attributes
                0x000000000000041b       0x34 Drivers/STM32F7xx_HAL_Driver/Src/stm32f7xx_hal_uart.o
 .ARM.attributes
                0x000000000000044f       0x34 Drivers/STM32F7xx_HAL_Driver/Src/stm32f7xx_ll_fmc.o
 .ARM.attributes
                0x0000000000000483       0x34 FATFS/App/fatfs.o
 .ARM.attributes
                0x00000000000004b7       0x34 FATFS/Target/user_diskio.o
 .ARM.attributes
                0x00000000000004eb       0x34 Middlewares/Third_Party/FatFs/src/ff_gen_drv.o
 .ARM.attributes
                0x000000000000051f       0x34 Middlewares/Third_Party/FreeRTOS/Source/CMSIS_RTOS_V2/cmsis_os2.o
 .ARM.attributes
                0x0000000000000553       0x34 Middlewares/Third_Party/FreeRTOS/Source/list.o
 .ARM.attributes
                0x0000000000000587       0x34 Middlewares/Third_Party/FreeRTOS/Source/queue.o
 .ARM.attributes
                0x00000000000005bb       0x34 Middlewares/Third_Party/FreeRTOS/Source/tasks.o
 .ARM.attributes
                0x00000000000005ef       0x34 Middlewares/Third_Party/FreeRTOS/Source/timers.o
 .ARM.attributes
                0x0000000000000623       0x34 Middlewares/Third_Party/FreeRTOS/Source/portable/GCC/ARM_CM7/r0p1/port.o
 .ARM.attributes
                0x0000000000000657       0x34 Middlewares/Third_Party/FreeRTOS/Source/portable/MemMang/heap_4.o
 .ARM.attributes
                0x000000000000068b       0x34 f:/st/stm32cubeide_1.3.0/stm32cubeide/plugins/com.st.stm32cube.ide.mcu.externaltools.gnu-tools-for-stm32.9-2020-q2-update.win32_1.5.0.202011040924/tools/bin/../lib/gcc/arm-none-eabi/9.3.1/../../../../arm-none-eabi/lib/thumb/v7e-m+fp/hard\libc_nano.a(lib_a-init.o)
 .ARM.attributes
                0x00000000000006bf       0x34 f:/st/stm32cubeide_1.3.0/stm32cubeide/plugins/com.st.stm32cube.ide.mcu.externaltools.gnu-tools-for-stm32.9-2020-q2-update.win32_1.5.0.202011040924/tools/bin/../lib/gcc/arm-none-eabi/9.3.1/../../../../arm-none-eabi/lib/thumb/v7e-m+fp/hard\libc_nano.a(lib_a-memcpy-stub.o)
 .ARM.attributes
                0x00000000000006f3       0x34 f:/st/stm32cubeide_1.3.0/stm32cubeide/plugins/com.st.stm32cube.ide.mcu.externaltools.gnu-tools-for-stm32.9-2020-q2-update.win32_1.5.0.202011040924/tools/bin/../lib/gcc/arm-none-eabi/9.3.1/../../../../arm-none-eabi/lib/thumb/v7e-m+fp/hard\libc_nano.a(lib_a-memset.o)
 .ARM.attributes
                0x0000000000000727       0x1e f:/st/stm32cubeide_1.3.0/stm32cubeide/plugins/com.st.stm32cube.ide.mcu.externaltools.gnu-tools-for-stm32.9-2020-q2-update.win32_1.5.0.202011040924/tools/bin/../lib/gcc/arm-none-eabi/9.3.1/thumb/v7e-m+fp/hard\libgcc.a(_aeabi_uldivmod.o)
 .ARM.attributes
                0x0000000000000745       0x34 f:/st/stm32cubeide_1.3.0/stm32cubeide/plugins/com.st.stm32cube.ide.mcu.externaltools.gnu-tools-for-stm32.9-2020-q2-update.win32_1.5.0.202011040924/tools/bin/../lib/gcc/arm-none-eabi/9.3.1/thumb/v7e-m+fp/hard\libgcc.a(_udivmoddi4.o)
 .ARM.attributes
                0x0000000000000779       0x1e f:/st/stm32cubeide_1.3.0/stm32cubeide/plugins/com.st.stm32cube.ide.mcu.externaltools.gnu-tools-for-stm32.9-2020-q2-update.win32_1.5.0.202011040924/tools/bin/../lib/gcc/arm-none-eabi/9.3.1/thumb/v7e-m+fp/hard\libgcc.a(_dvmd_tls.o)
 .ARM.attributes
                0x0000000000000797       0x1e f:/st/stm32cubeide_1.3.0/stm32cubeide/plugins/com.st.stm32cube.ide.mcu.externaltools.gnu-tools-for-stm32.9-2020-q2-update.win32_1.5.0.202011040924/tools/bin/../lib/gcc/arm-none-eabi/9.3.1/thumb/v7e-m+fp/hard/crtn.o
OUTPUT(DevBoard.elf elf32-littlearm)
LOAD linker stubs
LOAD f:/st/stm32cubeide_1.3.0/stm32cubeide/plugins/com.st.stm32cube.ide.mcu.externaltools.gnu-tools-for-stm32.9-2020-q2-update.win32_1.5.0.202011040924/tools/bin/../lib/gcc/arm-none-eabi/9.3.1/../../../../arm-none-eabi/lib/thumb/v7e-m+fp/hard\libc.a
LOAD f:/st/stm32cubeide_1.3.0/stm32cubeide/plugins/com.st.stm32cube.ide.mcu.externaltools.gnu-tools-for-stm32.9-2020-q2-update.win32_1.5.0.202011040924/tools/bin/../lib/gcc/arm-none-eabi/9.3.1/../../../../arm-none-eabi/lib/thumb/v7e-m+fp/hard\libm.a
LOAD f:/st/stm32cubeide_1.3.0/stm32cubeide/plugins/com.st.stm32cube.ide.mcu.externaltools.gnu-tools-for-stm32.9-2020-q2-update.win32_1.5.0.202011040924/tools/bin/../lib/gcc/arm-none-eabi/9.3.1/thumb/v7e-m+fp/hard\libgcc.a

.debug_info     0x0000000000000000    0x249cf
 .debug_info    0x0000000000000000     0x2c4d Core/Src/main.o
 .debug_info    0x0000000000002c4d     0x2034 Core/Src/stm32f7xx_hal_msp.o
 .debug_info    0x0000000000004c81      0xd41 Core/Src/stm32f7xx_hal_timebase_tim.o
 .debug_info    0x00000000000059c2      0x816 Core/Src/stm32f7xx_it.o
 .debug_info    0x00000000000061d8      0x7ad Core/Src/system_stm32f7xx.o
 .debug_info    0x0000000000006985       0x22 Core/Startup/startup_stm32f746zgtx.o
 .debug_info    0x00000000000069a7      0xa42 Drivers/STM32F7xx_HAL_Driver/Src/stm32f7xx_hal.o
 .debug_info    0x00000000000073e9     0x1116 Drivers/STM32F7xx_HAL_Driver/Src/stm32f7xx_hal_cortex.o
 .debug_info    0x00000000000084ff      0xbb0 Drivers/STM32F7xx_HAL_Driver/Src/stm32f7xx_hal_dcmi.o
 .debug_info    0x00000000000090af      0x868 Drivers/STM32F7xx_HAL_Driver/Src/stm32f7xx_hal_gpio.o
 .debug_info    0x0000000000009917     0x221e Drivers/STM32F7xx_HAL_Driver/Src/stm32f7xx_hal_i2c.o
 .debug_info    0x000000000000bb35      0xa8e Drivers/STM32F7xx_HAL_Driver/Src/stm32f7xx_hal_i2c_ex.o
 .debug_info    0x000000000000c5c3      0x9f6 Drivers/STM32F7xx_HAL_Driver/Src/stm32f7xx_hal_pwr_ex.o
 .debug_info    0x000000000000cfb9      0x9cc Drivers/STM32F7xx_HAL_Driver/Src/stm32f7xx_hal_rcc.o
 .debug_info    0x000000000000d985      0x82c Drivers/STM32F7xx_HAL_Driver/Src/stm32f7xx_hal_rcc_ex.o
 .debug_info    0x000000000000e1b1      0xd5f Drivers/STM32F7xx_HAL_Driver/Src/stm32f7xx_hal_sdram.o
 .debug_info    0x000000000000ef10     0x1825 Drivers/STM32F7xx_HAL_Driver/Src/stm32f7xx_hal_spi.o
 .debug_info    0x0000000000010735     0x2bad Drivers/STM32F7xx_HAL_Driver/Src/stm32f7xx_hal_tim.o
 .debug_info    0x00000000000132e2     0x1608 Drivers/STM32F7xx_HAL_Driver/Src/stm32f7xx_hal_tim_ex.o
 .debug_info    0x00000000000148ea     0x194c Drivers/STM32F7xx_HAL_Driver/Src/stm32f7xx_hal_uart.o
 .debug_info    0x0000000000016236      0xd81 Drivers/STM32F7xx_HAL_Driver/Src/stm32f7xx_ll_fmc.o
 .debug_info    0x0000000000016fb7      0x5d8 FATFS/App/fatfs.o
 .debug_info    0x000000000001758f      0xced FATFS/Target/user_diskio.o
 .debug_info    0x000000000001827c      0x49a Middlewares/Third_Party/FatFs/src/ff_gen_drv.o
 .debug_info    0x0000000000018716     0x3ccb Middlewares/Third_Party/FreeRTOS/Source/CMSIS_RTOS_V2/cmsis_os2.o
 .debug_info    0x000000000001c3e1      0xb82 Middlewares/Third_Party/FreeRTOS/Source/list.o
 .debug_info    0x000000000001cf63     0x239e Middlewares/Third_Party/FreeRTOS/Source/queue.o
 .debug_info    0x000000000001f301     0x2a14 Middlewares/Third_Party/FreeRTOS/Source/tasks.o
 .debug_info    0x0000000000021d15     0x1b8f Middlewares/Third_Party/FreeRTOS/Source/timers.o
 .debug_info    0x00000000000238a4      0x4b4 Middlewares/Third_Party/FreeRTOS/Source/portable/GCC/ARM_CM7/r0p1/port.o
 .debug_info    0x0000000000023d58      0xc77 Middlewares/Third_Party/FreeRTOS/Source/portable/MemMang/heap_4.o

.debug_abbrev   0x0000000000000000     0x4512
 .debug_abbrev  0x0000000000000000      0x318 Core/Src/main.o
 .debug_abbrev  0x0000000000000318      0x25f Core/Src/stm32f7xx_hal_msp.o
 .debug_abbrev  0x0000000000000577      0x1bf Core/Src/stm32f7xx_hal_timebase_tim.o
 .debug_abbrev  0x0000000000000736      0x176 Core/Src/stm32f7xx_it.o
 .debug_abbrev  0x00000000000008ac      0x165 Core/Src/system_stm32f7xx.o
 .debug_abbrev  0x0000000000000a11       0x12 Core/Startup/startup_stm32f746zgtx.o
 .debug_abbrev  0x0000000000000a23      0x1ed Drivers/STM32F7xx_HAL_Driver/Src/stm32f7xx_hal.o
 .debug_abbrev  0x0000000000000c10      0x33c Drivers/STM32F7xx_HAL_Driver/Src/stm32f7xx_hal_cortex.o
 .debug_abbrev  0x0000000000000f4c      0x22e Drivers/STM32F7xx_HAL_Driver/Src/stm32f7xx_hal_dcmi.o
 .debug_abbrev  0x000000000000117a      0x1f1 Drivers/STM32F7xx_HAL_Driver/Src/stm32f7xx_hal_gpio.o
 .debug_abbrev  0x000000000000136b      0x256 Drivers/STM32F7xx_HAL_Driver/Src/stm32f7xx_hal_i2c.o
 .debug_abbrev  0x00000000000015c1      0x1bb Drivers/STM32F7xx_HAL_Driver/Src/stm32f7xx_hal_i2c_ex.o
 .debug_abbrev  0x000000000000177c      0x1dc Drivers/STM32F7xx_HAL_Driver/Src/stm32f7xx_hal_pwr_ex.o
 .debug_abbrev  0x0000000000001958      0x246 Drivers/STM32F7xx_HAL_Driver/Src/stm32f7xx_hal_rcc.o
 .debug_abbrev  0x0000000000001b9e      0x1d1 Drivers/STM32F7xx_HAL_Driver/Src/stm32f7xx_hal_rcc_ex.o
 .debug_abbrev  0x0000000000001d6f      0x221 Drivers/STM32F7xx_HAL_Driver/Src/stm32f7xx_hal_sdram.o
 .debug_abbrev  0x0000000000001f90      0x254 Drivers/STM32F7xx_HAL_Driver/Src/stm32f7xx_hal_spi.o
 .debug_abbrev  0x00000000000021e4      0x25e Drivers/STM32F7xx_HAL_Driver/Src/stm32f7xx_hal_tim.o
 .debug_abbrev  0x0000000000002442      0x266 Drivers/STM32F7xx_HAL_Driver/Src/stm32f7xx_hal_tim_ex.o
 .debug_abbrev  0x00000000000026a8      0x23f Drivers/STM32F7xx_HAL_Driver/Src/stm32f7xx_hal_uart.o
 .debug_abbrev  0x00000000000028e7      0x18e Drivers/STM32F7xx_HAL_Driver/Src/stm32f7xx_ll_fmc.o
 .debug_abbrev  0x0000000000002a75      0x15d FATFS/App/fatfs.o
 .debug_abbrev  0x0000000000002bd2      0x22e FATFS/Target/user_diskio.o
 .debug_abbrev  0x0000000000002e00      0x1bc Middlewares/Third_Party/FatFs/src/ff_gen_drv.o
 .debug_abbrev  0x0000000000002fbc      0x414 Middlewares/Third_Party/FreeRTOS/Source/CMSIS_RTOS_V2/cmsis_os2.o
 .debug_abbrev  0x00000000000033d0      0x1f7 Middlewares/Third_Party/FreeRTOS/Source/list.o
 .debug_abbrev  0x00000000000035c7      0x380 Middlewares/Third_Party/FreeRTOS/Source/queue.o
 .debug_abbrev  0x0000000000003947      0x39a Middlewares/Third_Party/FreeRTOS/Source/tasks.o
 .debug_abbrev  0x0000000000003ce1      0x317 Middlewares/Third_Party/FreeRTOS/Source/timers.o
 .debug_abbrev  0x0000000000003ff8      0x247 Middlewares/Third_Party/FreeRTOS/Source/portable/GCC/ARM_CM7/r0p1/port.o
 .debug_abbrev  0x000000000000423f      0x2d3 Middlewares/Third_Party/FreeRTOS/Source/portable/MemMang/heap_4.o

.debug_aranges  0x0000000000000000     0x1c90
 .debug_aranges
                0x0000000000000000       0xd8 Core/Src/main.o
 .debug_aranges
                0x00000000000000d8       0x90 Core/Src/stm32f7xx_hal_msp.o
 .debug_aranges
                0x0000000000000168       0x30 Core/Src/stm32f7xx_hal_timebase_tim.o
 .debug_aranges
                0x0000000000000198       0x50 Core/Src/stm32f7xx_it.o
 .debug_aranges
                0x00000000000001e8       0x28 Core/Src/system_stm32f7xx.o
 .debug_aranges
                0x0000000000000210       0x28 Core/Startup/startup_stm32f746zgtx.o
 .debug_aranges
                0x0000000000000238      0x100 Drivers/STM32F7xx_HAL_Driver/Src/stm32f7xx_hal.o
 .debug_aranges
                0x0000000000000338      0x118 Drivers/STM32F7xx_HAL_Driver/Src/stm32f7xx_hal_cortex.o
 .debug_aranges
                0x0000000000000450       0xc0 Drivers/STM32F7xx_HAL_Driver/Src/stm32f7xx_hal_dcmi.o
 .debug_aranges
                0x0000000000000510       0x58 Drivers/STM32F7xx_HAL_Driver/Src/stm32f7xx_hal_gpio.o
 .debug_aranges
                0x0000000000000568      0x290 Drivers/STM32F7xx_HAL_Driver/Src/stm32f7xx_hal_i2c.o
 .debug_aranges
                0x00000000000007f8       0x38 Drivers/STM32F7xx_HAL_Driver/Src/stm32f7xx_hal_i2c_ex.o
 .debug_aranges
                0x0000000000000830       0x80 Drivers/STM32F7xx_HAL_Driver/Src/stm32f7xx_hal_pwr_ex.o
 .debug_aranges
                0x00000000000008b0       0x88 Drivers/STM32F7xx_HAL_Driver/Src/stm32f7xx_hal_rcc.o
 .debug_aranges
                0x0000000000000938       0x50 Drivers/STM32F7xx_HAL_Driver/Src/stm32f7xx_hal_rcc_ex.o
 .debug_aranges
                0x0000000000000988       0xd0 Drivers/STM32F7xx_HAL_Driver/Src/stm32f7xx_hal_sdram.o
 .debug_aranges
                0x0000000000000a58      0x1d8 Drivers/STM32F7xx_HAL_Driver/Src/stm32f7xx_hal_spi.o
 .debug_aranges
                0x0000000000000c30      0x3e0 Drivers/STM32F7xx_HAL_Driver/Src/stm32f7xx_hal_tim.o
 .debug_aranges
                0x0000000000001010      0x178 Drivers/STM32F7xx_HAL_Driver/Src/stm32f7xx_hal_tim_ex.o
 .debug_aranges
                0x0000000000001188      0x228 Drivers/STM32F7xx_HAL_Driver/Src/stm32f7xx_hal_uart.o
 .debug_aranges
                0x00000000000013b0       0xc8 Drivers/STM32F7xx_HAL_Driver/Src/stm32f7xx_ll_fmc.o
 .debug_aranges
                0x0000000000001478       0x28 FATFS/App/fatfs.o
 .debug_aranges
                0x00000000000014a0       0x40 FATFS/Target/user_diskio.o
 .debug_aranges
                0x00000000000014e0       0x40 Middlewares/Third_Party/FatFs/src/ff_gen_drv.o
 .debug_aranges
                0x0000000000001520      0x228 Middlewares/Third_Party/FreeRTOS/Source/CMSIS_RTOS_V2/cmsis_os2.o
 .debug_aranges
                0x0000000000001748       0x40 Middlewares/Third_Party/FreeRTOS/Source/list.o
 .debug_aranges
                0x0000000000001788      0x158 Middlewares/Third_Party/FreeRTOS/Source/queue.o
 .debug_aranges
                0x00000000000018e0      0x1f8 Middlewares/Third_Party/FreeRTOS/Source/tasks.o
 .debug_aranges
                0x0000000000001ad8       0xe8 Middlewares/Third_Party/FreeRTOS/Source/timers.o
 .debug_aranges
                0x0000000000001bc0       0x80 Middlewares/Third_Party/FreeRTOS/Source/portable/GCC/ARM_CM7/r0p1/port.o
 .debug_aranges
                0x0000000000001c40       0x50 Middlewares/Third_Party/FreeRTOS/Source/portable/MemMang/heap_4.o

.debug_ranges   0x0000000000000000     0x1ad8
 .debug_ranges  0x0000000000000000       0xc8 Core/Src/main.o
 .debug_ranges  0x00000000000000c8       0x80 Core/Src/stm32f7xx_hal_msp.o
 .debug_ranges  0x0000000000000148       0x20 Core/Src/stm32f7xx_hal_timebase_tim.o
 .debug_ranges  0x0000000000000168       0x40 Core/Src/stm32f7xx_it.o
 .debug_ranges  0x00000000000001a8       0x18 Core/Src/system_stm32f7xx.o
 .debug_ranges  0x00000000000001c0       0x20 Core/Startup/startup_stm32f746zgtx.o
 .debug_ranges  0x00000000000001e0       0xf0 Drivers/STM32F7xx_HAL_Driver/Src/stm32f7xx_hal.o
 .debug_ranges  0x00000000000002d0      0x108 Drivers/STM32F7xx_HAL_Driver/Src/stm32f7xx_hal_cortex.o
 .debug_ranges  0x00000000000003d8       0xb0 Drivers/STM32F7xx_HAL_Driver/Src/stm32f7xx_hal_dcmi.o
 .debug_ranges  0x0000000000000488       0x48 Drivers/STM32F7xx_HAL_Driver/Src/stm32f7xx_hal_gpio.o
 .debug_ranges  0x00000000000004d0      0x280 Drivers/STM32F7xx_HAL_Driver/Src/stm32f7xx_hal_i2c.o
 .debug_ranges  0x0000000000000750       0x28 Drivers/STM32F7xx_HAL_Driver/Src/stm32f7xx_hal_i2c_ex.o
 .debug_ranges  0x0000000000000778       0x70 Drivers/STM32F7xx_HAL_Driver/Src/stm32f7xx_hal_pwr_ex.o
 .debug_ranges  0x00000000000007e8       0x78 Drivers/STM32F7xx_HAL_Driver/Src/stm32f7xx_hal_rcc.o
 .debug_ranges  0x0000000000000860       0x40 Drivers/STM32F7xx_HAL_Driver/Src/stm32f7xx_hal_rcc_ex.o
 .debug_ranges  0x00000000000008a0       0xc0 Drivers/STM32F7xx_HAL_Driver/Src/stm32f7xx_hal_sdram.o
 .debug_ranges  0x0000000000000960      0x1c8 Drivers/STM32F7xx_HAL_Driver/Src/stm32f7xx_hal_spi.o
 .debug_ranges  0x0000000000000b28      0x3d0 Drivers/STM32F7xx_HAL_Driver/Src/stm32f7xx_hal_tim.o
 .debug_ranges  0x0000000000000ef8      0x168 Drivers/STM32F7xx_HAL_Driver/Src/stm32f7xx_hal_tim_ex.o
 .debug_ranges  0x0000000000001060      0x248 Drivers/STM32F7xx_HAL_Driver/Src/stm32f7xx_hal_uart.o
 .debug_ranges  0x00000000000012a8       0xb8 Drivers/STM32F7xx_HAL_Driver/Src/stm32f7xx_ll_fmc.o
 .debug_ranges  0x0000000000001360       0x18 FATFS/App/fatfs.o
 .debug_ranges  0x0000000000001378       0x30 FATFS/Target/user_diskio.o
 .debug_ranges  0x00000000000013a8       0x30 Middlewares/Third_Party/FatFs/src/ff_gen_drv.o
 .debug_ranges  0x00000000000013d8      0x218 Middlewares/Third_Party/FreeRTOS/Source/CMSIS_RTOS_V2/cmsis_os2.o
 .debug_ranges  0x00000000000015f0       0x30 Middlewares/Third_Party/FreeRTOS/Source/list.o
 .debug_ranges  0x0000000000001620      0x148 Middlewares/Third_Party/FreeRTOS/Source/queue.o
 .debug_ranges  0x0000000000001768      0x1e8 Middlewares/Third_Party/FreeRTOS/Source/tasks.o
 .debug_ranges  0x0000000000001950       0xd8 Middlewares/Third_Party/FreeRTOS/Source/timers.o
 .debug_ranges  0x0000000000001a28       0x70 Middlewares/Third_Party/FreeRTOS/Source/portable/GCC/ARM_CM7/r0p1/port.o
 .debug_ranges  0x0000000000001a98       0x40 Middlewares/Third_Party/FreeRTOS/Source/portable/MemMang/heap_4.o

.debug_macro    0x0000000000000000     0x5023
 .debug_macro   0x0000000000000000      0x304 Core/Src/main.o
 .debug_macro   0x0000000000000304      0x137 Core/Src/main.o
 .debug_macro   0x000000000000043b       0x66 Core/Src/main.o
 .debug_macro   0x00000000000004a1       0x74 Core/Src/main.o
 .debug_macro   0x0000000000000515       0xdd Core/Src/main.o
 .debug_macro   0x00000000000005f2       0xf9 Core/Src/main.o
 .debug_macro   0x00000000000006eb       0xe2 Core/Src/main.o
 .debug_macro   0x00000000000007cd       0x8e Core/Src/main.o
 .debug_macro   0x000000000000085b      0x227 Core/Src/stm32f7xx_hal_msp.o
 .debug_macro   0x0000000000000a82      0x21d Core/Src/stm32f7xx_hal_timebase_tim.o
 .debug_macro   0x0000000000000c9f      0x231 Core/Src/stm32f7xx_it.o
 .debug_macro   0x0000000000000ed0      0x21d Core/Src/system_stm32f7xx.o
 .debug_macro   0x00000000000010ed      0x241 Drivers/STM32F7xx_HAL_Driver/Src/stm32f7xx_hal.o
 .debug_macro   0x000000000000132e      0x21d Drivers/STM32F7xx_HAL_Driver/Src/stm32f7xx_hal_cortex.o
 .debug_macro   0x000000000000154b      0x224 Drivers/STM32F7xx_HAL_Driver/Src/stm32f7xx_hal_dcmi.o
 .debug_macro   0x000000000000176f      0x253 Drivers/STM32F7xx_HAL_Driver/Src/stm32f7xx_hal_gpio.o
 .debug_macro   0x00000000000019c2      0x2e2 Drivers/STM32F7xx_HAL_Driver/Src/stm32f7xx_hal_i2c.o
 .debug_macro   0x0000000000001ca4      0x21d Drivers/STM32F7xx_HAL_Driver/Src/stm32f7xx_hal_i2c_ex.o
 .debug_macro   0x0000000000001ec1      0x235 Drivers/STM32F7xx_HAL_Driver/Src/stm32f7xx_hal_pwr_ex.o
 .debug_macro   0x00000000000020f6      0x241 Drivers/STM32F7xx_HAL_Driver/Src/stm32f7xx_hal_rcc.o
 .debug_macro   0x0000000000002337      0x21d Drivers/STM32F7xx_HAL_Driver/Src/stm32f7xx_hal_rcc_ex.o
 .debug_macro   0x0000000000002554      0x21d Drivers/STM32F7xx_HAL_Driver/Src/stm32f7xx_hal_sdram.o
 .debug_macro   0x0000000000002771      0x225 Drivers/STM32F7xx_HAL_Driver/Src/stm32f7xx_hal_spi.o
 .debug_macro   0x0000000000002996      0x21e Drivers/STM32F7xx_HAL_Driver/Src/stm32f7xx_hal_tim.o
 .debug_macro   0x0000000000002bb4      0x21d Drivers/STM32F7xx_HAL_Driver/Src/stm32f7xx_hal_tim_ex.o
 .debug_macro   0x0000000000002dd1      0x23a Drivers/STM32F7xx_HAL_Driver/Src/stm32f7xx_hal_uart.o
 .debug_macro   0x000000000000300b      0x21d Drivers/STM32F7xx_HAL_Driver/Src/stm32f7xx_ll_fmc.o
 .debug_macro   0x0000000000003228      0x30a FATFS/App/fatfs.o
 .debug_macro   0x0000000000003532       0xf3 FATFS/App/fatfs.o
 .debug_macro   0x0000000000003625      0x3bf FATFS/Target/user_diskio.o
 .debug_macro   0x00000000000039e4       0x10 FATFS/Target/user_diskio.o
 .debug_macro   0x00000000000039f4       0x20 FATFS/Target/user_diskio.o
 .debug_macro   0x0000000000003a14       0x16 FATFS/Target/user_diskio.o
 .debug_macro   0x0000000000003a2a       0x7c FATFS/Target/user_diskio.o
 .debug_macro   0x0000000000003aa6       0xd9 FATFS/Target/user_diskio.o
 .debug_macro   0x0000000000003b7f       0x5d FATFS/Target/user_diskio.o
 .debug_macro   0x0000000000003bdc      0x2f7 Middlewares/Third_Party/FatFs/src/ff_gen_drv.o
 .debug_macro   0x0000000000003ed3      0x247 Middlewares/Third_Party/FreeRTOS/Source/CMSIS_RTOS_V2/cmsis_os2.o
 .debug_macro   0x000000000000411a       0x10 Middlewares/Third_Party/FreeRTOS/Source/CMSIS_RTOS_V2/cmsis_os2.o
 .debug_macro   0x000000000000412a       0xd3 Middlewares/Third_Party/FreeRTOS/Source/CMSIS_RTOS_V2/cmsis_os2.o
 .debug_macro   0x00000000000041fd       0x91 Middlewares/Third_Party/FreeRTOS/Source/CMSIS_RTOS_V2/cmsis_os2.o
 .debug_macro   0x000000000000428e       0x8d Middlewares/Third_Party/FreeRTOS/Source/CMSIS_RTOS_V2/cmsis_os2.o
 .debug_macro   0x000000000000431b       0x9a Middlewares/Third_Party/FreeRTOS/Source/CMSIS_RTOS_V2/cmsis_os2.o
 .debug_macro   0x00000000000043b5      0x187 Middlewares/Third_Party/FreeRTOS/Source/list.o
 .debug_macro   0x000000000000453c      0x216 Middlewares/Third_Party/FreeRTOS/Source/queue.o
 .debug_macro   0x0000000000004752       0x16 Middlewares/Third_Party/FreeRTOS/Source/queue.o
 .debug_macro   0x0000000000004768       0x87 Middlewares/Third_Party/FreeRTOS/Source/queue.o
 .debug_macro   0x00000000000047ef      0x27f Middlewares/Third_Party/FreeRTOS/Source/tasks.o
 .debug_macro   0x0000000000004a6e       0x10 Middlewares/Third_Party/FreeRTOS/Source/tasks.o
 .debug_macro   0x0000000000004a7e      0x1dc Middlewares/Third_Party/FreeRTOS/Source/timers.o
 .debug_macro   0x0000000000004c5a       0x97 Middlewares/Third_Party/FreeRTOS/Source/timers.o
 .debug_macro   0x0000000000004cf1      0x184 Middlewares/Third_Party/FreeRTOS/Source/portable/GCC/ARM_CM7/r0p1/port.o
 .debug_macro   0x0000000000004e75      0x1ae Middlewares/Third_Party/FreeRTOS/Source/portable/MemMang/heap_4.o

.debug_line     0x0000000000000000    0x211ea
 .debug_line    0x0000000000000000      0xf5e Core/Src/main.o
 .debug_line    0x0000000000000f5e      0xb45 Core/Src/stm32f7xx_hal_msp.o
 .debug_line    0x0000000000001aa3      0x7c9 Core/Src/stm32f7xx_hal_timebase_tim.o
 .debug_line    0x000000000000226c      0x806 Core/Src/stm32f7xx_it.o
 .debug_line    0x0000000000002a72      0x7e9 Core/Src/system_stm32f7xx.o
 .debug_line    0x000000000000325b       0x88 Core/Startup/startup_stm32f746zgtx.o
 .debug_line    0x00000000000032e3      0xa7a Drivers/STM32F7xx_HAL_Driver/Src/stm32f7xx_hal.o
 .debug_line    0x0000000000003d5d      0xd00 Drivers/STM32F7xx_HAL_Driver/Src/stm32f7xx_hal_cortex.o
 .debug_line    0x0000000000004a5d      0xe9e Drivers/STM32F7xx_HAL_Driver/Src/stm32f7xx_hal_dcmi.o
 .debug_line    0x00000000000058fb      0xbfc Drivers/STM32F7xx_HAL_Driver/Src/stm32f7xx_hal_gpio.o
 .debug_line    0x00000000000064f7     0x3358 Drivers/STM32F7xx_HAL_Driver/Src/stm32f7xx_hal_i2c.o
 .debug_line    0x000000000000984f      0x8a5 Drivers/STM32F7xx_HAL_Driver/Src/stm32f7xx_hal_i2c_ex.o
 .debug_line    0x000000000000a0f4      0x9ef Drivers/STM32F7xx_HAL_Driver/Src/stm32f7xx_hal_pwr_ex.o
 .debug_line    0x000000000000aae3      0xebb Drivers/STM32F7xx_HAL_Driver/Src/stm32f7xx_hal_rcc.o
 .debug_line    0x000000000000b99e      0xe76 Drivers/STM32F7xx_HAL_Driver/Src/stm32f7xx_hal_rcc_ex.o
 .debug_line    0x000000000000c814      0xcb9 Drivers/STM32F7xx_HAL_Driver/Src/stm32f7xx_hal_sdram.o
 .debug_line    0x000000000000d4cd     0x1f83 Drivers/STM32F7xx_HAL_Driver/Src/stm32f7xx_hal_spi.o
 .debug_line    0x000000000000f450     0x3bba Drivers/STM32F7xx_HAL_Driver/Src/stm32f7xx_hal_tim.o
 .debug_line    0x000000000001300a     0x1b48 Drivers/STM32F7xx_HAL_Driver/Src/stm32f7xx_hal_tim_ex.o
 .debug_line    0x0000000000014b52     0x1d60 Drivers/STM32F7xx_HAL_Driver/Src/stm32f7xx_hal_uart.o
 .debug_line    0x00000000000168b2      0xd22 Drivers/STM32F7xx_HAL_Driver/Src/stm32f7xx_ll_fmc.o
 .debug_line    0x00000000000175d4      0x962 FATFS/App/fatfs.o
 .debug_line    0x0000000000017f36      0xaef FATFS/Target/user_diskio.o
 .debug_line    0x0000000000018a25      0x9ef Middlewares/Third_Party/FatFs/src/ff_gen_drv.o
 .debug_line    0x0000000000019414     0x2490 Middlewares/Third_Party/FreeRTOS/Source/CMSIS_RTOS_V2/cmsis_os2.o
 .debug_line    0x000000000001b8a4      0x70f Middlewares/Third_Party/FreeRTOS/Source/list.o
 .debug_line    0x000000000001bfb3     0x1734 Middlewares/Third_Party/FreeRTOS/Source/queue.o
 .debug_line    0x000000000001d6e7     0x1d42 Middlewares/Third_Party/FreeRTOS/Source/tasks.o
 .debug_line    0x000000000001f429      0xd4e Middlewares/Third_Party/FreeRTOS/Source/timers.o
 .debug_line    0x0000000000020177      0x798 Middlewares/Third_Party/FreeRTOS/Source/portable/GCC/ARM_CM7/r0p1/port.o
 .debug_line    0x000000000002090f      0x8db Middlewares/Third_Party/FreeRTOS/Source/portable/MemMang/heap_4.o

.debug_str      0x0000000000000000   0x101a6d
 .debug_str     0x0000000000000000    0xf4231 Core/Src/main.o
                                      0xf4b66 (size before relaxing)
 .debug_str     0x00000000000f4231      0x6fd Core/Src/stm32f7xx_hal_msp.o
                                      0xef58f (size before relaxing)
 .debug_str     0x00000000000f492e       0x98 Core/Src/stm32f7xx_hal_timebase_tim.o
                                      0xeeac5 (size before relaxing)
 .debug_str     0x00000000000f49c6       0xab Core/Src/stm32f7xx_it.o
                                      0xee397 (size before relaxing)
 .debug_str     0x00000000000f4a71       0x5b Core/Src/system_stm32f7xx.o
                                      0xee00a (size before relaxing)
 .debug_str     0x00000000000f4acc       0x36 Core/Startup/startup_stm32f746zgtx.o
                                         0x77 (size before relaxing)
 .debug_str     0x00000000000f4b02      0x337 Drivers/STM32F7xx_HAL_Driver/Src/stm32f7xx_hal.o
                                      0xee8d1 (size before relaxing)
 .debug_str     0x00000000000f4e39      0x373 Drivers/STM32F7xx_HAL_Driver/Src/stm32f7xx_hal_cortex.o
                                      0xee978 (size before relaxing)
 .debug_str     0x00000000000f51ac      0x237 Drivers/STM32F7xx_HAL_Driver/Src/stm32f7xx_hal_dcmi.o
                                      0xee4e5 (size before relaxing)
 .debug_str     0x00000000000f53e3      0x260 Drivers/STM32F7xx_HAL_Driver/Src/stm32f7xx_hal_gpio.o
                                      0xee1f5 (size before relaxing)
 .debug_str     0x00000000000f5643      0xd41 Drivers/STM32F7xx_HAL_Driver/Src/stm32f7xx_hal_i2c.o
                                      0xef160 (size before relaxing)
 .debug_str     0x00000000000f6384       0x89 Drivers/STM32F7xx_HAL_Driver/Src/stm32f7xx_hal_i2c_ex.o
                                      0xee4dc (size before relaxing)
 .debug_str     0x00000000000f640d      0x1d1 Drivers/STM32F7xx_HAL_Driver/Src/stm32f7xx_hal_pwr_ex.o
                                      0xee299 (size before relaxing)
 .debug_str     0x00000000000f65de      0x263 Drivers/STM32F7xx_HAL_Driver/Src/stm32f7xx_hal_rcc.o
                                      0xee33a (size before relaxing)
 .debug_str     0x00000000000f6841      0x161 Drivers/STM32F7xx_HAL_Driver/Src/stm32f7xx_hal_rcc_ex.o
                                      0xee2c4 (size before relaxing)
 .debug_str     0x00000000000f69a2      0x2a9 Drivers/STM32F7xx_HAL_Driver/Src/stm32f7xx_hal_sdram.o
                                      0xee52d (size before relaxing)
 .debug_str     0x00000000000f6c4b      0x571 Drivers/STM32F7xx_HAL_Driver/Src/stm32f7xx_hal_spi.o
                                      0xee7fa (size before relaxing)