Archive member included to satisfy reference by file (symbol)

f:/st/stm32cubeide_1.3.0/stm32cubeide/plugins/com.st.stm32cube.ide.mcu.externaltools.gnu-tools-for-stm32.9-2020-q2-update.win32_1.5.0.202011040924/tools/bin/../lib/gcc/arm-none-eabi/9.3.1/../../../../arm-none-eabi/lib/thumb/v7e-m+fp/hard\libc_nano.a(lib_a-errno.o)
                              Core/Src/syscalls.o (__errno)
f:/st/stm32cubeide_1.3.0/stm32cubeide/plugins/com.st.stm32cube.ide.mcu.externaltools.gnu-tools-for-stm32.9-2020-q2-update.win32_1.5.0.202011040924/tools/bin/../lib/gcc/arm-none-eabi/9.3.1/../../../../arm-none-eabi/lib/thumb/v7e-m+fp/hard\libc_nano.a(lib_a-exit.o)
                              f:/st/stm32cubeide_1.3.0/stm32cubeide/plugins/com.st.stm32cube.ide.mcu.externaltools.gnu-tools-for-stm32.9-2020-q2-update.win32_1.5.0.202011040924/tools/bin/../lib/gcc/arm-none-eabi/9.3.1/../../../../arm-none-eabi/lib/thumb/v7e-m+fp/hard/crt0.o (exit)
f:/st/stm32cubeide_1.3.0/stm32cubeide/plugins/com.st.stm32cube.ide.mcu.externaltools.gnu-tools-for-stm32.9-2020-q2-update.win32_1.5.0.202011040924/tools/bin/../lib/gcc/arm-none-eabi/9.3.1/../../../../arm-none-eabi/lib/thumb/v7e-m+fp/hard\libc_nano.a(lib_a-impure.o)
                              f:/st/stm32cubeide_1.3.0/stm32cubeide/plugins/com.st.stm32cube.ide.mcu.externaltools.gnu-tools-for-stm32.9-2020-q2-update.win32_1.5.0.202011040924/tools/bin/../lib/gcc/arm-none-eabi/9.3.1/../../../../arm-none-eabi/lib/thumb/v7e-m+fp/hard\libc_nano.a(lib_a-exit.o) (_global_impure_ptr)
f:/st/stm32cubeide_1.3.0/stm32cubeide/plugins/com.st.stm32cube.ide.mcu.externaltools.gnu-tools-for-stm32.9-2020-q2-update.win32_1.5.0.202011040924/tools/bin/../lib/gcc/arm-none-eabi/9.3.1/../../../../arm-none-eabi/lib/thumb/v7e-m+fp/hard\libc_nano.a(lib_a-init.o)
                              f:/st/stm32cubeide_1.3.0/stm32cubeide/plugins/com.st.stm32cube.ide.mcu.externaltools.gnu-tools-for-stm32.9-2020-q2-update.win32_1.5.0.202011040924/tools/bin/../lib/gcc/arm-none-eabi/9.3.1/../../../../arm-none-eabi/lib/thumb/v7e-m+fp/hard/crt0.o (__libc_init_array)
f:/st/stm32cubeide_1.3.0/stm32cubeide/plugins/com.st.stm32cube.ide.mcu.externaltools.gnu-tools-for-stm32.9-2020-q2-update.win32_1.5.0.202011040924/tools/bin/../lib/gcc/arm-none-eabi/9.3.1/../../../../arm-none-eabi/lib/thumb/v7e-m+fp/hard\libc_nano.a(lib_a-memcpy-stub.o)
                              Middlewares/Third_Party/FreeRTOS/Source/CMSIS_RTOS_V2/cmsis_os2.o (memcpy)
f:/st/stm32cubeide_1.3.0/stm32cubeide/plugins/com.st.stm32cube.ide.mcu.externaltools.gnu-tools-for-stm32.9-2020-q2-update.win32_1.5.0.202011040924/tools/bin/../lib/gcc/arm-none-eabi/9.3.1/../../../../arm-none-eabi/lib/thumb/v7e-m+fp/hard\libc_nano.a(lib_a-memset.o)
                              f:/st/stm32cubeide_1.3.0/stm32cubeide/plugins/com.st.stm32cube.ide.mcu.externaltools.gnu-tools-for-stm32.9-2020-q2-update.win32_1.5.0.202011040924/tools/bin/../lib/gcc/arm-none-eabi/9.3.1/../../../../arm-none-eabi/lib/thumb/v7e-m+fp/hard/crt0.o (memset)
f:/st/stm32cubeide_1.3.0/stm32cubeide/plugins/com.st.stm32cube.ide.mcu.externaltools.gnu-tools-for-stm32.9-2020-q2-update.win32_1.5.0.202011040924/tools/bin/../lib/gcc/arm-none-eabi/9.3.1/thumb/v7e-m+fp/hard\libgcc.a(_aeabi_uldivmod.o)
                              Drivers/STM32F7xx_HAL_Driver/Src/stm32f7xx_hal_rcc.o (__aeabi_uldivmod)
f:/st/stm32cubeide_1.3.0/stm32cubeide/plugins/com.st.stm32cube.ide.mcu.externaltools.gnu-tools-for-stm32.9-2020-q2-update.win32_1.5.0.202011040924/tools/bin/../lib/gcc/arm-none-eabi/9.3.1/thumb/v7e-m+fp/hard\libgcc.a(_udivmoddi4.o)
                              f:/st/stm32cubeide_1.3.0/stm32cubeide/plugins/com.st.stm32cube.ide.mcu.externaltools.gnu-tools-for-stm32.9-2020-q2-update.win32_1.5.0.202011040924/tools/bin/../lib/gcc/arm-none-eabi/9.3.1/thumb/v7e-m+fp/hard\libgcc.a(_aeabi_uldivmod.o) (__udivmoddi4)
f:/st/stm32cubeide_1.3.0/stm32cubeide/plugins/com.st.stm32cube.ide.mcu.externaltools.gnu-tools-for-stm32.9-2020-q2-update.win32_1.5.0.202011040924/tools/bin/../lib/gcc/arm-none-eabi/9.3.1/thumb/v7e-m+fp/hard\libgcc.a(_dvmd_tls.o)
                              f:/st/stm32cubeide_1.3.0/stm32cubeide/plugins/com.st.stm32cube.ide.mcu.externaltools.gnu-tools-for-stm32.9-2020-q2-update.win32_1.5.0.202011040924/tools/bin/../lib/gcc/arm-none-eabi/9.3.1/thumb/v7e-m+fp/hard\libgcc.a(_aeabi_uldivmod.o) (__aeabi_ldiv0)

Allocating common symbols
Common symbol       size              file

sdramHandle         0x34              Drivers/BSP/STM32746G-Discovery/stm32746g_discovery_sdram.o
defaultTaskHandle   0x4               Core/Src/main.o
hLtdcHandler        0xa8              Drivers/BSP/STM32746G-Discovery/stm32746g_discovery_lcd.o
uwTick              0x4               Drivers/STM32F7xx_HAL_Driver/Src/stm32f7xx_hal.o
xQueueRegistry      0x40              Middlewares/Third_Party/FreeRTOS/Source/queue.o
pFlash              0x1c              Drivers/STM32F7xx_HAL_Driver/Src/stm32f7xx_hal_flash.o
[...]
Memory Configuration

Name             Origin             Length             Attributes
RAM              0x0000000020000000 0x0000000000050000 xrw
FLASH            0x0000000008000000 0x0000000000100000 xr
*default*        0x0000000000000000 0xffffffffffffffff

Linker script and memory map

LOAD f:/st/stm32cubeide_1.3.0/stm32cubeide/plugins/com.st.stm32cube.ide.mcu.externaltools.gnu-tools-for-stm32.9-2020-q2-update.win32_1.5.0.202011040924/tools/bin/../lib/gcc/arm-none-eabi/9.3.1/thumb/v7e-m+fp/hard/crti.o
LOAD f:/st/stm32cubeide_1.3.0/stm32cubeide/plugins/com.st.stm32cube.ide.mcu.externaltools.gnu-tools-for-stm32.9-2020-q2-update.win32_1.5.0.202011040924/tools/bin/../lib/gcc/arm-none-eabi/9.3.1/thumb/v7e-m+fp/hard/crtbegin.o
LOAD f:/st/stm32cubeide_1.3.0/stm32cubeide/plugins/com.st.stm32cube.ide.mcu.externaltools.gnu-tools-for-stm32.9-2020-q2-update.win32_1.5.0.202011040924/tools/bin/../lib/gcc/arm-none-eabi/9.3.1/../../../../arm-none-eabi/lib/thumb/v7e-m+fp/hard/crt0.o
LOAD Core/Src/freertos.o
LOAD Core/Src/main.o
LOAD Core/Src/stm32f7xx_hal_msp.o
LOAD Core/Src/stm32f7xx_hal_timebase_tim.o
LOAD Core/Src/stm32f7xx_it.o
LOAD Core/Src/syscalls.o
LOAD Core/Src/sysmem.o
LOAD Core/Src/system_stm32f7xx.o
LOAD Core/Startup/startup_stm32f746nghx.o
LOAD Drivers/BSP/Components/ft5336/ft5336.o
LOAD Drivers/BSP/Components/ov2640/ov2640.o
LOAD Drivers/BSP/Components/ov9655/ov9655.o
LOAD Drivers/BSP/Components/wm8994/wm8994.o
LOAD Drivers/BSP/STM32746G-Discovery/stm32746g_discovery.o
LOAD Drivers/BSP/STM32746G-Discovery/stm32746g_discovery_audio.o
LOAD Drivers/BSP/STM32746G-Discovery/stm32746g_discovery_camera.o
LOAD Drivers/BSP/STM32746G-Discovery/stm32746g_discovery_lcd.o
LOAD Drivers/BSP/STM32746G-Discovery/stm32746g_discovery_sdram.o
LOAD Drivers/BSP/STM32746G-Discovery/stm32746g_discovery_ts.o
LOAD Drivers/STM32F7xx_HAL_Driver/Src/stm32f7xx_hal.o
LOAD Drivers/STM32F7xx_HAL_Driver/Src/stm32f7xx_hal_cortex.o
LOAD Drivers/STM32F7xx_HAL_Driver/Src/stm32f7xx_hal_dcmi.o
LOAD Drivers/STM32F7xx_HAL_Driver/Src/stm32f7xx_hal_dcmi_ex.o
LOAD Drivers/STM32F7xx_HAL_Driver/Src/stm32f7xx_hal_dma.o
LOAD Drivers/STM32F7xx_HAL_Driver/Src/stm32f7xx_hal_dma2d.o
LOAD Drivers/STM32F7xx_HAL_Driver/Src/stm32f7xx_hal_dma_ex.o
LOAD Drivers/STM32F7xx_HAL_Driver/Src/stm32f7xx_hal_dsi.o
LOAD Drivers/STM32F7xx_HAL_Driver/Src/stm32f7xx_hal_exti.o
LOAD Drivers/STM32F7xx_HAL_Driver/Src/stm32f7xx_hal_flash.o
LOAD Drivers/STM32F7xx_HAL_Driver/Src/stm32f7xx_hal_flash_ex.o
LOAD Drivers/STM32F7xx_HAL_Driver/Src/stm32f7xx_hal_gpio.o
LOAD Drivers/STM32F7xx_HAL_Driver/Src/stm32f7xx_hal_i2c.o
LOAD Drivers/STM32F7xx_HAL_Driver/Src/stm32f7xx_hal_i2c_ex.o
LOAD Drivers/STM32F7xx_HAL_Driver/Src/stm32f7xx_hal_ltdc.o
LOAD Drivers/STM32F7xx_HAL_Driver/Src/stm32f7xx_hal_ltdc_ex.o
LOAD Drivers/STM32F7xx_HAL_Driver/Src/stm32f7xx_hal_pwr.o
LOAD Drivers/STM32F7xx_HAL_Driver/Src/stm32f7xx_hal_pwr_ex.o
LOAD Drivers/STM32F7xx_HAL_Driver/Src/stm32f7xx_hal_rcc.o
LOAD Drivers/STM32F7xx_HAL_Driver/Src/stm32f7xx_hal_rcc_ex.o
LOAD Drivers/STM32F7xx_HAL_Driver/Src/stm32f7xx_hal_sai.o
LOAD Drivers/STM32F7xx_HAL_Driver/Src/stm32f7xx_hal_sai_ex.o
LOAD Drivers/STM32F7xx_HAL_Driver/Src/stm32f7xx_hal_sdram.o
LOAD Drivers/STM32F7xx_HAL_Driver/Src/stm32f7xx_hal_tim.o
LOAD Drivers/STM32F7xx_HAL_Driver/Src/stm32f7xx_hal_tim_ex.o
LOAD Drivers/STM32F7xx_HAL_Driver/Src/stm32f7xx_hal_uart.o
LOAD Drivers/STM32F7xx_HAL_Driver/Src/stm32f7xx_hal_uart_ex.o
LOAD Drivers/STM32F7xx_HAL_Driver/Src/stm32f7xx_ll_fmc.o
LOAD Middlewares/Third_Party/FreeRTOS/Source/CMSIS_RTOS_V2/cmsis_os2.o
LOAD Middlewares/Third_Party/FreeRTOS/Source/croutine.o
LOAD Middlewares/Third_Party/FreeRTOS/Source/event_groups.o
LOAD Middlewares/Third_Party/FreeRTOS/Source/list.o
LOAD Middlewares/Third_Party/FreeRTOS/Source/queue.o
LOAD Middlewares/Third_Party/FreeRTOS/Source/stream_buffer.o
LOAD Middlewares/Third_Party/FreeRTOS/Source/tasks.o
LOAD Middlewares/Third_Party/FreeRTOS/Source/timers.o
LOAD Middlewares/Third_Party/FreeRTOS/Source/portable/GCC/ARM_CM7/r0p1/port.o
LOAD Middlewares/Third_Party/FreeRTOS/Source/portable/MemMang/heap_4.o
START GROUP
LOAD f:/st/stm32cubeide_1.3.0/stm32cubeide/plugins/com.st.stm32cube.ide.mcu.externaltools.gnu-tools-for-stm32.9-2020-q2-update.win32_1.5.0.202011040924/tools/bin/../lib/gcc/arm-none-eabi/9.3.1/../../../../arm-none-eabi/lib/thumb/v7e-m+fp/hard\libc_nano.a
LOAD f:/st/stm32cubeide_1.3.0/stm32cubeide/plugins/com.st.stm32cube.ide.mcu.externaltools.gnu-tools-for-stm32.9-2020-q2-update.win32_1.5.0.202011040924/tools/bin/../lib/gcc/arm-none-eabi/9.3.1/../../../../arm-none-eabi/lib/thumb/v7e-m+fp/hard\libm.a
END GROUP
START GROUP
LOAD f:/st/stm32cubeide_1.3.0/stm32cubeide/plugins/com.st.stm32cube.ide.mcu.externaltools.gnu-tools-for-stm32.9-2020-q2-update.win32_1.5.0.202011040924/tools/bin/../lib/gcc/arm-none-eabi/9.3.1/thumb/v7e-m+fp/hard\libgcc.a
LOAD f:/st/stm32cubeide_1.3.0/stm32cubeide/plugins/com.st.stm32cube.ide.mcu.externaltools.gnu-tools-for-stm32.9-2020-q2-update.win32_1.5.0.202011040924/tools/bin/../lib/gcc/arm-none-eabi/9.3.1/../../../../arm-none-eabi/lib/thumb/v7e-m+fp/hard\libc_nano.a
END GROUP
START GROUP
LOAD f:/st/stm32cubeide_1.3.0/stm32cubeide/plugins/com.st.stm32cube.ide.mcu.externaltools.gnu-tools-for-stm32.9-2020-q2-update.win32_1.5.0.202011040924/tools/bin/../lib/gcc/arm-none-eabi/9.3.1/thumb/v7e-m+fp/hard\libgcc.a
LOAD f:/st/stm32cubeide_1.3.0/stm32cubeide/plugins/com.st.stm32cube.ide.mcu.externaltools.gnu-tools-for-stm32.9-2020-q2-update.win32_1.5.0.202011040924/tools/bin/../lib/gcc/arm-none-eabi/9.3.1/../../../../arm-none-eabi/lib/thumb/v7e-m+fp/hard\libc_nano.a
LOAD f:/st/stm32cubeide_1.3.0/stm32cubeide/plugins/com.st.stm32cube.ide.mcu.externaltools.gnu-tools-for-stm32.9-2020-q2-update.win32_1.5.0.202011040924/tools/bin/../lib/gcc/arm-none-eabi/9.3.1/../../../../arm-none-eabi/lib/thumb/v7e-m+fp/hard\libnosys.a
END GROUP
START GROUP
LOAD f:/st/stm32cubeide_1.3.0/stm32cubeide/plugins/com.st.stm32cube.ide.mcu.externaltools.gnu-tools-for-stm32.9-2020-q2-update.win32_1.5.0.202011040924/tools/bin/../lib/gcc/arm-none-eabi/9.3.1/thumb/v7e-m+fp/hard\libgcc.a
LOAD f:/st/stm32cubeide_1.3.0/stm32cubeide/plugins/com.st.stm32cube.ide.mcu.externaltools.gnu-tools-for-stm32.9-2020-q2-update.win32_1.5.0.202011040924/tools/bin/../lib/gcc/arm-none-eabi/9.3.1/../../../../arm-none-eabi/lib/thumb/v7e-m+fp/hard\libc_nano.a
LOAD f:/st/stm32cubeide_1.3.0/stm32cubeide/plugins/com.st.stm32cube.ide.mcu.externaltools.gnu-tools-for-stm32.9-2020-q2-update.win32_1.5.0.202011040924/tools/bin/../lib/gcc/arm-none-eabi/9.3.1/../../../../arm-none-eabi/lib/thumb/v7e-m+fp/hard\libnosys.a
END GROUP
LOAD f:/st/stm32cubeide_1.3.0/stm32cubeide/plugins/com.st.stm32cube.ide.mcu.externaltools.gnu-tools-for-stm32.9-2020-q2-update.win32_1.5.0.202011040924/tools/bin/../lib/gcc/arm-none-eabi/9.3.1/thumb/v7e-m+fp/hard/crtend.o
LOAD f:/st/stm32cubeide_1.3.0/stm32cubeide/plugins/com.st.stm32cube.ide.mcu.externaltools.gnu-tools-for-stm32.9-2020-q2-update.win32_1.5.0.202011040924/tools/bin/../lib/gcc/arm-none-eabi/9.3.1/thumb/v7e-m+fp/hard/crtn.o
                0x0000000020050000                _estack = (ORIGIN (RAM) + LENGTH (RAM))
                0x0000000000002000                _Min_Heap_Size = 0x2000
                0x0000000000004000                _Min_Stack_Size = 0x4000

.isr_vector     0x0000000008000000      0x1c8
                0x0000000008000000                . = ALIGN (0x4)
 *(.isr_vector)
 .isr_vector    0x0000000008000000      0x1c8 Core/Startup/startup_stm32f746nghx.o
                0x0000000008000000                g_pfnVectors
                0x00000000080001c8                . = ALIGN (0x4)

.text           0x00000000080001d0     0x86f8
                0x00000000080001d0                . = ALIGN (0x4)
 *(.text)
 .text          0x00000000080001d0       0x40 f:/st/stm32cubeide_1.3.0/stm32cubeide/plugins/com.st.stm32cube.ide.mcu.externaltools.gnu-tools-for-stm32.9-2020-q2-update.win32_1.5.0.202011040924/tools/bin/../lib/gcc/arm-none-eabi/9.3.1/thumb/v7e-m+fp/hard/crtbegin.o
 .text          0x0000000008000210       0x30 f:/st/stm32cubeide_1.3.0/stm32cubeide/plugins/com.st.stm32cube.ide.mcu.externaltools.gnu-tools-for-stm32.9-2020-q2-update.win32_1.5.0.202011040924/tools/bin/../lib/gcc/arm-none-eabi/9.3.1/thumb/v7e-m+fp/hard\libgcc.a(_aeabi_uldivmod.o)
                0x0000000008000210                __aeabi_uldivmod
 .text          0x0000000008000240      0x2c4 f:/st/stm32cubeide_1.3.0/stm32cubeide/plugins/com.st.stm32cube.ide.mcu.externaltools.gnu-tools-for-stm32.9-2020-q2-update.win32_1.5.0.202011040924/tools/bin/../lib/gcc/arm-none-eabi/9.3.1/thumb/v7e-m+fp/hard\libgcc.a(_udivmoddi4.o)
                0x0000000008000240                __udivmoddi4
 .text          0x0000000008000504        0x4 f:/st/stm32cubeide_1.3.0/stm32cubeide/plugins/com.st.stm32cube.ide.mcu.externaltools.gnu-tools-for-stm32.9-2020-q2-update.win32_1.5.0.202011040924/tools/bin/../lib/gcc/arm-none-eabi/9.3.1/thumb/v7e-m+fp/hard\libgcc.a(_dvmd_tls.o)
                0x0000000008000504                __aeabi_idiv0
                0x0000000008000504                __aeabi_ldiv0
 *(.text*)
 .text.SCB_EnableICache
                0x0000000008000508       0x4c Core/Src/main.o
 .text.SCB_EnableDCache
                0x0000000008000554       0x88 Core/Src/main.o
 .text.main     0x00000000080005dc       0xe8 Core/Src/main.o
                0x00000000080005dc                main
 .text.SystemClock_Config
                0x00000000080006c4      0x140 Core/Src/main.o
                0x00000000080006c4                SystemClock_Config
 .text.MX_DCMI_Init
                0x0000000008000804       0x68 Core/Src/main.o
 .text.MX_DMA2D_Init
                0x000000000800086c       0x64 Core/Src/main.o
 .text.MX_LTDC_Init
                0x00000000080008d0      0x100 Core/Src/main.o
 .text.MX_SAI1_Init
                0x00000000080009d0       0xb4 Core/Src/main.o
 .text.MX_USART1_UART_Init
                0x0000000008000a84       0x60 Core/Src/main.o
 .text.MX_FMC_Init
                0x0000000008000ae4       0x9c Core/Src/main.o
 .text.MX_GPIO_Init
                0x0000000008000b80      0x108 Core/Src/main.o
 .text.StartDefaultTask
                0x0000000008000c88       0x28 Core/Src/main.o
                0x0000000008000c88                StartDefaultTask
 .text.StartTask02
                0x0000000008000cb0       0x10 Core/Src/main.o
                0x0000000008000cb0                StartTask02
 .text.StartTask03
                0x0000000008000cc0       0x10 Core/Src/main.o
                0x0000000008000cc0                StartTask03
 .text.StartTask04
                0x0000000008000cd0       0x10 Core/Src/main.o
                0x0000000008000cd0                StartTask04
 .text.StartTask05
                0x0000000008000ce0       0x10 Core/Src/main.o
                0x0000000008000ce0                StartTask05
 .text.HAL_TIM_PeriodElapsedCallback
                0x0000000008000cf0       0x24 Core/Src/main.o
                0x0000000008000cf0                HAL_TIM_PeriodElapsedCallback
 .text.Error_Handler
                0x0000000008000d14        0xa Core/Src/main.o
                0x0000000008000d14                Error_Handler
 *fill*         0x0000000008000d1e        0x2 
 .text.HAL_MspInit
                0x0000000008000d20       0x50 Core/Src/stm32f7xx_hal_msp.o
                0x0000000008000d20                HAL_MspInit
 .text.HAL_DCMI_MspInit
                0x0000000008000d70      0x180 Core/Src/stm32f7xx_hal_msp.o
                0x0000000008000d70                HAL_DCMI_MspInit
 .text.HAL_DMA2D_MspInit
                0x0000000008000ef0       0x40 Core/Src/stm32f7xx_hal_msp.o
                0x0000000008000ef0                HAL_DMA2D_MspInit
 .text.HAL_LTDC_MspInit
                0x0000000008000f30      0x21c Core/Src/stm32f7xx_hal_msp.o
                0x0000000008000f30                HAL_LTDC_MspInit
 .text.HAL_UART_MspInit
                0x000000000800114c       0x88 Core/Src/stm32f7xx_hal_msp.o
                0x000000000800114c                HAL_UART_MspInit
 .text.HAL_FMC_MspInit
                0x00000000080011d4      0x100 Core/Src/stm32f7xx_hal_msp.o
 .text.HAL_SDRAM_MspInit
                0x00000000080012d4       0x14 Core/Src/stm32f7xx_hal_msp.o
                0x00000000080012d4                HAL_SDRAM_MspInit
 .text.HAL_SAI_MspInit
                0x00000000080012e8       0x98 Core/Src/stm32f7xx_hal_msp.o
                0x00000000080012e8                HAL_SAI_MspInit
 .text.HAL_InitTick
                0x0000000008001380       0xb0 Core/Src/stm32f7xx_hal_timebase_tim.o
                0x0000000008001380                HAL_InitTick
 .text.NMI_Handler
                0x0000000008001430        0x6 Core/Src/stm32f7xx_it.o
                0x0000000008001430                NMI_Handler
 .text.HardFault_Handler
                0x0000000008001436        0x6 Core/Src/stm32f7xx_it.o
                0x0000000008001436                HardFault_Handler
 .text.MemManage_Handler
                0x000000000800143c        0x6 Core/Src/stm32f7xx_it.o
                0x000000000800143c                MemManage_Handler
 .text.BusFault_Handler
                0x0000000008001442        0x6 Core/Src/stm32f7xx_it.o
                0x0000000008001442                BusFault_Handler
 .text.UsageFault_Handler
                0x0000000008001448        0x6 Core/Src/stm32f7xx_it.o
                0x0000000008001448                UsageFault_Handler
 .text.DebugMon_Handler
                0x000000000800144e        0xe Core/Src/stm32f7xx_it.o
                0x000000000800144e                DebugMon_Handler
 .text.TIM1_UP_TIM10_IRQHandler
                0x000000000800145c       0x14 Core/Src/stm32f7xx_it.o
                0x000000000800145c                TIM1_UP_TIM10_IRQHandler
 .text.SystemInit
                0x0000000008001470       0x24 Core/Src/system_stm32f7xx.o
                0x0000000008001470                SystemInit
 .text.Reset_Handler
                0x0000000008001494       0x50 Core/Startup/startup_stm32f746nghx.o
                0x0000000008001494                Reset_Handler
 .text.Default_Handler
                0x00000000080014e4        0x2 Core/Startup/startup_stm32f746nghx.o
                0x00000000080014e4                RTC_Alarm_IRQHandler
                0x00000000080014e4                EXTI2_IRQHandler
                0x00000000080014e4                TIM8_CC_IRQHandler
                0x00000000080014e4                UART8_IRQHandler
                0x00000000080014e4                SPI4_IRQHandler
                0x00000000080014e4                TIM1_CC_IRQHandler
                0x00000000080014e4                DMA2_Stream5_IRQHandler
                0x00000000080014e4                DMA1_Stream5_IRQHandler
                0x00000000080014e4                PVD_IRQHandler
                0x00000000080014e4                TAMP_STAMP_IRQHandler
                0x00000000080014e4                CAN2_RX1_IRQHandler
                0x00000000080014e4                EXTI3_IRQHandler
                0x00000000080014e4                TIM8_TRG_COM_TIM14_IRQHandler
                0x00000000080014e4                TIM8_UP_TIM13_IRQHandler
                0x00000000080014e4                I2C3_ER_IRQHandler
                0x00000000080014e4                EXTI0_IRQHandler
                0x00000000080014e4                I2C2_EV_IRQHandler
                0x00000000080014e4                DMA1_Stream2_IRQHandler
                0x00000000080014e4                CAN1_RX0_IRQHandler
                0x00000000080014e4                FPU_IRQHandler
                0x00000000080014e4                OTG_HS_WKUP_IRQHandler
                0x00000000080014e4                LTDC_ER_IRQHandler
                0x00000000080014e4                CAN2_SCE_IRQHandler
                0x00000000080014e4                DMA2_Stream2_IRQHandler
                0x00000000080014e4                SPI1_IRQHandler
                0x00000000080014e4                TIM6_DAC_IRQHandler
                0x00000000080014e4                TIM1_BRK_TIM9_IRQHandler
                0x00000000080014e4                DCMI_IRQHandler
                0x00000000080014e4                CAN2_RX0_IRQHandler
                0x00000000080014e4                DMA2_Stream3_IRQHandler
                0x00000000080014e4                SAI2_IRQHandler
                0x00000000080014e4                USART6_IRQHandler
                0x00000000080014e4                USART3_IRQHandler
                0x00000000080014e4                CAN1_RX1_IRQHandler
                0x00000000080014e4                UART5_IRQHandler
                0x00000000080014e4                DMA2_Stream0_IRQHandler
                0x00000000080014e4                TIM4_IRQHandler
                0x00000000080014e4                QUADSPI_IRQHandler
                0x00000000080014e4                I2C1_EV_IRQHandler
                0x00000000080014e4                DMA1_Stream6_IRQHandler
                0x00000000080014e4                DMA1_Stream1_IRQHandler
                0x00000000080014e4                UART4_IRQHandler
                0x00000000080014e4                TIM3_IRQHandler
                0x00000000080014e4                RCC_IRQHandler
                0x00000000080014e4                TIM8_BRK_TIM12_IRQHandler
                0x00000000080014e4                Default_Handler
                0x00000000080014e4                CEC_IRQHandler
                0x00000000080014e4                EXTI15_10_IRQHandler
                0x00000000080014e4                ADC_IRQHandler
                0x00000000080014e4                DMA1_Stream7_IRQHandler
                0x00000000080014e4                SPI5_IRQHandler
                0x00000000080014e4                TIM7_IRQHandler
                0x00000000080014e4                SDMMC1_IRQHandler
                0x00000000080014e4                CAN2_TX_IRQHandler
                0x00000000080014e4                TIM5_IRQHandler
                0x00000000080014e4                DMA2_Stream7_IRQHandler
                0x00000000080014e4                I2C3_EV_IRQHandler
                0x00000000080014e4                EXTI9_5_IRQHandler
                0x00000000080014e4                RTC_WKUP_IRQHandler
                0x00000000080014e4                LTDC_IRQHandler
                0x00000000080014e4                ETH_WKUP_IRQHandler
                0x00000000080014e4                SPDIF_RX_IRQHandler
                0x00000000080014e4                SPI2_IRQHandler
                0x00000000080014e4                OTG_HS_EP1_IN_IRQHandler
                0x00000000080014e4                DMA1_Stream0_IRQHandler
                0x00000000080014e4                CAN1_TX_IRQHandler
                0x00000000080014e4                EXTI4_IRQHandler
                0x00000000080014e4                RNG_IRQHandler
                0x00000000080014e4                ETH_IRQHandler
                0x00000000080014e4                OTG_HS_EP1_OUT_IRQHandler
                0x00000000080014e4                WWDG_IRQHandler
                0x00000000080014e4                SPI6_IRQHandler
                0x00000000080014e4                I2C4_EV_IRQHandler
                0x00000000080014e4                TIM2_IRQHandler
                0x00000000080014e4                OTG_FS_WKUP_IRQHandler
                0x00000000080014e4                TIM1_TRG_COM_TIM11_IRQHandler
                0x00000000080014e4                OTG_HS_IRQHandler
                0x00000000080014e4                DMA2D_IRQHandler
                0x00000000080014e4                EXTI1_IRQHandler
                0x00000000080014e4                UART7_IRQHandler
                0x00000000080014e4                USART2_IRQHandler
                0x00000000080014e4                I2C2_ER_IRQHandler
                0x00000000080014e4                DMA2_Stream1_IRQHandler
                0x00000000080014e4                CAN1_SCE_IRQHandler
                0x00000000080014e4                FLASH_IRQHandler
                0x00000000080014e4                DMA2_Stream4_IRQHandler
                0x00000000080014e4                USART1_IRQHandler
                0x00000000080014e4                OTG_FS_IRQHandler
                0x00000000080014e4                SPI3_IRQHandler
                0x00000000080014e4                DMA1_Stream4_IRQHandler
                0x00000000080014e4                I2C1_ER_IRQHandler
                0x00000000080014e4                FMC_IRQHandler
                0x00000000080014e4                LPTIM1_IRQHandler
                0x00000000080014e4                I2C4_ER_IRQHandler
                0x00000000080014e4                DMA2_Stream6_IRQHandler
                0x00000000080014e4                SAI1_IRQHandler
                0x00000000080014e4                DMA1_Stream3_IRQHandler
 *fill*         0x00000000080014e6        0x2 
 .text.BSP_LCD_Init
                0x00000000080014e8       0xe0 Drivers/BSP/STM32746G-Discovery/stm32746g_discovery_lcd.o
                0x00000000080014e8                BSP_LCD_Init
 .text.BSP_LCD_GetXSize
                0x00000000080015c8       0x28 Drivers/BSP/STM32746G-Discovery/stm32746g_discovery_lcd.o
                0x00000000080015c8                BSP_LCD_GetXSize
 .text.BSP_LCD_GetYSize
                0x00000000080015f0       0x28 Drivers/BSP/STM32746G-Discovery/stm32746g_discovery_lcd.o
                0x00000000080015f0                BSP_LCD_GetYSize
 .text.BSP_LCD_LayerDefaultInit
                0x0000000008001618       0xc0 Drivers/BSP/STM32746G-Discovery/stm32746g_discovery_lcd.o
                0x0000000008001618                BSP_LCD_LayerDefaultInit
 .text.BSP_LCD_SelectLayer
                0x00000000080016d8       0x20 Drivers/BSP/STM32746G-Discovery/stm32746g_discovery_lcd.o
                0x00000000080016d8                BSP_LCD_SelectLayer
 .text.BSP_LCD_SetTextColor
                0x00000000080016f8       0x30 Drivers/BSP/STM32746G-Discovery/stm32746g_discovery_lcd.o
                0x00000000080016f8                BSP_LCD_SetTextColor
 .text.BSP_LCD_SetFont
                0x0000000008001728       0x34 Drivers/BSP/STM32746G-Discovery/stm32746g_discovery_lcd.o
                0x0000000008001728                BSP_LCD_SetFont
 .text.BSP_LCD_Clear
                0x000000000800175c       0x50 Drivers/BSP/STM32746G-Discovery/stm32746g_discovery_lcd.o
                0x000000000800175c                BSP_LCD_Clear
 .text.BSP_LCD_FillRect
                0x00000000080017ac       0xf4 Drivers/BSP/STM32746G-Discovery/stm32746g_discovery_lcd.o
                0x00000000080017ac                BSP_LCD_FillRect
 .text.BSP_LCD_DisplayOn
                0x00000000080018a0       0x3c Drivers/BSP/STM32746G-Discovery/stm32746g_discovery_lcd.o
                0x00000000080018a0                BSP_LCD_DisplayOn
 .text.BSP_LCD_MspInit
                0x00000000080018dc      0x1b4 Drivers/BSP/STM32746G-Discovery/stm32746g_discovery_lcd.o
                0x00000000080018dc                BSP_LCD_MspInit
 .text.BSP_LCD_ClockConfig
                0x0000000008001a90       0x38 Drivers/BSP/STM32746G-Discovery/stm32746g_discovery_lcd.o
                0x0000000008001a90                BSP_LCD_ClockConfig
 .text.LL_FillBuffer
                0x0000000008001ac8       0x98 Drivers/BSP/STM32746G-Discovery/stm32746g_discovery_lcd.o
 .text.BSP_SDRAM_Init
                0x0000000008001b60       0xbc Drivers/BSP/STM32746G-Discovery/stm32746g_discovery_sdram.o
                0x0000000008001b60                BSP_SDRAM_Init
 .text.BSP_SDRAM_Initialization_sequence
                0x0000000008001c1c       0xc0 Drivers/BSP/STM32746G-Discovery/stm32746g_discovery_sdram.o
                0x0000000008001c1c                BSP_SDRAM_Initialization_sequence
 .text.BSP_SDRAM_MspInit
                0x0000000008001cdc      0x1f0 Drivers/BSP/STM32746G-Discovery/stm32746g_discovery_sdram.o
                0x0000000008001cdc                BSP_SDRAM_MspInit
 .text.HAL_Init
                0x0000000008001ecc       0x1a Drivers/STM32F7xx_HAL_Driver/Src/stm32f7xx_hal.o
                0x0000000008001ecc                HAL_Init
 *fill*         0x0000000008001ee6        0x2 
 .text.HAL_IncTick
                0x0000000008001ee8       0x28 Drivers/STM32F7xx_HAL_Driver/Src/stm32f7xx_hal.o
                0x0000000008001ee8                HAL_IncTick
 .text.HAL_GetTick
                0x0000000008001f10       0x18 Drivers/STM32F7xx_HAL_Driver/Src/stm32f7xx_hal.o
                0x0000000008001f10                HAL_GetTick
 .text.HAL_Delay
                0x0000000008001f28       0x48 Drivers/STM32F7xx_HAL_Driver/Src/stm32f7xx_hal.o
                0x0000000008001f28                HAL_Delay
 .text.__NVIC_SetPriorityGrouping
                0x0000000008001f70       0x48 Drivers/STM32F7xx_HAL_Driver/Src/stm32f7xx_hal_cortex.o
 .text.__NVIC_GetPriorityGrouping
                0x0000000008001fb8       0x1c Drivers/STM32F7xx_HAL_Driver/Src/stm32f7xx_hal_cortex.o
 .text.__NVIC_EnableIRQ
                0x0000000008001fd4       0x3c Drivers/STM32F7xx_HAL_Driver/Src/stm32f7xx_hal_cortex.o
 .text.__NVIC_SetPriority
                0x0000000008002010       0x54 Drivers/STM32F7xx_HAL_Driver/Src/stm32f7xx_hal_cortex.o
 .text.NVIC_EncodePriority
                0x0000000008002064       0x66 Drivers/STM32F7xx_HAL_Driver/Src/stm32f7xx_hal_cortex.o
 .text.HAL_NVIC_SetPriorityGrouping
                0x00000000080020ca       0x16 Drivers/STM32F7xx_HAL_Driver/Src/stm32f7xx_hal_cortex.o
                0x00000000080020ca                HAL_NVIC_SetPriorityGrouping
 .text.HAL_NVIC_SetPriority
                0x00000000080020e0       0x38 Drivers/STM32F7xx_HAL_Driver/Src/stm32f7xx_hal_cortex.o
                0x00000000080020e0                HAL_NVIC_SetPriority
 .text.HAL_NVIC_EnableIRQ
                0x0000000008002118       0x1c Drivers/STM32F7xx_HAL_Driver/Src/stm32f7xx_hal_cortex.o
                0x0000000008002118                HAL_NVIC_EnableIRQ
 .text.HAL_DCMI_Init
                0x0000000008002134       0xf4 Drivers/STM32F7xx_HAL_Driver/Src/stm32f7xx_hal_dcmi.o
                0x0000000008002134                HAL_DCMI_Init
 .text.HAL_DMA_Init
                0x0000000008002228      0x15c Drivers/STM32F7xx_HAL_Driver/Src/stm32f7xx_hal_dma.o
                0x0000000008002228                HAL_DMA_Init
 .text.HAL_DMA_DeInit
                0x0000000008002384       0xbc Drivers/STM32F7xx_HAL_Driver/Src/stm32f7xx_hal_dma.o
                0x0000000008002384                HAL_DMA_DeInit
 .text.DMA_CalcBaseAndBitshift
                0x0000000008002440       0x6c Drivers/STM32F7xx_HAL_Driver/Src/stm32f7xx_hal_dma.o
 .text.DMA_CheckFifoParam
                0x00000000080024ac       0xf8 Drivers/STM32F7xx_HAL_Driver/Src/stm32f7xx_hal_dma.o
 .text.HAL_DMA2D_Init
                0x00000000080025a4       0x94 Drivers/STM32F7xx_HAL_Driver/Src/stm32f7xx_hal_dma2d.o
                0x00000000080025a4                HAL_DMA2D_Init
 .text.HAL_DMA2D_Start
                0x0000000008002638       0x56 Drivers/STM32F7xx_HAL_Driver/Src/stm32f7xx_hal_dma2d.o
                0x0000000008002638                HAL_DMA2D_Start
 .text.HAL_DMA2D_PollForTransfer
                0x000000000800268e      0x1d2 Drivers/STM32F7xx_HAL_Driver/Src/stm32f7xx_hal_dma2d.o
                0x000000000800268e                HAL_DMA2D_PollForTransfer
 .text.HAL_DMA2D_ConfigLayer
                0x0000000008002860      0x124 Drivers/STM32F7xx_HAL_Driver/Src/stm32f7xx_hal_dma2d.o
                0x0000000008002860                HAL_DMA2D_ConfigLayer
 .text.DMA2D_SetConfig
                0x0000000008002984      0x138 Drivers/STM32F7xx_HAL_Driver/Src/stm32f7xx_hal_dma2d.o
 .text.HAL_GPIO_Init
                0x0000000008002abc      0x358 Drivers/STM32F7xx_HAL_Driver/Src/stm32f7xx_hal_gpio.o
                0x0000000008002abc                HAL_GPIO_Init
 .text.HAL_GPIO_WritePin
                0x0000000008002e14       0x32 Drivers/STM32F7xx_HAL_Driver/Src/stm32f7xx_hal_gpio.o
                0x0000000008002e14                HAL_GPIO_WritePin
 *fill*         0x0000000008002e46        0x2 
 .text.HAL_LTDC_Init
                0x0000000008002e48      0x1a0 Drivers/STM32F7xx_HAL_Driver/Src/stm32f7xx_hal_ltdc.o
                0x0000000008002e48                HAL_LTDC_Init
 .text.HAL_LTDC_ConfigLayer
                0x0000000008002fe8       0x7c Drivers/STM32F7xx_HAL_Driver/Src/stm32f7xx_hal_ltdc.o
                0x0000000008002fe8                HAL_LTDC_ConfigLayer
 .text.HAL_LTDC_GetState
                0x0000000008003064       0x1c Drivers/STM32F7xx_HAL_Driver/Src/stm32f7xx_hal_ltdc.o
                0x0000000008003064                HAL_LTDC_GetState
 .text.LTDC_SetConfig
                0x0000000008003080      0x334 Drivers/STM32F7xx_HAL_Driver/Src/stm32f7xx_hal_ltdc.o
 .text.HAL_PWREx_EnableOverDrive
                0x00000000080033b4       0xa0 Drivers/STM32F7xx_HAL_Driver/Src/stm32f7xx_hal_pwr_ex.o
                0x00000000080033b4                HAL_PWREx_EnableOverDrive
 .text.HAL_RCC_OscConfig
                0x0000000008003454      0x548 Drivers/STM32F7xx_HAL_Driver/Src/stm32f7xx_hal_rcc.o
                0x0000000008003454                HAL_RCC_OscConfig
 .text.HAL_RCC_ClockConfig
                0x000000000800399c      0x1d8 Drivers/STM32F7xx_HAL_Driver/Src/stm32f7xx_hal_rcc.o
                0x000000000800399c                HAL_RCC_ClockConfig
 .text.HAL_RCC_GetSysClockFreq
                0x0000000008003b74      0x16c Drivers/STM32F7xx_HAL_Driver/Src/stm32f7xx_hal_rcc.o
                0x0000000008003b74                HAL_RCC_GetSysClockFreq
 .text.HAL_RCC_GetHCLKFreq
                0x0000000008003ce0       0x18 Drivers/STM32F7xx_HAL_Driver/Src/stm32f7xx_hal_rcc.o
                0x0000000008003ce0                HAL_RCC_GetHCLKFreq
 .text.HAL_RCC_GetPCLK1Freq
                0x0000000008003cf8       0x28 Drivers/STM32F7xx_HAL_Driver/Src/stm32f7xx_hal_rcc.o
                0x0000000008003cf8                HAL_RCC_GetPCLK1Freq
 .text.HAL_RCC_GetPCLK2Freq
                0x0000000008003d20       0x28 Drivers/STM32F7xx_HAL_Driver/Src/stm32f7xx_hal_rcc.o
                0x0000000008003d20                HAL_RCC_GetPCLK2Freq
 .text.HAL_RCC_GetClockConfig
                0x0000000008003d48       0x64 Drivers/STM32F7xx_HAL_Driver/Src/stm32f7xx_hal_rcc.o
                0x0000000008003d48                HAL_RCC_GetClockConfig
 .text.HAL_RCCEx_PeriphCLKConfig
                0x0000000008003dac      0x7e0 Drivers/STM32F7xx_HAL_Driver/Src/stm32f7xx_hal_rcc_ex.o
                0x0000000008003dac                HAL_RCCEx_PeriphCLKConfig
 .text.HAL_RCCEx_GetPeriphCLKFreq
                0x000000000800458c      0x288 Drivers/STM32F7xx_HAL_Driver/Src/stm32f7xx_hal_rcc_ex.o
                0x000000000800458c                HAL_RCCEx_GetPeriphCLKFreq
 .text.HAL_SAI_Init
                0x0000000008004814      0x2fc Drivers/STM32F7xx_HAL_Driver/Src/stm32f7xx_hal_sai.o
                0x0000000008004814                HAL_SAI_Init
 .text.SAI_Disable
                0x0000000008004b10       0x70 Drivers/STM32F7xx_HAL_Driver/Src/stm32f7xx_hal_sai.o
 .text.HAL_SDRAM_Init
                0x0000000008004b80       0x68 Drivers/STM32F7xx_HAL_Driver/Src/stm32f7xx_hal_sdram.o
                0x0000000008004b80                HAL_SDRAM_Init
 .text.HAL_SDRAM_SendCommand
                0x0000000008004be8       0x56 Drivers/STM32F7xx_HAL_Driver/Src/stm32f7xx_hal_sdram.o
                0x0000000008004be8                HAL_SDRAM_SendCommand
 .text.HAL_SDRAM_ProgramRefreshRate
                0x0000000008004c3e       0x40 Drivers/STM32F7xx_HAL_Driver/Src/stm32f7xx_hal_sdram.o
                0x0000000008004c3e                HAL_SDRAM_ProgramRefreshRate
 .text.HAL_TIM_Base_Init
                0x0000000008004c7e       0xae Drivers/STM32F7xx_HAL_Driver/Src/stm32f7xx_hal_tim.o
                0x0000000008004c7e                HAL_TIM_Base_Init
 .text.HAL_TIM_Base_MspInit
                0x0000000008004d2c       0x14 Drivers/STM32F7xx_HAL_Driver/Src/stm32f7xx_hal_tim.o
                0x0000000008004d2c                HAL_TIM_Base_MspInit
 .text.HAL_TIM_Base_Start_IT
                0x0000000008004d40       0xf0 Drivers/STM32F7xx_HAL_Driver/Src/stm32f7xx_hal_tim.o
                0x0000000008004d40                HAL_TIM_Base_Start_IT
 .text.HAL_TIM_IRQHandler
                0x0000000008004e30      0x23e Drivers/STM32F7xx_HAL_Driver/Src/stm32f7xx_hal_tim.o
                0x0000000008004e30                HAL_TIM_IRQHandler
 .text.HAL_TIM_OC_DelayElapsedCallback
                0x000000000800506e       0x14 Drivers/STM32F7xx_HAL_Driver/Src/stm32f7xx_hal_tim.o
                0x000000000800506e                HAL_TIM_OC_DelayElapsedCallback
 .text.HAL_TIM_IC_CaptureCallback
                0x0000000008005082       0x14 Drivers/STM32F7xx_HAL_Driver/Src/stm32f7xx_hal_tim.o
                0x0000000008005082                HAL_TIM_IC_CaptureCallback
 .text.HAL_TIM_PWM_PulseFinishedCallback
                0x0000000008005096       0x14 Drivers/STM32F7xx_HAL_Driver/Src/stm32f7xx_hal_tim.o
                0x0000000008005096                HAL_TIM_PWM_PulseFinishedCallback
 .text.HAL_TIM_TriggerCallback
                0x00000000080050aa       0x14 Drivers/STM32F7xx_HAL_Driver/Src/stm32f7xx_hal_tim.o
                0x00000000080050aa                HAL_TIM_TriggerCallback
 *fill*         0x00000000080050be        0x2 
 .text.TIM_Base_SetConfig
                0x00000000080050c0      0x140 Drivers/STM32F7xx_HAL_Driver/Src/stm32f7xx_hal_tim.o
                0x00000000080050c0                TIM_Base_SetConfig
 .text.HAL_TIMEx_CommutCallback
                0x0000000008005200       0x14 Drivers/STM32F7xx_HAL_Driver/Src/stm32f7xx_hal_tim_ex.o
                0x0000000008005200                HAL_TIMEx_CommutCallback
 .text.HAL_TIMEx_BreakCallback
                0x0000000008005214       0x14 Drivers/STM32F7xx_HAL_Driver/Src/stm32f7xx_hal_tim_ex.o
                0x0000000008005214                HAL_TIMEx_BreakCallback
 .text.HAL_TIMEx_Break2Callback
                0x0000000008005228       0x14 Drivers/STM32F7xx_HAL_Driver/Src/stm32f7xx_hal_tim_ex.o
                0x0000000008005228                HAL_TIMEx_Break2Callback
 .text.HAL_UART_Init
                0x000000000800523c       0x9c Drivers/STM32F7xx_HAL_Driver/Src/stm32f7xx_hal_uart.o
                0x000000000800523c                HAL_UART_Init
 .text.UART_SetConfig
                0x00000000080052d8      0x4c4 Drivers/STM32F7xx_HAL_Driver/Src/stm32f7xx_hal_uart.o
                0x00000000080052d8                UART_SetConfig
 .text.UART_AdvFeatureConfig
                0x000000000800579c      0x144 Drivers/STM32F7xx_HAL_Driver/Src/stm32f7xx_hal_uart.o
                0x000000000800579c                UART_AdvFeatureConfig
 .text.UART_CheckIdleState
                0x00000000080058e0       0x66 Drivers/STM32F7xx_HAL_Driver/Src/stm32f7xx_hal_uart.o
                0x00000000080058e0                UART_CheckIdleState
 .text.UART_WaitOnFlagUntilTimeout
                0x0000000008005946       0xf8 Drivers/STM32F7xx_HAL_Driver/Src/stm32f7xx_hal_uart.o
                0x0000000008005946                UART_WaitOnFlagUntilTimeout
 *fill*         0x0000000008005a3e        0x2 
 .text.FMC_SDRAM_Init
                0x0000000008005a40       0xe4 Drivers/STM32F7xx_HAL_Driver/Src/stm32f7xx_ll_fmc.o
                0x0000000008005a40                FMC_SDRAM_Init
 .text.FMC_SDRAM_Timing_Init
                0x0000000008005b24      0x100 Drivers/STM32F7xx_HAL_Driver/Src/stm32f7xx_ll_fmc.o
                0x0000000008005b24                FMC_SDRAM_Timing_Init
 .text.FMC_SDRAM_SendCommand
                0x0000000008005c24       0x48 Drivers/STM32F7xx_HAL_Driver/Src/stm32f7xx_ll_fmc.o
                0x0000000008005c24                FMC_SDRAM_SendCommand
 .text.FMC_SDRAM_ProgramRefreshRate
                0x0000000008005c6c       0x26 Drivers/STM32F7xx_HAL_Driver/Src/stm32f7xx_ll_fmc.o
                0x0000000008005c6c                FMC_SDRAM_ProgramRefreshRate
 .text.SVC_Setup
                0x0000000008005c92        0xe Middlewares/Third_Party/FreeRTOS/Source/CMSIS_RTOS_V2/cmsis_os2.o
 .text.osKernelInitialize
                0x0000000008005ca0       0x68 Middlewares/Third_Party/FreeRTOS/Source/CMSIS_RTOS_V2/cmsis_os2.o
                0x0000000008005ca0                osKernelInitialize
 .text.osKernelStart
                0x0000000008005d08       0x6c Middlewares/Third_Party/FreeRTOS/Source/CMSIS_RTOS_V2/cmsis_os2.o
                0x0000000008005d08                osKernelStart
 .text.osThreadNew
                0x0000000008005d74      0x14c Middlewares/Third_Party/FreeRTOS/Source/CMSIS_RTOS_V2/cmsis_os2.o
                0x0000000008005d74                osThreadNew
 .text.osDelay  0x0000000008005ec0       0x5c Middlewares/Third_Party/FreeRTOS/Source/CMSIS_RTOS_V2/cmsis_os2.o
                0x0000000008005ec0                osDelay
 .text.vApplicationGetIdleTaskMemory
                0x0000000008005f1c       0x34 Middlewares/Third_Party/FreeRTOS/Source/CMSIS_RTOS_V2/cmsis_os2.o
                0x0000000008005f1c                vApplicationGetIdleTaskMemory
 .text.vApplicationGetTimerTaskMemory
                0x0000000008005f50       0x34 Middlewares/Third_Party/FreeRTOS/Source/CMSIS_RTOS_V2/cmsis_os2.o
                0x0000000008005f50                vApplicationGetTimerTaskMemory
 .text.vListInitialise
                0x0000000008005f84       0x40 Middlewares/Third_Party/FreeRTOS/Source/list.o
                0x0000000008005f84                vListInitialise
 .text.vListInitialiseItem
                0x0000000008005fc4       0x1a Middlewares/Third_Party/FreeRTOS/Source/list.o
                0x0000000008005fc4                vListInitialiseItem
 .text.vListInsertEnd
                0x0000000008005fde       0x48 Middlewares/Third_Party/FreeRTOS/Source/list.o
                0x0000000008005fde                vListInsertEnd
 .text.vListInsert
                0x0000000008006026       0x72 Middlewares/Third_Party/FreeRTOS/Source/list.o
                0x0000000008006026                vListInsert
 .text.uxListRemove
                0x0000000008006098       0x54 Middlewares/Third_Party/FreeRTOS/Source/list.o
                0x0000000008006098                uxListRemove
 .text.xQueueGenericReset
                0x00000000080060ec       0xd4 Middlewares/Third_Party/FreeRTOS/Source/queue.o
                0x00000000080060ec                xQueueGenericReset
 .text.xQueueGenericCreateStatic
                0x00000000080061c0      0x104 Middlewares/Third_Party/FreeRTOS/Source/queue.o
                0x00000000080061c0                xQueueGenericCreateStatic
 .text.prvInitialiseNewQueue
                0x00000000080062c4       0x46 Middlewares/Third_Party/FreeRTOS/Source/queue.o
 *fill*         0x000000000800630a        0x2 
 .text.xQueueGenericSend
                0x000000000800630c      0x20c Middlewares/Third_Party/FreeRTOS/Source/queue.o
                0x000000000800630c                xQueueGenericSend
 .text.xQueueGenericSendFromISR
                0x0000000008006518      0x140 Middlewares/Third_Party/FreeRTOS/Source/queue.o
                0x0000000008006518                xQueueGenericSendFromISR
 .text.xQueueReceive
                0x0000000008006658      0x1cc Middlewares/Third_Party/FreeRTOS/Source/queue.o
                0x0000000008006658                xQueueReceive
 .text.prvCopyDataToQueue
                0x0000000008006824       0xd4 Middlewares/Third_Party/FreeRTOS/Source/queue.o
 .text.prvCopyDataFromQueue
                0x00000000080068f8       0x4c Middlewares/Third_Party/FreeRTOS/Source/queue.o
 .text.prvUnlockQueue
                0x0000000008006944       0xa4 Middlewares/Third_Party/FreeRTOS/Source/queue.o
 .text.prvIsQueueEmpty
                0x00000000080069e8       0x2c Middlewares/Third_Party/FreeRTOS/Source/queue.o
 .text.prvIsQueueFull
                0x0000000008006a14       0x30 Middlewares/Third_Party/FreeRTOS/Source/queue.o
 .text.vQueueAddToRegistry
                0x0000000008006a44       0x54 Middlewares/Third_Party/FreeRTOS/Source/queue.o
                0x0000000008006a44                vQueueAddToRegistry
 .text.vQueueWaitForMessageRestricted
                0x0000000008006a98       0x68 Middlewares/Third_Party/FreeRTOS/Source/queue.o
                0x0000000008006a98                vQueueWaitForMessageRestricted
 .text.xTaskCreateStatic
                0x0000000008006b00       0xc6 Middlewares/Third_Party/FreeRTOS/Source/tasks.o
                0x0000000008006b00                xTaskCreateStatic
 .text.xTaskCreate
                0x0000000008006bc6       0x8a Middlewares/Third_Party/FreeRTOS/Source/tasks.o
                0x0000000008006bc6                xTaskCreate
 .text.prvInitialiseNewTask
                0x0000000008006c50      0x122 Middlewares/Third_Party/FreeRTOS/Source/tasks.o
 *fill*         0x0000000008006d72        0x2 
 .text.prvAddNewTaskToReadyList
                0x0000000008006d74       0xe0 Middlewares/Third_Party/FreeRTOS/Source/tasks.o
 .text.vTaskDelay
                0x0000000008006e54       0x6c Middlewares/Third_Party/FreeRTOS/Source/tasks.o
                0x0000000008006e54                vTaskDelay
 .text.vTaskStartScheduler
                0x0000000008006ec0       0xd4 Middlewares/Third_Party/FreeRTOS/Source/tasks.o
                0x0000000008006ec0                vTaskStartScheduler
 .text.vTaskSuspendAll
                0x0000000008006f94       0x1c Middlewares/Third_Party/FreeRTOS/Source/tasks.o
                0x0000000008006f94                vTaskSuspendAll
 .text.xTaskResumeAll
                0x0000000008006fb0      0x140 Middlewares/Third_Party/FreeRTOS/Source/tasks.o
                0x0000000008006fb0                xTaskResumeAll
 .text.xTaskGetTickCount
                0x00000000080070f0       0x20 Middlewares/Third_Party/FreeRTOS/Source/tasks.o
                0x00000000080070f0                xTaskGetTickCount
 .text.xTaskIncrementTick
                0x0000000008007110      0x178 Middlewares/Third_Party/FreeRTOS/Source/tasks.o
                0x0000000008007110                xTaskIncrementTick
 .text.vTaskSwitchContext
                0x0000000008007288       0xc0 Middlewares/Third_Party/FreeRTOS/Source/tasks.o
                0x0000000008007288                vTaskSwitchContext
 .text.vTaskPlaceOnEventList
                0x0000000008007348       0x4c Middlewares/Third_Party/FreeRTOS/Source/tasks.o
                0x0000000008007348                vTaskPlaceOnEventList
 .text.vTaskPlaceOnEventListRestricted
                0x0000000008007394       0x5c Middlewares/Third_Party/FreeRTOS/Source/tasks.o
                0x0000000008007394                vTaskPlaceOnEventListRestricted
 .text.xTaskRemoveFromEventList
                0x00000000080073f0       0xcc Middlewares/Third_Party/FreeRTOS/Source/tasks.o
                0x00000000080073f0                xTaskRemoveFromEventList
 .text.vTaskInternalSetTimeOutState
                0x00000000080074bc       0x2c Middlewares/Third_Party/FreeRTOS/Source/tasks.o
                0x00000000080074bc                vTaskInternalSetTimeOutState
 .text.xTaskCheckForTimeOut
                0x00000000080074e8       0xcc Middlewares/Third_Party/FreeRTOS/Source/tasks.o
                0x00000000080074e8                xTaskCheckForTimeOut
 .text.vTaskMissedYield
                0x00000000080075b4       0x18 Middlewares/Third_Party/FreeRTOS/Source/tasks.o
                0x00000000080075b4                vTaskMissedYield
 .text.prvIdleTask
                0x00000000080075cc       0x30 Middlewares/Third_Party/FreeRTOS/Source/tasks.o
 .text.prvInitialiseTaskLists
                0x00000000080075fc       0x80 Middlewares/Third_Party/FreeRTOS/Source/tasks.o
 .text.prvCheckTasksWaitingTermination
                0x000000000800767c       0x5c Middlewares/Third_Party/FreeRTOS/Source/tasks.o
 .text.prvDeleteTCB
                0x00000000080076d8       0x62 Middlewares/Third_Party/FreeRTOS/Source/tasks.o
 *fill*         0x000000000800773a        0x2 
 .text.prvResetNextTaskUnblockTime
                0x000000000800773c       0x40 Middlewares/Third_Party/FreeRTOS/Source/tasks.o
 .text.xTaskGetSchedulerState
                0x000000000800777c       0x3c Middlewares/Third_Party/FreeRTOS/Source/tasks.o
                0x000000000800777c                xTaskGetSchedulerState
 .text.xTaskPriorityDisinherit
                0x00000000080077b8       0xe4 Middlewares/Third_Party/FreeRTOS/Source/tasks.o
                0x00000000080077b8                xTaskPriorityDisinherit
 .text.prvAddCurrentTaskToDelayedList
                0x000000000800789c       0xa8 Middlewares/Third_Party/FreeRTOS/Source/tasks.o
 .text.xTimerCreateTimerTask
                0x0000000008007944       0x94 Middlewares/Third_Party/FreeRTOS/Source/timers.o
                0x0000000008007944                xTimerCreateTimerTask
 .text.xTimerGenericCommand
                0x00000000080079d8       0xa0 Middlewares/Third_Party/FreeRTOS/Source/timers.o
                0x00000000080079d8                xTimerGenericCommand
 .text.prvProcessExpiredTimer
                0x0000000008007a78       0x9c Middlewares/Third_Party/FreeRTOS/Source/timers.o
 .text.prvTimerTask
                0x0000000008007b14       0x24 Middlewares/Third_Party/FreeRTOS/Source/timers.o
 .text.prvProcessTimerOrBlockTask
                0x0000000008007b38       0x9c Middlewares/Third_Party/FreeRTOS/Source/timers.o
 .text.prvGetNextExpireTime
                0x0000000008007bd4       0x48 Middlewares/Third_Party/FreeRTOS/Source/timers.o
 .text.prvSampleTimeNow
                0x0000000008007c1c       0x40 Middlewares/Third_Party/FreeRTOS/Source/timers.o
 .text.prvInsertTimerInActiveList
                0x0000000008007c5c       0x84 Middlewares/Third_Party/FreeRTOS/Source/timers.o
 .text.prvProcessReceivedCommands
                0x0000000008007ce0      0x1d0 Middlewares/Third_Party/FreeRTOS/Source/timers.o
 .text.prvSwitchTimerLists
                0x0000000008007eb0       0xcc Middlewares/Third_Party/FreeRTOS/Source/timers.o
 .text.prvCheckForValidListAndQueue
                0x0000000008007f7c       0x80 Middlewares/Third_Party/FreeRTOS/Source/timers.o
 .text.pxPortInitialiseStack
                0x0000000008007ffc       0x68 Middlewares/Third_Party/FreeRTOS/Source/portable/GCC/ARM_CM7/r0p1/port.o
                0x0000000008007ffc                pxPortInitialiseStack
 .text.prvTaskExitError
                0x0000000008008064       0x60 Middlewares/Third_Party/FreeRTOS/Source/portable/GCC/ARM_CM7/r0p1/port.o
 *fill*         0x00000000080080c4        0xc 
 .text.SVC_Handler
                0x00000000080080d0       0x28 Middlewares/Third_Party/FreeRTOS/Source/portable/GCC/ARM_CM7/r0p1/port.o
                0x00000000080080d0                SVC_Handler
 .text.prvPortStartFirstTask
                0x00000000080080f8       0x28 Middlewares/Third_Party/FreeRTOS/Source/portable/GCC/ARM_CM7/r0p1/port.o
 .text.xPortStartScheduler
                0x0000000008008120       0xfc Middlewares/Third_Party/FreeRTOS/Source/portable/GCC/ARM_CM7/r0p1/port.o
                0x0000000008008120                xPortStartScheduler
 .text.vPortEnterCritical
                0x000000000800821c       0x68 Middlewares/Third_Party/FreeRTOS/Source/portable/GCC/ARM_CM7/r0p1/port.o
                0x000000000800821c                vPortEnterCritical
 .text.vPortExitCritical
                0x0000000008008284       0x58 Middlewares/Third_Party/FreeRTOS/Source/portable/GCC/ARM_CM7/r0p1/port.o
                0x0000000008008284                vPortExitCritical
 *fill*         0x00000000080082dc        0x4 
 .text.PendSV_Handler
                0x00000000080082e0       0x68 Middlewares/Third_Party/FreeRTOS/Source/portable/GCC/ARM_CM7/r0p1/port.o
                0x00000000080082e0                PendSV_Handler
 .text.SysTick_Handler
                0x0000000008008348       0x48 Middlewares/Third_Party/FreeRTOS/Source/portable/GCC/ARM_CM7/r0p1/port.o
                0x0000000008008348                SysTick_Handler
 .text.vPortSetupTimerInterrupt
                0x0000000008008390       0x48 Middlewares/Third_Party/FreeRTOS/Source/portable/GCC/ARM_CM7/r0p1/port.o
                0x0000000008008390                vPortSetupTimerInterrupt
 .text.vPortEnableVFP
                0x00000000080083d8       0x14 Middlewares/Third_Party/FreeRTOS/Source/portable/GCC/ARM_CM7/r0p1/port.o
 .text.vPortValidateInterruptPriority
                0x00000000080083ec       0x88 Middlewares/Third_Party/FreeRTOS/Source/portable/GCC/ARM_CM7/r0p1/port.o
                0x00000000080083ec                vPortValidateInterruptPriority
 .text.pvPortMalloc
                0x0000000008008474      0x194 Middlewares/Third_Party/FreeRTOS/Source/portable/MemMang/heap_4.o
                0x0000000008008474                pvPortMalloc
 .text.vPortFree
                0x0000000008008608       0xbc Middlewares/Third_Party/FreeRTOS/Source/portable/MemMang/heap_4.o
                0x0000000008008608                vPortFree
 .text.prvHeapInit
                0x00000000080086c4       0xc4 Middlewares/Third_Party/FreeRTOS/Source/portable/MemMang/heap_4.o
 .text.prvInsertBlockIntoFreeList
                0x0000000008008788       0xb4 Middlewares/Third_Party/FreeRTOS/Source/portable/MemMang/heap_4.o
 .text.__libc_init_array
                0x000000000800883c       0x48 f:/st/stm32cubeide_1.3.0/stm32cubeide/plugins/com.st.stm32cube.ide.mcu.externaltools.gnu-tools-for-stm32.9-2020-q2-update.win32_1.5.0.202011040924/tools/bin/../lib/gcc/arm-none-eabi/9.3.1/../../../../arm-none-eabi/lib/thumb/v7e-m+fp/hard\libc_nano.a(lib_a-init.o)
                0x000000000800883c                __libc_init_array
 .text.memcpy   0x0000000008008884       0x1c f:/st/stm32cubeide_1.3.0/stm32cubeide/plugins/com.st.stm32cube.ide.mcu.externaltools.gnu-tools-for-stm32.9-2020-q2-update.win32_1.5.0.202011040924/tools/bin/../lib/gcc/arm-none-eabi/9.3.1/../../../../arm-none-eabi/lib/thumb/v7e-m+fp/hard\libc_nano.a(lib_a-memcpy-stub.o)
                0x0000000008008884                memcpy
 .text.memset   0x00000000080088a0       0x10 f:/st/stm32cubeide_1.3.0/stm32cubeide/plugins/com.st.stm32cube.ide.mcu.externaltools.gnu-tools-for-stm32.9-2020-q2-update.win32_1.5.0.202011040924/tools/bin/../lib/gcc/arm-none-eabi/9.3.1/../../../../arm-none-eabi/lib/thumb/v7e-m+fp/hard\libc_nano.a(lib_a-memset.o)
                0x00000000080088a0                memset
 *(.glue_7)
 .glue_7        0x00000000080088b0        0x0 linker stubs
 *(.glue_7t)
 .glue_7t       0x00000000080088b0        0x0 linker stubs
 *(.eh_frame)
 .eh_frame      0x00000000080088b0        0x0 f:/st/stm32cubeide_1.3.0/stm32cubeide/plugins/com.st.stm32cube.ide.mcu.externaltools.gnu-tools-for-stm32.9-2020-q2-update.win32_1.5.0.202011040924/tools/bin/../lib/gcc/arm-none-eabi/9.3.1/thumb/v7e-m+fp/hard/crtbegin.o
 *(.init)
 .init          0x00000000080088b0        0x4 f:/st/stm32cubeide_1.3.0/stm32cubeide/plugins/com.st.stm32cube.ide.mcu.externaltools.gnu-tools-for-stm32.9-2020-q2-update.win32_1.5.0.202011040924/tools/bin/../lib/gcc/arm-none-eabi/9.3.1/thumb/v7e-m+fp/hard/crti.o
                0x00000000080088b0                _init
 .init          0x00000000080088b4        0x8 f:/st/stm32cubeide_1.3.0/stm32cubeide/plugins/com.st.stm32cube.ide.mcu.externaltools.gnu-tools-for-stm32.9-2020-q2-update.win32_1.5.0.202011040924/tools/bin/../lib/gcc/arm-none-eabi/9.3.1/thumb/v7e-m+fp/hard/crtn.o
 *(.fini)
 .fini          0x00000000080088bc        0x4 f:/st/stm32cubeide_1.3.0/stm32cubeide/plugins/com.st.stm32cube.ide.mcu.externaltools.gnu-tools-for-stm32.9-2020-q2-update.win32_1.5.0.202011040924/tools/bin/../lib/gcc/arm-none-eabi/9.3.1/thumb/v7e-m+fp/hard/crti.o
                0x00000000080088bc                _fini
 .fini          0x00000000080088c0        0x8 f:/st/stm32cubeide_1.3.0/stm32cubeide/plugins/com.st.stm32cube.ide.mcu.externaltools.gnu-tools-for-stm32.9-2020-q2-update.win32_1.5.0.202011040924/tools/bin/../lib/gcc/arm-none-eabi/9.3.1/thumb/v7e-m+fp/hard/crtn.o
                0x00000000080088c8                . = ALIGN (0x4)
                0x00000000080088c8                _etext = .

.vfp11_veneer   0x00000000080088c8        0x0
 .vfp11_veneer  0x00000000080088c8        0x0 linker stubs

.v4_bx          0x00000000080088c8        0x0
 .v4_bx         0x00000000080088c8        0x0 linker stubs

.iplt           0x00000000080088c8        0x0
 .iplt          0x00000000080088c8        0x0 f:/st/stm32cubeide_1.3.0/stm32cubeide/plugins/com.st.stm32cube.ide.mcu.externaltools.gnu-tools-for-stm32.9-2020-q2-update.win32_1.5.0.202011040924/tools/bin/../lib/gcc/arm-none-eabi/9.3.1/thumb/v7e-m+fp/hard/crtbegin.o

.rodata         0x00000000080088c8     0x1be0
                0x00000000080088c8                . = ALIGN (0x4)
 *(.rodata)
 .rodata        0x00000000080088c8       0x39 Core/Src/main.o
 *fill*         0x0000000008008901        0x3 
 .rodata        0x0000000008008904        0x5 Middlewares/Third_Party/FreeRTOS/Source/tasks.o
 *fill*         0x0000000008008909        0x3 
 .rodata        0x000000000800890c        0xd Middlewares/Third_Party/FreeRTOS/Source/timers.o
 *(.rodata*)
 *fill*         0x0000000008008919        0x3 
 .rodata.defaultTask_attributes
                0x000000000800891c       0x24 Core/Src/main.o
                0x000000000800891c                defaultTask_attributes
 .rodata.myTask02_attributes
                0x0000000008008940       0x24 Core/Src/main.o
                0x0000000008008940                myTask02_attributes
 .rodata.myTask03_attributes
                0x0000000008008964       0x24 Core/Src/main.o
                0x0000000008008964                myTask03_attributes
 .rodata.myTask04_attributes
                0x0000000008008988       0x24 Core/Src/main.o
                0x0000000008008988                myTask04_attributes
 .rodata.myTask05_attributes
                0x00000000080089ac       0x24 Core/Src/main.o
                0x00000000080089ac                myTask05_attributes
 .rodata.AHBPrescTable
                0x00000000080089d0       0x10 Core/Src/system_stm32f7xx.o
                0x00000000080089d0                AHBPrescTable
 .rodata.APBPrescTable
                0x00000000080089e0        0x8 Core/Src/system_stm32f7xx.o
                0x00000000080089e0                APBPrescTable
 .rodata.Font24_Table
                0x00000000080089e8     0x1ab8 Drivers/BSP/STM32746G-Discovery/stm32746g_discovery_lcd.o
                0x00000000080089e8                Font24_Table
 .rodata.flagBitshiftOffset.9726
                0x000000000800a4a0        0x8 Drivers/STM32F7xx_HAL_Driver/Src/stm32f7xx_hal_dma.o
                0x000000000800a4a8                . = ALIGN (0x4)

.ARM.extab      0x000000000800a4a8        0x0
                0x000000000800a4a8                . = ALIGN (0x4)
 *(.ARM.extab* .gnu.linkonce.armextab.*)
                0x000000000800a4a8                . = ALIGN (0x4)

.ARM            0x000000000800a4a8        0x8
                0x000000000800a4a8                . = ALIGN (0x4)
                0x000000000800a4a8                __exidx_start = .
 *(.ARM.exidx*)
 .ARM.exidx     0x000000000800a4a8        0x8 f:/st/stm32cubeide_1.3.0/stm32cubeide/plugins/com.st.stm32cube.ide.mcu.externaltools.gnu-tools-for-stm32.9-2020-q2-update.win32_1.5.0.202011040924/tools/bin/../lib/gcc/arm-none-eabi/9.3.1/thumb/v7e-m+fp/hard\libgcc.a(_udivmoddi4.o)
                0x000000000800a4b0                __exidx_end = .
                0x000000000800a4b0                . = ALIGN (0x4)

.rel.dyn        0x000000000800a4b0        0x0
 .rel.iplt      0x000000000800a4b0        0x0 f:/st/stm32cubeide_1.3.0/stm32cubeide/plugins/com.st.stm32cube.ide.mcu.externaltools.gnu-tools-for-stm32.9-2020-q2-update.win32_1.5.0.202011040924/tools/bin/../lib/gcc/arm-none-eabi/9.3.1/thumb/v7e-m+fp/hard/crtbegin.o

.preinit_array  0x000000000800a4b0        0x0
                0x000000000800a4b0                . = ALIGN (0x4)
                0x000000000800a4b0                PROVIDE (__preinit_array_start = .)
 *(.preinit_array*)
                0x000000000800a4b0                PROVIDE (__preinit_array_end = .)
                0x000000000800a4b0                . = ALIGN (0x4)

.init_array     0x000000000800a4b0        0x4
                0x000000000800a4b0                . = ALIGN (0x4)
                0x000000000800a4b0                PROVIDE (__init_array_start = .)
 *(SORT_BY_NAME(.init_array.*))
 *(.init_array*)
 .init_array    0x000000000800a4b0        0x4 f:/st/stm32cubeide_1.3.0/stm32cubeide/plugins/com.st.stm32cube.ide.mcu.externaltools.gnu-tools-for-stm32.9-2020-q2-update.win32_1.5.0.202011040924/tools/bin/../lib/gcc/arm-none-eabi/9.3.1/thumb/v7e-m+fp/hard/crtbegin.o
                0x000000000800a4b4                PROVIDE (__init_array_end = .)
                0x000000000800a4b4                . = ALIGN (0x4)

.fini_array     0x000000000800a4b4        0x4
                0x000000000800a4b4                . = ALIGN (0x4)
                [!provide]                        PROVIDE (__fini_array_start = .)
 *(SORT_BY_NAME(.fini_array.*))
 *(.fini_array*)
 .fini_array    0x000000000800a4b4        0x4 f:/st/stm32cubeide_1.3.0/stm32cubeide/plugins/com.st.stm32cube.ide.mcu.externaltools.gnu-tools-for-stm32.9-2020-q2-update.win32_1.5.0.202011040924/tools/bin/../lib/gcc/arm-none-eabi/9.3.1/thumb/v7e-m+fp/hard/crtbegin.o
                [!provide]                        PROVIDE (__fini_array_end = .)
                0x000000000800a4b8                . = ALIGN (0x4)
                0x000000000800a4b8                _sidata = LOADADDR (.data)

.data           0x0000000020000000       0x1c load address 0x000000000800a4b8
                0x0000000020000000                . = ALIGN (0x4)
                0x0000000020000000                _sdata = .
 *(.data)
 *(.data*)
 .data.SystemCoreClock
                0x0000000020000000        0x4 Core/Src/system_stm32f7xx.o
                0x0000000020000000                SystemCoreClock
 .data.Font24   0x0000000020000004        0x8 Drivers/BSP/STM32746G-Discovery/stm32746g_discovery_lcd.o
                0x0000000020000004                Font24
 .data.sdramstatus.9642
                0x000000002000000c        0x1 Drivers/BSP/STM32746G-Discovery/stm32746g_discovery_sdram.o
 *fill*         0x000000002000000d        0x3 
 .data.uwTickPrio
                0x0000000020000010        0x4 Drivers/STM32F7xx_HAL_Driver/Src/stm32f7xx_hal.o
                0x0000000020000010                uwTickPrio
 .data.uwTickFreq
                0x0000000020000014        0x1 Drivers/STM32F7xx_HAL_Driver/Src/stm32f7xx_hal.o
                0x0000000020000014                uwTickFreq
 *fill*         0x0000000020000015        0x3 
 .data.uxCriticalNesting
                0x0000000020000018        0x4 Middlewares/Third_Party/FreeRTOS/Source/portable/GCC/ARM_CM7/r0p1/port.o
 *(.RamFunc)
 *(.RamFunc*)
                0x000000002000001c                . = ALIGN (0x4)
                0x000000002000001c                _edata = .

.igot.plt       0x000000002000001c        0x0 load address 0x000000000800a4d4
 .igot.plt      0x000000002000001c        0x0 f:/st/stm32cubeide_1.3.0/stm32cubeide/plugins/com.st.stm32cube.ide.mcu.externaltools.gnu-tools-for-stm32.9-2020-q2-update.win32_1.5.0.202011040924/tools/bin/../lib/gcc/arm-none-eabi/9.3.1/thumb/v7e-m+fp/hard/crtbegin.o
                0x000000002000001c                . = ALIGN (0x4)

.bss            0x000000002000001c     0x4e8c load address 0x000000000800a4d4
                0x000000002000001c                _sbss = .
                0x000000002000001c                __bss_start__ = _sbss
 *(.bss)
 .bss           0x000000002000001c       0x1c f:/st/stm32cubeide_1.3.0/stm32cubeide/plugins/com.st.stm32cube.ide.mcu.externaltools.gnu-tools-for-stm32.9-2020-q2-update.win32_1.5.0.202011040924/tools/bin/../lib/gcc/arm-none-eabi/9.3.1/thumb/v7e-m+fp/hard/crtbegin.o
 *(.bss*)
 .bss.FMC_Initialized
                0x0000000020000038        0x4 Core/Src/stm32f7xx_hal_msp.o
 .bss.SAI1_client
                0x000000002000003c        0x4 Core/Src/stm32f7xx_hal_msp.o
 .bss.hDma2dHandler
                0x0000000020000040       0x40 Drivers/BSP/STM32746G-Discovery/stm32746g_discovery_lcd.o
 .bss.ActiveLayer
                0x0000000020000080        0x4 Drivers/BSP/STM32746G-Discovery/stm32746g_discovery_lcd.o
 .bss.DrawProp  0x0000000020000084       0x18 Drivers/BSP/STM32746G-Discovery/stm32746g_discovery_lcd.o
 .bss.periph_clk_init_struct.10229
                0x000000002000009c       0x84 Drivers/BSP/STM32746G-Discovery/stm32746g_discovery_lcd.o
 .bss.Timing    0x0000000020000120       0x1c Drivers/BSP/STM32746G-Discovery/stm32746g_discovery_sdram.o
 .bss.Command   0x000000002000013c       0x10 Drivers/BSP/STM32746G-Discovery/stm32746g_discovery_sdram.o
 .bss.dma_handle.9678
                0x000000002000014c       0x60 Drivers/BSP/STM32746G-Discovery/stm32746g_discovery_sdram.o
 .bss.KernelState
                0x00000000200001ac        0x4 Middlewares/Third_Party/FreeRTOS/Source/CMSIS_RTOS_V2/cmsis_os2.o
 .bss.Idle_TCB  0x00000000200001b0       0x5c Middlewares/Third_Party/FreeRTOS/Source/CMSIS_RTOS_V2/cmsis_os2.o
 .bss.Idle_Stack
                0x000000002000020c      0x200 Middlewares/Third_Party/FreeRTOS/Source/CMSIS_RTOS_V2/cmsis_os2.o
 .bss.Timer_TCB
                0x000000002000040c       0x5c Middlewares/Third_Party/FreeRTOS/Source/CMSIS_RTOS_V2/cmsis_os2.o
 .bss.Timer_Stack
                0x0000000020000468      0x400 Middlewares/Third_Party/FreeRTOS/Source/CMSIS_RTOS_V2/cmsis_os2.o
 .bss.pxCurrentTCB
                0x0000000020000868        0x4 Middlewares/Third_Party/FreeRTOS/Source/tasks.o
                0x0000000020000868                pxCurrentTCB
 .bss.pxReadyTasksLists
                0x000000002000086c      0x460 Middlewares/Third_Party/FreeRTOS/Source/tasks.o
 .bss.xDelayedTaskList1
                0x0000000020000ccc       0x14 Middlewares/Third_Party/FreeRTOS/Source/tasks.o
 .bss.xDelayedTaskList2
                0x0000000020000ce0       0x14 Middlewares/Third_Party/FreeRTOS/Source/tasks.o
 .bss.pxDelayedTaskList
                0x0000000020000cf4        0x4 Middlewares/Third_Party/FreeRTOS/Source/tasks.o
 .bss.pxOverflowDelayedTaskList
                0x0000000020000cf8        0x4 Middlewares/Third_Party/FreeRTOS/Source/tasks.o
 .bss.xPendingReadyList
                0x0000000020000cfc       0x14 Middlewares/Third_Party/FreeRTOS/Source/tasks.o
 .bss.xTasksWaitingTermination
                0x0000000020000d10       0x14 Middlewares/Third_Party/FreeRTOS/Source/tasks.o
 .bss.uxDeletedTasksWaitingCleanUp
                0x0000000020000d24        0x4 Middlewares/Third_Party/FreeRTOS/Source/tasks.o
 .bss.xSuspendedTaskList
                0x0000000020000d28       0x14 Middlewares/Third_Party/FreeRTOS/Source/tasks.o
 .bss.uxCurrentNumberOfTasks
                0x0000000020000d3c        0x4 Middlewares/Third_Party/FreeRTOS/Source/tasks.o
 .bss.xTickCount
                0x0000000020000d40        0x4 Middlewares/Third_Party/FreeRTOS/Source/tasks.o
 .bss.uxTopReadyPriority
                0x0000000020000d44        0x4 Middlewares/Third_Party/FreeRTOS/Source/tasks.o
 .bss.xSchedulerRunning
                0x0000000020000d48        0x4 Middlewares/Third_Party/FreeRTOS/Source/tasks.o
 .bss.uxPendedTicks
                0x0000000020000d4c        0x4 Middlewares/Third_Party/FreeRTOS/Source/tasks.o
 .bss.xYieldPending
                0x0000000020000d50        0x4 Middlewares/Third_Party/FreeRTOS/Source/tasks.o
 .bss.xNumOfOverflows
                0x0000000020000d54        0x4 Middlewares/Third_Party/FreeRTOS/Source/tasks.o
 .bss.uxTaskNumber
                0x0000000020000d58        0x4 Middlewares/Third_Party/FreeRTOS/Source/tasks.o
 .bss.xNextTaskUnblockTime
                0x0000000020000d5c        0x4 Middlewares/Third_Party/FreeRTOS/Source/tasks.o
 .bss.xIdleTaskHandle
                0x0000000020000d60        0x4 Middlewares/Third_Party/FreeRTOS/Source/tasks.o
 .bss.uxSchedulerSuspended
                0x0000000020000d64        0x4 Middlewares/Third_Party/FreeRTOS/Source/tasks.o
 .bss.xActiveTimerList1
                0x0000000020000d68       0x14 Middlewares/Third_Party/FreeRTOS/Source/timers.o
 .bss.xActiveTimerList2
                0x0000000020000d7c       0x14 Middlewares/Third_Party/FreeRTOS/Source/timers.o
 .bss.pxCurrentTimerList
                0x0000000020000d90        0x4 Middlewares/Third_Party/FreeRTOS/Source/timers.o
 .bss.pxOverflowTimerList
                0x0000000020000d94        0x4 Middlewares/Third_Party/FreeRTOS/Source/timers.o
 .bss.xTimerQueue
                0x0000000020000d98        0x4 Middlewares/Third_Party/FreeRTOS/Source/timers.o
 .bss.xTimerTaskHandle
                0x0000000020000d9c        0x4 Middlewares/Third_Party/FreeRTOS/Source/timers.o
 .bss.xLastTime.6901
                0x0000000020000da0        0x4 Middlewares/Third_Party/FreeRTOS/Source/timers.o
 .bss.ucStaticTimerQueueStorage.6952
                0x0000000020000da4       0xa0 Middlewares/Third_Party/FreeRTOS/Source/timers.o
 .bss.xStaticTimerQueue.6951
                0x0000000020000e44       0x50 Middlewares/Third_Party/FreeRTOS/Source/timers.o
 .bss.ucMaxSysCallPriority
                0x0000000020000e94        0x1 Middlewares/Third_Party/FreeRTOS/Source/portable/GCC/ARM_CM7/r0p1/port.o
 *fill*         0x0000000020000e95        0x3 
 .bss.ulMaxPRIGROUPValue
                0x0000000020000e98        0x4 Middlewares/Third_Party/FreeRTOS/Source/portable/GCC/ARM_CM7/r0p1/port.o
 .bss.ucHeap    0x0000000020000e9c     0x3c00 Middlewares/Third_Party/FreeRTOS/Source/portable/MemMang/heap_4.o
 .bss.xStart    0x0000000020004a9c        0x8 Middlewares/Third_Party/FreeRTOS/Source/portable/MemMang/heap_4.o
 .bss.pxEnd     0x0000000020004aa4        0x4 Middlewares/Third_Party/FreeRTOS/Source/portable/MemMang/heap_4.o
 .bss.xFreeBytesRemaining
                0x0000000020004aa8        0x4 Middlewares/Third_Party/FreeRTOS/Source/portable/MemMang/heap_4.o
 .bss.xMinimumEverFreeBytesRemaining
                0x0000000020004aac        0x4 Middlewares/Third_Party/FreeRTOS/Source/portable/MemMang/heap_4.o
 .bss.xBlockAllocatedBit
                0x0000000020004ab0        0x4 Middlewares/Third_Party/FreeRTOS/Source/portable/MemMang/heap_4.o
 *(COMMON)
 COMMON         0x0000000020004ab4      0x288 Core/Src/main.o
                0x0000000020004ab4                defaultTaskHandle
                0x0000000020004ab8                myTask05Handle
                0x0000000020004abc                myTask04Handle
                0x0000000020004ac0                hltdc
                0x0000000020004b68                hdcmi
                0x0000000020004bb8                huart1
                0x0000000020004c3c                myTask02Handle
                0x0000000020004c40                myTask03Handle
                0x0000000020004c44                hdma2d
                0x0000000020004c84                hsai_BlockA1
                0x0000000020004d08                hsdram1
 COMMON         0x0000000020004d3c       0x4c Core/Src/stm32f7xx_hal_timebase_tim.o
                0x0000000020004d3c                htim1
 COMMON         0x0000000020004d88       0xa8 Drivers/BSP/STM32746G-Discovery/stm32746g_discovery_lcd.o
                0x0000000020004d88                hLtdcHandler
 COMMON         0x0000000020004e30       0x34 Drivers/BSP/STM32746G-Discovery/stm32746g_discovery_sdram.o
                0x0000000020004e30                sdramHandle
 COMMON         0x0000000020004e64        0x4 Drivers/STM32F7xx_HAL_Driver/Src/stm32f7xx_hal.o
                0x0000000020004e64                uwTick
 COMMON         0x0000000020004e68       0x40 Middlewares/Third_Party/FreeRTOS/Source/queue.o
                0x0000000020004e68                xQueueRegistry
                0x0000000020004ea8                . = ALIGN (0x4)
                0x0000000020004ea8                _ebss = .
                0x0000000020004ea8                __bss_end__ = _ebss

._user_heap_stack
                0x0000000020004ea8     0x6000 load address 0x000000000800a4d4
                0x0000000020004ea8                . = ALIGN (0x8)
                [!provide]                        PROVIDE (end = .)
                0x0000000020004ea8                PROVIDE (_end = .)
                0x0000000020006ea8                . = (. + _Min_Heap_Size)
 *fill*         0x0000000020004ea8     0x2000 
                0x000000002000aea8                . = (. + _Min_Stack_Size)
 *fill*         0x0000000020006ea8     0x4000 
                0x000000002000aea8                . = ALIGN (0x8)

/DISCARD/
 libc.a(*)
 libm.a(*)
 libgcc.a(*)

.ARM.attributes
                0x0000000000000000       0x30
 *(.ARM.attributes)
 .ARM.attributes
                0x0000000000000000       0x1e f:/st/stm32cubeide_1.3.0/stm32cubeide/plugins/com.st.stm32cube.ide.mcu.externaltools.gnu-tools-for-stm32.9-2020-q2-update.win32_1.5.0.202011040924/tools/bin/../lib/gcc/arm-none-eabi/9.3.1/thumb/v7e-m+fp/hard/crti.o
 .ARM.attributes
                0x000000000000001e       0x34 f:/st/stm32cubeide_1.3.0/stm32cubeide/plugins/com.st.stm32cube.ide.mcu.externaltools.gnu-tools-for-stm32.9-2020-q2-update.win32_1.5.0.202011040924/tools/bin/../lib/gcc/arm-none-eabi/9.3.1/thumb/v7e-m+fp/hard/crtbegin.o
 .ARM.attributes
                0x0000000000000052       0x34 Core/Src/main.o
 .ARM.attributes
                0x0000000000000086       0x34 Core/Src/stm32f7xx_hal_msp.o
 .ARM.attributes
                0x00000000000000ba       0x34 Core/Src/stm32f7xx_hal_timebase_tim.o
 .ARM.attributes
                0x00000000000000ee       0x34 Core/Src/stm32f7xx_it.o
 .ARM.attributes
                0x0000000000000122       0x34 Core/Src/system_stm32f7xx.o
 .ARM.attributes
                0x0000000000000156       0x21 Core/Startup/startup_stm32f746nghx.o
 .ARM.attributes
                0x0000000000000177       0x34 Drivers/BSP/STM32746G-Discovery/stm32746g_discovery_lcd.o
 .ARM.attributes
                0x00000000000001ab       0x34 Drivers/BSP/STM32746G-Discovery/stm32746g_discovery_sdram.o
 .ARM.attributes
                0x00000000000001df       0x34 Drivers/STM32F7xx_HAL_Driver/Src/stm32f7xx_hal.o
 .ARM.attributes
                0x0000000000000213       0x34 Drivers/STM32F7xx_HAL_Driver/Src/stm32f7xx_hal_cortex.o
 .ARM.attributes
                0x0000000000000247       0x34 Drivers/STM32F7xx_HAL_Driver/Src/stm32f7xx_hal_dcmi.o
 .ARM.attributes
                0x000000000000027b       0x34 Drivers/STM32F7xx_HAL_Driver/Src/stm32f7xx_hal_dma.o
 .ARM.attributes
                0x00000000000002af       0x34 Drivers/STM32F7xx_HAL_Driver/Src/stm32f7xx_hal_dma2d.o
 .ARM.attributes
                0x00000000000002e3       0x34 Drivers/STM32F7xx_HAL_Driver/Src/stm32f7xx_hal_gpio.o
 .ARM.attributes
                0x0000000000000317       0x34 Drivers/STM32F7xx_HAL_Driver/Src/stm32f7xx_hal_ltdc.o
 .ARM.attributes
                0x000000000000034b       0x34 Drivers/STM32F7xx_HAL_Driver/Src/stm32f7xx_hal_pwr_ex.o
 .ARM.attributes
                0x000000000000037f       0x34 Drivers/STM32F7xx_HAL_Driver/Src/stm32f7xx_hal_rcc.o
 .ARM.attributes
                0x00000000000003b3       0x34 Drivers/STM32F7xx_HAL_Driver/Src/stm32f7xx_hal_rcc_ex.o
 .ARM.attributes
                0x00000000000003e7       0x34 Drivers/STM32F7xx_HAL_Driver/Src/stm32f7xx_hal_sai.o
 .ARM.attributes
                0x000000000000041b       0x34 Drivers/STM32F7xx_HAL_Driver/Src/stm32f7xx_hal_sdram.o
 .ARM.attributes
                0x000000000000044f       0x34 Drivers/STM32F7xx_HAL_Driver/Src/stm32f7xx_hal_tim.o
 .ARM.attributes
                0x0000000000000483       0x34 Drivers/STM32F7xx_HAL_Driver/Src/stm32f7xx_hal_tim_ex.o
 .ARM.attributes
                0x00000000000004b7       0x34 Drivers/STM32F7xx_HAL_Driver/Src/stm32f7xx_hal_uart.o
 .ARM.attributes
                0x00000000000004eb       0x34 Drivers/STM32F7xx_HAL_Driver/Src/stm32f7xx_ll_fmc.o
 .ARM.attributes
                0x000000000000051f       0x34 Middlewares/Third_Party/FreeRTOS/Source/CMSIS_RTOS_V2/cmsis_os2.o
 .ARM.attributes
                0x0000000000000553       0x34 Middlewares/Third_Party/FreeRTOS/Source/list.o
 .ARM.attributes
                0x0000000000000587       0x34 Middlewares/Third_Party/FreeRTOS/Source/queue.o
 .ARM.attributes
                0x00000000000005bb       0x34 Middlewares/Third_Party/FreeRTOS/Source/tasks.o
 .ARM.attributes
                0x00000000000005ef       0x34 Middlewares/Third_Party/FreeRTOS/Source/timers.o
 .ARM.attributes
                0x0000000000000623       0x34 Middlewares/Third_Party/FreeRTOS/Source/portable/GCC/ARM_CM7/r0p1/port.o
 .ARM.attributes
                0x0000000000000657       0x34 Middlewares/Third_Party/FreeRTOS/Source/portable/MemMang/heap_4.o
 .ARM.attributes
                0x000000000000068b       0x34 f:/st/stm32cubeide_1.3.0/stm32cubeide/plugins/com.st.stm32cube.ide.mcu.externaltools.gnu-tools-for-stm32.9-2020-q2-update.win32_1.5.0.202011040924/tools/bin/../lib/gcc/arm-none-eabi/9.3.1/../../../../arm-none-eabi/lib/thumb/v7e-m+fp/hard\libc_nano.a(lib_a-init.o)
 .ARM.attributes
                0x00000000000006bf       0x34 f:/st/stm32cubeide_1.3.0/stm32cubeide/plugins/com.st.stm32cube.ide.mcu.externaltools.gnu-tools-for-stm32.9-2020-q2-update.win32_1.5.0.202011040924/tools/bin/../lib/gcc/arm-none-eabi/9.3.1/../../../../arm-none-eabi/lib/thumb/v7e-m+fp/hard\libc_nano.a(lib_a-memcpy-stub.o)
 .ARM.attributes
                0x00000000000006f3       0x34 f:/st/stm32cubeide_1.3.0/stm32cubeide/plugins/com.st.stm32cube.ide.mcu.externaltools.gnu-tools-for-stm32.9-2020-q2-update.win32_1.5.0.202011040924/tools/bin/../lib/gcc/arm-none-eabi/9.3.1/../../../../arm-none-eabi/lib/thumb/v7e-m+fp/hard\libc_nano.a(lib_a-memset.o)
 .ARM.attributes
                0x0000000000000727       0x1e f:/st/stm32cubeide_1.3.0/stm32cubeide/plugins/com.st.stm32cube.ide.mcu.externaltools.gnu-tools-for-stm32.9-2020-q2-update.win32_1.5.0.202011040924/tools/bin/../lib/gcc/arm-none-eabi/9.3.1/thumb/v7e-m+fp/hard\libgcc.a(_aeabi_uldivmod.o)
 .ARM.attributes
                0x0000000000000745       0x34 f:/st/stm32cubeide_1.3.0/stm32cubeide/plugins/com.st.stm32cube.ide.mcu.externaltools.gnu-tools-for-stm32.9-2020-q2-update.win32_1.5.0.202011040924/tools/bin/../lib/gcc/arm-none-eabi/9.3.1/thumb/v7e-m+fp/hard\libgcc.a(_udivmoddi4.o)
 .ARM.attributes
                0x0000000000000779       0x1e f:/st/stm32cubeide_1.3.0/stm32cubeide/plugins/com.st.stm32cube.ide.mcu.externaltools.gnu-tools-for-stm32.9-2020-q2-update.win32_1.5.0.202011040924/tools/bin/../lib/gcc/arm-none-eabi/9.3.1/thumb/v7e-m+fp/hard\libgcc.a(_dvmd_tls.o)
 .ARM.attributes
                0x0000000000000797       0x1e f:/st/stm32cubeide_1.3.0/stm32cubeide/plugins/com.st.stm32cube.ide.mcu.externaltools.gnu-tools-for-stm32.9-2020-q2-update.win32_1.5.0.202011040924/tools/bin/../lib/gcc/arm-none-eabi/9.3.1/thumb/v7e-m+fp/hard/crtn.o
OUTPUT(DiscoTest.elf elf32-littlearm)
LOAD linker stubs
LOAD f:/st/stm32cubeide_1.3.0/stm32cubeide/plugins/com.st.stm32cube.ide.mcu.externaltools.gnu-tools-for-stm32.9-2020-q2-update.win32_1.5.0.202011040924/tools/bin/../lib/gcc/arm-none-eabi/9.3.1/../../../../arm-none-eabi/lib/thumb/v7e-m+fp/hard\libc.a
LOAD f:/st/stm32cubeide_1.3.0/stm32cubeide/plugins/com.st.stm32cube.ide.mcu.externaltools.gnu-tools-for-stm32.9-2020-q2-update.win32_1.5.0.202011040924/tools/bin/../lib/gcc/arm-none-eabi/9.3.1/../../../../arm-none-eabi/lib/thumb/v7e-m+fp/hard\libm.a
LOAD f:/st/stm32cubeide_1.3.0/stm32cubeide/plugins/com.st.stm32cube.ide.mcu.externaltools.gnu-tools-for-stm32.9-2020-q2-update.win32_1.5.0.202011040924/tools/bin/../lib/gcc/arm-none-eabi/9.3.1/thumb/v7e-m+fp/hard\libgcc.a

.debug_info     0x0000000000000000    0x2841c
 .debug_info    0x0000000000000000     0x3713 Core/Src/main.o
 .debug_info    0x0000000000003713     0x2c60 Core/Src/stm32f7xx_hal_msp.o
 .debug_info    0x0000000000006373      0xd41 Core/Src/stm32f7xx_hal_timebase_tim.o
 .debug_info    0x00000000000070b4     0x1464 Core/Src/stm32f7xx_it.o
 .debug_info    0x0000000000008518      0x7ad Core/Src/system_stm32f7xx.o
 .debug_info    0x0000000000008cc5       0x22 Core/Startup/startup_stm32f746nghx.o
 .debug_info    0x0000000000008ce7     0x2492 Drivers/BSP/STM32746G-Discovery/stm32746g_discovery_lcd.o
 .debug_info    0x000000000000b179      0xfe8 Drivers/BSP/STM32746G-Discovery/stm32746g_discovery_sdram.o
 .debug_info    0x000000000000c161      0xa42 Drivers/STM32F7xx_HAL_Driver/Src/stm32f7xx_hal.o
 .debug_info    0x000000000000cba3     0x1116 Drivers/STM32F7xx_HAL_Driver/Src/stm32f7xx_hal_cortex.o
 .debug_info    0x000000000000dcb9      0xbb0 Drivers/STM32F7xx_HAL_Driver/Src/stm32f7xx_hal_dcmi.o
 .debug_info    0x000000000000e869      0x9f1 Drivers/STM32F7xx_HAL_Driver/Src/stm32f7xx_hal_dma.o
 .debug_info    0x000000000000f25a     0x1067 Drivers/STM32F7xx_HAL_Driver/Src/stm32f7xx_hal_dma2d.o
 .debug_info    0x00000000000102c1      0x868 Drivers/STM32F7xx_HAL_Driver/Src/stm32f7xx_hal_gpio.o
 .debug_info    0x0000000000010b29     0x1205 Drivers/STM32F7xx_HAL_Driver/Src/stm32f7xx_hal_ltdc.o
 .debug_info    0x0000000000011d2e      0x9f6 Drivers/STM32F7xx_HAL_Driver/Src/stm32f7xx_hal_pwr_ex.o
 .debug_info    0x0000000000012724      0x9cc Drivers/STM32F7xx_HAL_Driver/Src/stm32f7xx_hal_rcc.o
 .debug_info    0x00000000000130f0      0x82c Drivers/STM32F7xx_HAL_Driver/Src/stm32f7xx_hal_rcc_ex.o
 .debug_info    0x000000000001391c     0x1266 Drivers/STM32F7xx_HAL_Driver/Src/stm32f7xx_hal_sai.o
 .debug_info    0x0000000000014b82      0xd5f Drivers/STM32F7xx_HAL_Driver/Src/stm32f7xx_hal_sdram.o
 .debug_info    0x00000000000158e1     0x2bad Drivers/STM32F7xx_HAL_Driver/Src/stm32f7xx_hal_tim.o
 .debug_info    0x000000000001848e     0x1608 Drivers/STM32F7xx_HAL_Driver/Src/stm32f7xx_hal_tim_ex.o
 .debug_info    0x0000000000019a96     0x194c Drivers/STM32F7xx_HAL_Driver/Src/stm32f7xx_hal_uart.o
 .debug_info    0x000000000001b3e2      0xd81 Drivers/STM32F7xx_HAL_Driver/Src/stm32f7xx_ll_fmc.o
 .debug_info    0x000000000001c163     0x3ccb Middlewares/Third_Party/FreeRTOS/Source/CMSIS_RTOS_V2/cmsis_os2.o
 .debug_info    0x000000000001fe2e      0xb82 Middlewares/Third_Party/FreeRTOS/Source/list.o
 .debug_info    0x00000000000209b0     0x239e Middlewares/Third_Party/FreeRTOS/Source/queue.o
 .debug_info    0x0000000000022d4e     0x2a14 Middlewares/Third_Party/FreeRTOS/Source/tasks.o
 .debug_info    0x0000000000025762     0x1b8f Middlewares/Third_Party/FreeRTOS/Source/timers.o
 .debug_info    0x00000000000272f1      0x4b4 Middlewares/Third_Party/FreeRTOS/Source/portable/GCC/ARM_CM7/r0p1/port.o
 .debug_info    0x00000000000277a5      0xc77 Middlewares/Third_Party/FreeRTOS/Source/portable/MemMang/heap_4.o

.debug_abbrev   0x0000000000000000     0x48bc
 .debug_abbrev  0x0000000000000000      0x33a Core/Src/main.o
 .debug_abbrev  0x000000000000033a      0x2cd Core/Src/stm32f7xx_hal_msp.o
 .debug_abbrev  0x0000000000000607      0x1bf Core/Src/stm32f7xx_hal_timebase_tim.o
 .debug_abbrev  0x00000000000007c6      0x1f3 Core/Src/stm32f7xx_it.o
 .debug_abbrev  0x00000000000009b9      0x165 Core/Src/system_stm32f7xx.o
 .debug_abbrev  0x0000000000000b1e       0x12 Core/Startup/startup_stm32f746nghx.o
 .debug_abbrev  0x0000000000000b30      0x2d2 Drivers/BSP/STM32746G-Discovery/stm32746g_discovery_lcd.o
 .debug_abbrev  0x0000000000000e02      0x244 Drivers/BSP/STM32746G-Discovery/stm32746g_discovery_sdram.o
 .debug_abbrev  0x0000000000001046      0x1ed Drivers/STM32F7xx_HAL_Driver/Src/stm32f7xx_hal.o
 .debug_abbrev  0x0000000000001233      0x33c Drivers/STM32F7xx_HAL_Driver/Src/stm32f7xx_hal_cortex.o
 .debug_abbrev  0x000000000000156f      0x22e Drivers/STM32F7xx_HAL_Driver/Src/stm32f7xx_hal_dcmi.o
 .debug_abbrev  0x000000000000179d      0x259 Drivers/STM32F7xx_HAL_Driver/Src/stm32f7xx_hal_dma.o
 .debug_abbrev  0x00000000000019f6      0x23f Drivers/STM32F7xx_HAL_Driver/Src/stm32f7xx_hal_dma2d.o
 .debug_abbrev  0x0000000000001c35      0x1f1 Drivers/STM32F7xx_HAL_Driver/Src/stm32f7xx_hal_gpio.o
 .debug_abbrev  0x0000000000001e26      0x239 Drivers/STM32F7xx_HAL_Driver/Src/stm32f7xx_hal_ltdc.o
 .debug_abbrev  0x000000000000205f      0x1dc Drivers/STM32F7xx_HAL_Driver/Src/stm32f7xx_hal_pwr_ex.o
 .debug_abbrev  0x000000000000223b      0x246 Drivers/STM32F7xx_HAL_Driver/Src/stm32f7xx_hal_rcc.o
 .debug_abbrev  0x0000000000002481      0x1d1 Drivers/STM32F7xx_HAL_Driver/Src/stm32f7xx_hal_rcc_ex.o
 .debug_abbrev  0x0000000000002652      0x262 Drivers/STM32F7xx_HAL_Driver/Src/stm32f7xx_hal_sai.o
 .debug_abbrev  0x00000000000028b4      0x221 Drivers/STM32F7xx_HAL_Driver/Src/stm32f7xx_hal_sdram.o
 .debug_abbrev  0x0000000000002ad5      0x25e Drivers/STM32F7xx_HAL_Driver/Src/stm32f7xx_hal_tim.o
 .debug_abbrev  0x0000000000002d33      0x266 Drivers/STM32F7xx_HAL_Driver/Src/stm32f7xx_hal_tim_ex.o
 .debug_abbrev  0x0000000000002f99      0x23f Drivers/STM32F7xx_HAL_Driver/Src/stm32f7xx_hal_uart.o
 .debug_abbrev  0x00000000000031d8      0x18e Drivers/STM32F7xx_HAL_Driver/Src/stm32f7xx_ll_fmc.o
 .debug_abbrev  0x0000000000003366      0x414 Middlewares/Third_Party/FreeRTOS/Source/CMSIS_RTOS_V2/cmsis_os2.o
 .debug_abbrev  0x000000000000377a      0x1f7 Middlewares/Third_Party/FreeRTOS/Source/list.o
 .debug_abbrev  0x0000000000003971      0x380 Middlewares/Third_Party/FreeRTOS/Source/queue.o
 .debug_abbrev  0x0000000000003cf1      0x39a Middlewares/Third_Party/FreeRTOS/Source/tasks.o
 .debug_abbrev  0x000000000000408b      0x317 Middlewares/Third_Party/FreeRTOS/Source/timers.o
 .debug_abbrev  0x00000000000043a2      0x247 Middlewares/Third_Party/FreeRTOS/Source/portable/GCC/ARM_CM7/r0p1/port.o
 .debug_abbrev  0x00000000000045e9      0x2d3 Middlewares/Third_Party/FreeRTOS/Source/portable/MemMang/heap_4.o

.debug_aranges  0x0000000000000000     0x1dd0
 .debug_aranges
                0x0000000000000000       0xa8 Core/Src/main.o
 .debug_aranges
                0x00000000000000a8       0x90 Core/Src/stm32f7xx_hal_msp.o
 .debug_aranges
                0x0000000000000138       0x30 Core/Src/stm32f7xx_hal_timebase_tim.o
 .debug_aranges
                0x0000000000000168       0x50 Core/Src/stm32f7xx_it.o
 .debug_aranges
                0x00000000000001b8       0x28 Core/Src/system_stm32f7xx.o
 .debug_aranges
                0x00000000000001e0       0x28 Core/Startup/startup_stm32f746nghx.o
 .debug_aranges
                0x0000000000000208      0x1d8 Drivers/BSP/STM32746G-Discovery/stm32746g_discovery_lcd.o
 .debug_aranges
                0x00000000000003e0       0x68 Drivers/BSP/STM32746G-Discovery/stm32746g_discovery_sdram.o
 .debug_aranges
                0x0000000000000448      0x100 Drivers/STM32F7xx_HAL_Driver/Src/stm32f7xx_hal.o
 .debug_aranges
                0x0000000000000548      0x118 Drivers/STM32F7xx_HAL_Driver/Src/stm32f7xx_hal_cortex.o
 .debug_aranges
                0x0000000000000660       0xc0 Drivers/STM32F7xx_HAL_Driver/Src/stm32f7xx_hal_dcmi.o
 .debug_aranges
                0x0000000000000720       0x90 Drivers/STM32F7xx_HAL_Driver/Src/stm32f7xx_hal_dma.o
 .debug_aranges
                0x00000000000007b0      0x118 Drivers/STM32F7xx_HAL_Driver/Src/stm32f7xx_hal_dma2d.o
 .debug_aranges
                0x00000000000008c8       0x58 Drivers/STM32F7xx_HAL_Driver/Src/stm32f7xx_hal_gpio.o
 .debug_aranges
                0x0000000000000920      0x158 Drivers/STM32F7xx_HAL_Driver/Src/stm32f7xx_hal_ltdc.o
 .debug_aranges
                0x0000000000000a78       0x80 Drivers/STM32F7xx_HAL_Driver/Src/stm32f7xx_hal_pwr_ex.o
 .debug_aranges
                0x0000000000000af8       0x88 Drivers/STM32F7xx_HAL_Driver/Src/stm32f7xx_hal_rcc.o
 .debug_aranges
                0x0000000000000b80       0x50 Drivers/STM32F7xx_HAL_Driver/Src/stm32f7xx_hal_rcc_ex.o
 .debug_aranges
                0x0000000000000bd0      0x178 Drivers/STM32F7xx_HAL_Driver/Src/stm32f7xx_hal_sai.o
 .debug_aranges
                0x0000000000000d48       0xd0 Drivers/STM32F7xx_HAL_Driver/Src/stm32f7xx_hal_sdram.o
 .debug_aranges
                0x0000000000000e18      0x3e0 Drivers/STM32F7xx_HAL_Driver/Src/stm32f7xx_hal_tim.o
 .debug_aranges
                0x00000000000011f8      0x178 Drivers/STM32F7xx_HAL_Driver/Src/stm32f7xx_hal_tim_ex.o
 .debug_aranges
                0x0000000000001370      0x228 Drivers/STM32F7xx_HAL_Driver/Src/stm32f7xx_hal_uart.o
 .debug_aranges
                0x0000000000001598       0xc8 Drivers/STM32F7xx_HAL_Driver/Src/stm32f7xx_ll_fmc.o
 .debug_aranges
                0x0000000000001660      0x228 Middlewares/Third_Party/FreeRTOS/Source/CMSIS_RTOS_V2/cmsis_os2.o
 .debug_aranges
                0x0000000000001888       0x40 Middlewares/Third_Party/FreeRTOS/Source/list.o
 .debug_aranges
                0x00000000000018c8      0x158 Middlewares/Third_Party/FreeRTOS/Source/queue.o
 .debug_aranges
                0x0000000000001a20      0x1f8 Middlewares/Third_Party/FreeRTOS/Source/tasks.o
 .debug_aranges
                0x0000000000001c18       0xe8 Middlewares/Third_Party/FreeRTOS/Source/timers.o
 .debug_aranges
                0x0000000000001d00       0x80 Middlewares/Third_Party/FreeRTOS/Source/portable/GCC/ARM_CM7/r0p1/port.o
 .debug_aranges
                0x0000000000001d80       0x50 Middlewares/Third_Party/FreeRTOS/Source/portable/MemMang/heap_4.o

.debug_ranges   0x0000000000000000     0x1c30
 .debug_ranges  0x0000000000000000       0x98 Core/Src/main.o
 .debug_ranges  0x0000000000000098       0x80 Core/Src/stm32f7xx_hal_msp.o
 .debug_ranges  0x0000000000000118       0x20 Core/Src/stm32f7xx_hal_timebase_tim.o
 .debug_ranges  0x0000000000000138       0x40 Core/Src/stm32f7xx_it.o
 .debug_ranges  0x0000000000000178       0x18 Core/Src/system_stm32f7xx.o
 .debug_ranges  0x0000000000000190       0x20 Core/Startup/startup_stm32f746nghx.o
 .debug_ranges  0x00000000000001b0      0x1c8 Drivers/BSP/STM32746G-Discovery/stm32746g_discovery_lcd.o
 .debug_ranges  0x0000000000000378       0x58 Drivers/BSP/STM32746G-Discovery/stm32746g_discovery_sdram.o
 .debug_ranges  0x00000000000003d0       0xf0 Drivers/STM32F7xx_HAL_Driver/Src/stm32f7xx_hal.o
 .debug_ranges  0x00000000000004c0      0x108 Drivers/STM32F7xx_HAL_Driver/Src/stm32f7xx_hal_cortex.o
 .debug_ranges  0x00000000000005c8       0xb0 Drivers/STM32F7xx_HAL_Driver/Src/stm32f7xx_hal_dcmi.o
 .debug_ranges  0x0000000000000678       0x80 Drivers/STM32F7xx_HAL_Driver/Src/stm32f7xx_hal_dma.o
 .debug_ranges  0x00000000000006f8      0x108 Drivers/STM32F7xx_HAL_Driver/Src/stm32f7xx_hal_dma2d.o
 .debug_ranges  0x0000000000000800       0x48 Drivers/STM32F7xx_HAL_Driver/Src/stm32f7xx_hal_gpio.o
 .debug_ranges  0x0000000000000848      0x148 Drivers/STM32F7xx_HAL_Driver/Src/stm32f7xx_hal_ltdc.o
 .debug_ranges  0x0000000000000990       0x70 Drivers/STM32F7xx_HAL_Driver/Src/stm32f7xx_hal_pwr_ex.o
 .debug_ranges  0x0000000000000a00       0x78 Drivers/STM32F7xx_HAL_Driver/Src/stm32f7xx_hal_rcc.o
 .debug_ranges  0x0000000000000a78       0x40 Drivers/STM32F7xx_HAL_Driver/Src/stm32f7xx_hal_rcc_ex.o
 .debug_ranges  0x0000000000000ab8      0x180 Drivers/STM32F7xx_HAL_Driver/Src/stm32f7xx_hal_sai.o
 .debug_ranges  0x0000000000000c38       0xc0 Drivers/STM32F7xx_HAL_Driver/Src/stm32f7xx_hal_sdram.o
 .debug_ranges  0x0000000000000cf8      0x3d0 Drivers/STM32F7xx_HAL_Driver/Src/stm32f7xx_hal_tim.o
 .debug_ranges  0x00000000000010c8      0x168 Drivers/STM32F7xx_HAL_Driver/Src/stm32f7xx_hal_tim_ex.o
 .debug_ranges  0x0000000000001230      0x248 Drivers/STM32F7xx_HAL_Driver/Src/stm32f7xx_hal_uart.o
 .debug_ranges  0x0000000000001478       0xb8 Drivers/STM32F7xx_HAL_Driver/Src/stm32f7xx_ll_fmc.o
 .debug_ranges  0x0000000000001530      0x218 Middlewares/Third_Party/FreeRTOS/Source/CMSIS_RTOS_V2/cmsis_os2.o
 .debug_ranges  0x0000000000001748       0x30 Middlewares/Third_Party/FreeRTOS/Source/list.o
 .debug_ranges  0x0000000000001778      0x148 Middlewares/Third_Party/FreeRTOS/Source/queue.o
 .debug_ranges  0x00000000000018c0      0x1e8 Middlewares/Third_Party/FreeRTOS/Source/tasks.o
 .debug_ranges  0x0000000000001aa8       0xd8 Middlewares/Third_Party/FreeRTOS/Source/timers.o
 .debug_ranges  0x0000000000001b80       0x70 Middlewares/Third_Party/FreeRTOS/Source/portable/GCC/ARM_CM7/r0p1/port.o
 .debug_ranges  0x0000000000001bf0       0x40 Middlewares/Third_Party/FreeRTOS/Source/portable/MemMang/heap_4.o

.debug_macro    0x0000000000000000     0x50b7
 .debug_macro   0x0000000000000000      0x51e Core/Src/main.o
 .debug_macro   0x000000000000051e      0x137 Core/Src/main.o
 .debug_macro   0x0000000000000655       0x66 Core/Src/main.o
 .debug_macro   0x00000000000006bb       0x74 Core/Src/main.o
 .debug_macro   0x000000000000072f       0xdd Core/Src/main.o
 .debug_macro   0x000000000000080c       0x16 Core/Src/main.o
 .debug_macro   0x0000000000000822       0x16 Core/Src/main.o
 .debug_macro   0x0000000000000838       0x29 Core/Src/main.o
 .debug_macro   0x0000000000000861      0x454 Core/Src/stm32f7xx_hal_msp.o
 .debug_macro   0x0000000000000cb5      0x236 Core/Src/stm32f7xx_hal_timebase_tim.o
 .debug_macro   0x0000000000000eeb      0x45e Core/Src/stm32f7xx_it.o
 .debug_macro   0x0000000000001349      0x236 Core/Src/system_stm32f7xx.o
 .debug_macro   0x000000000000157f      0x299 Drivers/BSP/STM32746G-Discovery/stm32746g_discovery_lcd.o
 .debug_macro   0x0000000000001818       0x9a Drivers/BSP/STM32746G-Discovery/stm32746g_discovery_lcd.o
 .debug_macro   0x00000000000018b2      0x245 Drivers/BSP/STM32746G-Discovery/stm32746g_discovery_sdram.o
 .debug_macro   0x0000000000001af7      0x25a Drivers/STM32F7xx_HAL_Driver/Src/stm32f7xx_hal.o
 .debug_macro   0x0000000000001d51      0x236 Drivers/STM32F7xx_HAL_Driver/Src/stm32f7xx_hal_cortex.o
 .debug_macro   0x0000000000001f87      0x23d Drivers/STM32F7xx_HAL_Driver/Src/stm32f7xx_hal_dcmi.o
 .debug_macro   0x00000000000021c4      0x23c Drivers/STM32F7xx_HAL_Driver/Src/stm32f7xx_hal_dma.o
 .debug_macro   0x0000000000002400      0x245 Drivers/STM32F7xx_HAL_Driver/Src/stm32f7xx_hal_dma2d.o
 .debug_macro   0x0000000000002645      0x26c Drivers/STM32F7xx_HAL_Driver/Src/stm32f7xx_hal_gpio.o
 .debug_macro   0x00000000000028b1      0x237 Drivers/STM32F7xx_HAL_Driver/Src/stm32f7xx_hal_ltdc.o
 .debug_macro   0x0000000000002ae8      0x24e Drivers/STM32F7xx_HAL_Driver/Src/stm32f7xx_hal_pwr_ex.o
 .debug_macro   0x0000000000002d36      0x25a Drivers/STM32F7xx_HAL_Driver/Src/stm32f7xx_hal_rcc.o
 .debug_macro   0x0000000000002f90      0x236 Drivers/STM32F7xx_HAL_Driver/Src/stm32f7xx_hal_rcc_ex.o
 .debug_macro   0x00000000000031c6      0x245 Drivers/STM32F7xx_HAL_Driver/Src/stm32f7xx_hal_sai.o
 .debug_macro   0x000000000000340b      0x236 Drivers/STM32F7xx_HAL_Driver/Src/stm32f7xx_hal_sdram.o
 .debug_macro   0x0000000000003641      0x237 Drivers/STM32F7xx_HAL_Driver/Src/stm32f7xx_hal_tim.o
 .debug_macro   0x0000000000003878      0x236 Drivers/STM32F7xx_HAL_Driver/Src/stm32f7xx_hal_tim_ex.o
 .debug_macro   0x0000000000003aae      0x253 Drivers/STM32F7xx_HAL_Driver/Src/stm32f7xx_hal_uart.o
 .debug_macro   0x0000000000003d01      0x236 Drivers/STM32F7xx_HAL_Driver/Src/stm32f7xx_ll_fmc.o
 .debug_macro   0x0000000000003f37      0x247 Middlewares/Third_Party/FreeRTOS/Source/CMSIS_RTOS_V2/cmsis_os2.o
 .debug_macro   0x000000000000417e       0x10 Middlewares/Third_Party/FreeRTOS/Source/CMSIS_RTOS_V2/cmsis_os2.o
 .debug_macro   0x000000000000418e       0x20 Middlewares/Third_Party/FreeRTOS/Source/CMSIS_RTOS_V2/cmsis_os2.o
 .debug_macro   0x00000000000041ae       0x10 Middlewares/Third_Party/FreeRTOS/Source/CMSIS_RTOS_V2/cmsis_os2.o
 .debug_macro   0x00000000000041be       0xd3 Middlewares/Third_Party/FreeRTOS/Source/CMSIS_RTOS_V2/cmsis_os2.o
 .debug_macro   0x0000000000004291       0x91 Middlewares/Third_Party/FreeRTOS/Source/CMSIS_RTOS_V2/cmsis_os2.o
 .debug_macro   0x0000000000004322       0x8d Middlewares/Third_Party/FreeRTOS/Source/CMSIS_RTOS_V2/cmsis_os2.o
 .debug_macro   0x00000000000043af       0x9a Middlewares/Third_Party/FreeRTOS/Source/CMSIS_RTOS_V2/cmsis_os2.o
 .debug_macro   0x0000000000004449      0x187 Middlewares/Third_Party/FreeRTOS/Source/list.o
 .debug_macro   0x00000000000045d0      0x216 Middlewares/Third_Party/FreeRTOS/Source/queue.o
 .debug_macro   0x00000000000047e6       0x16 Middlewares/Third_Party/FreeRTOS/Source/queue.o
 .debug_macro   0x00000000000047fc       0x87 Middlewares/Third_Party/FreeRTOS/Source/queue.o
 .debug_macro   0x0000000000004883      0x27f Middlewares/Third_Party/FreeRTOS/Source/tasks.o
 .debug_macro   0x0000000000004b02       0x10 Middlewares/Third_Party/FreeRTOS/Source/tasks.o
 .debug_macro   0x0000000000004b12      0x1dc Middlewares/Third_Party/FreeRTOS/Source/timers.o
 .debug_macro   0x0000000000004cee       0x97 Middlewares/Third_Party/FreeRTOS/Source/timers.o
 .debug_macro   0x0000000000004d85      0x184 Middlewares/Third_Party/FreeRTOS/Source/portable/GCC/ARM_CM7/r0p1/port.o
 .debug_macro   0x0000000000004f09      0x1ae Middlewares/Third_Party/FreeRTOS/Source/portable/MemMang/heap_4.o

.debug_line     0x0000000000000000    0x21ceb
 .debug_line    0x0000000000000000     0x12bd Core/Src/main.o
 .debug_line    0x00000000000012bd      0xfcc Core/Src/stm32f7xx_hal_msp.o
 .debug_line    0x0000000000002289      0x7fb Core/Src/stm32f7xx_hal_timebase_tim.o