core_cm7.h:2229:22:SCB_EnableICache	4	static,ignoring_inline_asm
core_cm7.h:2281:22:SCB_EnableDCache	24	static,ignoring_inline_asm
main.c:136:5:main	8	static
main.c:245:6:SystemClock_Config	216	static
main.c:309:13:MX_DCMI_Init	8	static
main.c:346:13:MX_I2C1_Init	8	static
main.c:392:13:MX_I2C3_Init	8	static
main.c:438:13:MX_SPI1_Init	8	static
main.c:478:13:MX_SPI2_Init	8	static
main.c:518:13:MX_SPI3_Init	8	static
main.c:558:13:MX_TIM2_Init	40	static
main.c:603:13:MX_USART1_UART_Init	8	static
main.c:638:13:MX_USART2_UART_Init	8	static
main.c:673:13:MX_USART3_UART_Init	8	static
main.c:708:13:MX_USB_OTG_FS_USB_Init	4	static
main.c:725:13:MX_FMC_Init	40	static
main.c:776:13:MX_GPIO_Init	64	static
main.c:817:6:StartDefaultTask	16	static
main.c:835:6:StartTask02	16	static
main.c:853:6:StartTask03	16	static
main.c:871:6:StartTask04	16	static
main.c:889:6:StartTask05	16	static
main.c:908:6:HAL_TIM_PeriodElapsedCallback	16	static
main.c:925:6:Error_Handler	4	static,ignoring_inline_asm
