stm32f7xx_hal_msp.c:64:6:HAL_MspInit	16	static
stm32f7xx_hal_msp.c:88:6:HAL_DCMI_MspInit	64	static
stm32f7xx_hal_msp.c:165:6:HAL_DCMI_MspDeInit	16	static
stm32f7xx_hal_msp.c:211:6:HAL_I2C_MspInit	56	static
stm32f7xx_hal_msp.c:279:6:HAL_I2C_MspDeInit	16	static
stm32f7xx_hal_msp.c:330:6:HAL_SPI_MspInit	72	static
stm32f7xx_hal_msp.c:441:6:HAL_SPI_MspDeInit	16	static
stm32f7xx_hal_msp.c:515:6:HAL_TIM_Base_MspInit	24	static
stm32f7xx_hal_msp.c:537:6:HAL_TIM_Base_MspDeInit	16	static
stm32f7xx_hal_msp.c:559:6:HAL_UART_MspInit	64	static
stm32f7xx_hal_msp.c:643:6:HAL_UART_MspDeInit	16	static
stm32f7xx_hal_msp.c:704:13:HAL_FMC_MspInit	32	static
stm32f7xx_hal_msp.c:801:6:HAL_SDRAM_MspInit	16	static
stm32f7xx_hal_msp.c:813:13:HAL_FMC_MspDeInit	8	static
stm32f7xx_hal_msp.c:883:6:HAL_SDRAM_MspDeInit	16	static
