09:59:00 **** Incremental Build of configuration Debug for project DiscoTest ****
make -j4 all 
arm-none-eabi-gcc "../Core/Src/main.c" -mcpu=cortex-m7 -std=gnu11 -g3 -DDEBUG -DUSE_HAL_DRIVER -DSTM32F746xx -c -I../Core/Inc -I../Drivers/BSP/STM32746G-Discovery -I../Drivers/STM32F7xx_HAL_Driver/Inc -I../Drivers/STM32F7xx_HAL_Driver/Inc/Legacy -I../Middlewares/Third_Party/FreeRTOS/Source/include -I../Middlewares/Third_Party/FreeRTOS/Source/CMSIS_RTOS_V2 -I../Middlewares/Third_Party/FreeRTOS/Source/portable/GCC/ARM_CM7/r0p1 -I../Drivers/CMSIS/Device/ST/STM32F7xx/Include -I../Drivers/CMSIS/Include -O0 -ffunction-sections -fdata-sections -Wall -fstack-usage -MMD -MP -MF"Core/Src/main.d" -MT"Core/Src/main.o" --specs=nano.specs -mfpu=fpv5-sp-d16 -mfloat-abi=hard -mthumb -o "Core/Src/main.o"
arm-none-eabi-gcc -o "DiscoTest.elf" @"objects.list"   -mcpu=cortex-m7 -T"F:\Projects\ZorG\Product\01 DevBoard\Firmware\Src\DiscoTest\STM32F746NGHX_FLASH.ld" --specs=nosys.specs -Wl,-Map="DiscoTest.map" -Wl,--gc-sections -static --specs=nano.specs -mfpu=fpv5-sp-d16 -mfloat-abi=hard -mthumb -Wl,--start-group -lc -lm -Wl,--end-group
Finished building target: DiscoTest.elf
 
arm-none-eabi-objdump -h -S  DiscoTest.elf  > "DiscoTest.list"
arm-none-eabi-objcopy  -O binary  DiscoTest.elf  "DiscoTest.bin"
arm-none-eabi-size   DiscoTest.elf 
   text	   data	    bss	    dec	    hex	filename
  42152	     36	  44684	  86872	  15358	DiscoTest.elf
Finished building: default.size.stdout
 
Finished building: DiscoTest.bin
 
Finished building: DiscoTest.list
 
09:59:09 **** Incremental Build of configuration Debug for project DiscoTest ****
make -j4 all 
arm-none-eabi-size   DiscoTest.elf 
   text	   data	    bss	    dec	    hex	filename
  42152	     36	  44684	  86872	  15358	DiscoTest.elf
Finished building: default.size.stdout
 
