core_cm7.h:2229:22:SCB_EnableICache	4	static,ignoring_inline_asm
core_cm7.h:2281:22:SCB_EnableDCache	24	static,ignoring_inline_asm
main.c:133:5:main	8	static
main.c:240:6:SystemClock_Config	216	static
main.c:305:13:MX_DCMI_Init	8	static
main.c:342:13:MX_DMA2D_Init	8	static
main.c:379:13:MX_LTDC_Init	64	static
main.c:441:13:MX_SAI1_Init	8	static
main.c:490:13:MX_USART1_UART_Init	8	static
main.c:521:13:MX_FMC_Init	40	static
main.c:572:13:MX_GPIO_Init	48	static
main.c:600:6:StartDefaultTask	16	static
main.c:620:6:StartTask02	16	static
main.c:638:6:StartTask03	16	static
main.c:656:6:StartTask04	16	static
main.c:674:6:StartTask05	16	static
main.c:693:6:HAL_TIM_PeriodElapsedCallback	16	static
main.c:710:6:Error_Handler	4	static,ignoring_inline_asm
