stm32f7xx_hal_msp.c:64:6:HAL_MspInit	16	static
stm32f7xx_hal_msp.c:88:6:HAL_DCMI_MspInit	64	static
stm32f7xx_hal_msp.c:165:6:HAL_DCMI_MspDeInit	16	static
stm32f7xx_hal_msp.c:211:6:HAL_DMA2D_MspInit	24	static
stm32f7xx_hal_msp.c:233:6:HAL_DMA2D_MspDeInit	16	static
stm32f7xx_hal_msp.c:255:6:HAL_LTDC_MspInit	72	static
stm32f7xx_hal_msp.c:365:6:HAL_LTDC_MspDeInit	16	static
stm32f7xx_hal_msp.c:425:6:HAL_UART_MspInit	48	static
stm32f7xx_hal_msp.c:461:6:HAL_UART_MspDeInit	16	static
stm32f7xx_hal_msp.c:486:13:HAL_FMC_MspInit	32	static
stm32f7xx_hal_msp.c:583:6:HAL_SDRAM_MspInit	16	static
stm32f7xx_hal_msp.c:595:13:HAL_FMC_MspDeInit	8	static
stm32f7xx_hal_msp.c:665:6:HAL_SDRAM_MspDeInit	16	static
stm32f7xx_hal_msp.c:677:6:HAL_SAI_MspInit	40	static
stm32f7xx_hal_msp.c:713:6:HAL_SAI_MspDeInit	16	static
